
Discarded input sections

 .text          0x0000000000000000        0x0 build/obj/crt0.o
 .data          0x0000000000000000        0x0 build/obj/crt0.o
 .bss           0x0000000000000000        0x0 build/obj/crt0.o
 .text.__early_init
                0x0000000000000000       0x10 build/obj/crt0.o
 .text          0x0000000000000000        0x0 build/obj/vectors.o
 .data          0x0000000000000000        0x0 build/obj/vectors.o
 .bss           0x0000000000000000        0x0 build/obj/vectors.o
 .text          0x0000000000000000        0x0 build/obj/chcore.o
 .data          0x0000000000000000        0x0 build/obj/chcore.o
 .bss           0x0000000000000000        0x0 build/obj/chcore.o
 .text          0x0000000000000000        0x0 build/obj/chcore_v7m.o
 .data          0x0000000000000000        0x0 build/obj/chcore_v7m.o
 .bss           0x0000000000000000        0x0 build/obj/chcore_v7m.o
 .text          0x0000000000000000        0x0 build/obj/nvic.o
 .data          0x0000000000000000        0x0 build/obj/nvic.o
 .bss           0x0000000000000000        0x0 build/obj/nvic.o
 .text.nvicDisableVector
                0x0000000000000000       0x50 build/obj/nvic.o
 .text          0x0000000000000000        0x0 build/obj/chsys.o
 .data          0x0000000000000000        0x0 build/obj/chsys.o
 .bss           0x0000000000000000        0x0 build/obj/chsys.o
 .text          0x0000000000000000        0x0 build/obj/chdebug.o
 .data          0x0000000000000000        0x0 build/obj/chdebug.o
 .bss           0x0000000000000000        0x0 build/obj/chdebug.o
 .text.dbg_check_disable
                0x0000000000000000       0x30 build/obj/chdebug.o
 .text.dbg_check_suspend
                0x0000000000000000       0x30 build/obj/chdebug.o
 .text          0x0000000000000000        0x0 build/obj/chlists.o
 .data          0x0000000000000000        0x0 build/obj/chlists.o
 .bss           0x0000000000000000        0x0 build/obj/chlists.o
 .text.lifo_remove
                0x0000000000000000       0x10 build/obj/chlists.o
 .text.list_insert
                0x0000000000000000       0x10 build/obj/chlists.o
 .text          0x0000000000000000        0x0 build/obj/chvt.o
 .data          0x0000000000000000        0x0 build/obj/chvt.o
 .bss           0x0000000000000000        0x0 build/obj/chvt.o
 .text          0x0000000000000000        0x0 build/obj/chschd.o
 .data          0x0000000000000000        0x0 build/obj/chschd.o
 .bss           0x0000000000000000        0x0 build/obj/chschd.o
 .text.chSchDoRescheduleBehind
                0x0000000000000000       0x50 build/obj/chschd.o
 .text.chSchRescheduleS
                0x0000000000000000       0x30 build/obj/chschd.o
 .text          0x0000000000000000        0x0 build/obj/chthreads.o
 .data          0x0000000000000000        0x0 build/obj/chthreads.o
 .bss           0x0000000000000000        0x0 build/obj/chthreads.o
 .text._thread_memfill
                0x0000000000000000       0x10 build/obj/chthreads.o
 .text.chThdSetPriority
                0x0000000000000000       0x50 build/obj/chthreads.o
 .text.chThdResume
                0x0000000000000000       0x40 build/obj/chthreads.o
 .text.chThdTerminate
                0x0000000000000000       0x30 build/obj/chthreads.o
 .text.chThdSleepUntil
                0x0000000000000000       0x30 build/obj/chthreads.o
 .text.chThdYield
                0x0000000000000000       0x30 build/obj/chthreads.o
 .text.chThdWait
                0x0000000000000000       0x60 build/obj/chthreads.o
 .text          0x0000000000000000        0x0 build/obj/chdynamic.o
 .data          0x0000000000000000        0x0 build/obj/chdynamic.o
 .bss           0x0000000000000000        0x0 build/obj/chdynamic.o
 .debug_info    0x0000000000000000       0x79 build/obj/chdynamic.o
 .debug_abbrev  0x0000000000000000       0x26 build/obj/chdynamic.o
 .debug_aranges
                0x0000000000000000       0x18 build/obj/chdynamic.o
 .debug_line    0x0000000000000000       0x1d build/obj/chdynamic.o
 .debug_str     0x0000000000000000      0x1a7 build/obj/chdynamic.o
 .comment       0x0000000000000000       0x1e build/obj/chdynamic.o
 .ARM.attributes
                0x0000000000000000       0x33 build/obj/chdynamic.o
 .text          0x0000000000000000        0x0 build/obj/chregistry.o
 .data          0x0000000000000000        0x0 build/obj/chregistry.o
 .bss           0x0000000000000000        0x0 build/obj/chregistry.o
 .text.chRegFirstThread
                0x0000000000000000       0x20 build/obj/chregistry.o
 .text.chRegNextThread
                0x0000000000000000       0x30 build/obj/chregistry.o
 .text          0x0000000000000000        0x0 build/obj/chsem.o
 .data          0x0000000000000000        0x0 build/obj/chsem.o
 .bss           0x0000000000000000        0x0 build/obj/chsem.o
 .text.chSemInit
                0x0000000000000000       0x30 build/obj/chsem.o
 .text.chSemResetI
                0x0000000000000000       0x70 build/obj/chsem.o
 .text.chSemReset
[...]
Memory Configuration

Name             Origin             Length             Attributes
flash            0x0000000008000000 0x0000000000100000
ram              0x0000000020000000 0x000000000001c000
ethram           0x000000002001c000 0x0000000000004000
ccmram           0x0000000010000000 0x0000000000010000
*default*        0x0000000000000000 0xffffffffffffffff

Linker script and memory map

LOAD build/obj/crt0.o
LOAD build/obj/vectors.o
LOAD build/obj/chcore.o
LOAD build/obj/chcore_v7m.o
LOAD build/obj/nvic.o
LOAD build/obj/chsys.o
LOAD build/obj/chdebug.o
LOAD build/obj/chlists.o
LOAD build/obj/chvt.o
LOAD build/obj/chschd.o
LOAD build/obj/chthreads.o
LOAD build/obj/chdynamic.o
LOAD build/obj/chregistry.o
LOAD build/obj/chsem.o
LOAD build/obj/chmtx.o
LOAD build/obj/chcond.o
LOAD build/obj/chevents.o
LOAD build/obj/chmsg.o
LOAD build/obj/chmboxes.o
LOAD build/obj/chqueues.o
LOAD build/obj/chmemcore.o
LOAD build/obj/chheap.o
LOAD build/obj/chmempools.o
LOAD build/obj/test.o
LOAD build/obj/testthd.o
LOAD build/obj/testsem.o
LOAD build/obj/testmtx.o
LOAD build/obj/testmsg.o
LOAD build/obj/testmbox.o
LOAD build/obj/testevt.o
LOAD build/obj/testheap.o
LOAD build/obj/testpools.o
LOAD build/obj/testdyn.o
LOAD build/obj/testqueues.o
LOAD build/obj/testbmk.o
LOAD build/obj/hal.o
LOAD build/obj/adc.o
LOAD build/obj/can.o
LOAD build/obj/ext.o
LOAD build/obj/gpt.o
LOAD build/obj/i2c.o
LOAD build/obj/icu.o
LOAD build/obj/mac.o
LOAD build/obj/mmc_spi.o
LOAD build/obj/mmcsd.o
LOAD build/obj/pal.o
LOAD build/obj/pwm.o
LOAD build/obj/rtc.o
LOAD build/obj/sdc.o
LOAD build/obj/serial.o
LOAD build/obj/serial_usb.o
LOAD build/obj/spi.o
LOAD build/obj/tm.o
LOAD build/obj/uart.o
LOAD build/obj/usb.o
LOAD build/obj/stm32_dma.o
LOAD build/obj/hal_lld.o
LOAD build/obj/adc_lld.o
LOAD build/obj/ext_lld_isr.o
LOAD build/obj/can_lld.o
LOAD build/obj/ext_lld.o
LOAD build/obj/mac_lld.o
LOAD build/obj/sdc_lld.o
LOAD build/obj/pal_lld.o
LOAD build/obj/i2c_lld.o
LOAD build/obj/usb_lld.o
LOAD build/obj/rtc_lld.o
LOAD build/obj/spi_lld.o
LOAD build/obj/gpt_lld.o
LOAD build/obj/icu_lld.o
LOAD build/obj/pwm_lld.o
LOAD build/obj/serial_lld.o
LOAD build/obj/uart_lld.o
LOAD build/obj/board.o
LOAD build/obj/chprintf.o
LOAD build/obj/main.o
START GROUP
LOAD /usr/lib/gcc/arm-none-eabi/4.8.2/thumb/cortex-m4/libgcc.a
LOAD /usr/lib/gcc/arm-none-eabi/4.8.2/../../../../arm-none-eabi/lib/thumb/cortex-m4/libc.a
END GROUP
                0x0000000000000400                __main_stack_size__ = 0x400
                0x0000000000000400                __process_stack_size__ = 0x400
                0x0000000020000000                __ram_start__ = ORIGIN (ram)
                0x000000000001c000                __ram_size__ = 0x1c000
                0x000000002001c000                __ram_end__ = (__ram_start__ + __ram_size__)
                0x0000000000000000                . = 0x0
                0x0000000000000000                _text = .

startup         0x0000000008000000      0x188
 *(vectors)
 vectors        0x0000000008000000      0x188 build/obj/vectors.o
                0x0000000008000000                _vectors

constructors    0x0000000008000188        0x0
                0x0000000008000188                PROVIDE (__init_array_start, .)
 *(SORT(.init_array.*))
 *(.init_array)
                0x0000000008000188                PROVIDE (__init_array_end, .)

destructors     0x0000000008000188        0x0
                0x0000000008000188                PROVIDE (__fini_array_start, .)
 *(.fini_array)
 *(SORT(.fini_array.*))
                0x0000000008000188                PROVIDE (__fini_array_end, .)

.text           0x0000000008000190     0x3a28
 *(.text.startup.*)
 .text.startup.main
                0x0000000008000190      0x1e0 build/obj/main.o
                0x0000000008000190                main
 *(.text)
 *(.text.*)
 .text.__late_init
                0x0000000008000370       0x10 build/obj/crt0.o
                0x0000000008000370                __late_init
 .text._default_exit
                0x0000000008000380       0x10 build/obj/crt0.o
                0x0000000008000380                _default_exit
 .text.ResetHandler
                0x0000000008000390      0x140 build/obj/crt0.o
                0x0000000008000390                ResetHandler
 .text._unhandled_exception
                0x00000000080004d0       0x10 build/obj/vectors.o
                0x00000000080004d0                VectorAC
                0x00000000080004d0                NMIVector
                0x00000000080004d0                Vector11C
                0x00000000080004d0                Vector8C
                0x00000000080004d0                VectorDC
                0x00000000080004d0                Vector168
                0x00000000080004d0                Vector110
                0x00000000080004d0                Vector94
                0x00000000080004d0                VectorA8
                0x00000000080004d0                VectorB4
                0x00000000080004d0                VectorEC
                0x00000000080004d0                UsageFaultVector
                0x00000000080004d0                DebugMonitorVector
                0x00000000080004d0                Vector40
                0x00000000080004d0                VectorF8
                0x00000000080004d0                Vector108
                0x00000000080004d0                Vector148
                0x00000000080004d0                PendSVVector
                0x00000000080004d0                Vector118
                0x00000000080004d0                VectorCC
                0x00000000080004d0                Vector54
                0x00000000080004d0                Vector98
                0x00000000080004d0                Vector24
                0x00000000080004d0                Vector178
                0x00000000080004d0                BusFaultVector
                0x00000000080004d0                VectorD0
                0x00000000080004d0                Vector140
                0x00000000080004d0                HardFaultVector
                0x00000000080004d0                Vector134
                0x00000000080004d0                VectorF0
                0x00000000080004d0                Vector13C
                0x00000000080004d0                Vector100
                0x00000000080004d0                VectorF4
                0x00000000080004d0                MemManageVector
                0x00000000080004d0                VectorA0
                0x00000000080004d0                Vector180
                0x00000000080004d0                VectorB0
                0x00000000080004d0                Vector90
                0x00000000080004d0                Vector114
                0x00000000080004d0                Vector1C
                0x00000000080004d0                Vector17C
                0x00000000080004d0                Vector48
                0x00000000080004d0                Vector16C
                0x00000000080004d0                VectorD4
                0x00000000080004d0                Vector144
                0x00000000080004d0                Vector15C
                0x00000000080004d0                _unhandled_exception
                0x00000000080004d0                Vector88
                0x00000000080004d0                Vector104
                0x00000000080004d0                Vector184
                0x00000000080004d0                Vector10C
                0x00000000080004d0                Vector14C
                0x00000000080004d0                Vector50
                0x00000000080004d0                Vector28
                0x00000000080004d0                VectorB8
                0x00000000080004d0                Vector34
                0x00000000080004d0                VectorA4
                0x00000000080004d0                Vector20
                0x00000000080004d0                Vector174
 .text.port_halt
                0x00000000080004e0       0x10 build/obj/chcore.o
                0x00000000080004e0                port_halt
 .text._port_switch_from_isr
                0x00000000080004f0       0x10 build/obj/chcore_v7m.o
                0x00000000080004f0                _port_switch_from_isr
 .text.SVCallVector
                0x0000000008000500       0x20 build/obj/chcore_v7m.o
                0x0000000008000500                SVCallVector
 .text._port_init
                0x0000000008000520       0x40 build/obj/chcore_v7m.o
                0x0000000008000520                _port_init
 .text._port_lock
                0x0000000008000560       0x10 build/obj/chcore_v7m.o
                0x0000000008000560                _port_lock
 .text._port_unlock
                0x0000000008000570       0x10 build/obj/chcore_v7m.o
                0x0000000008000570                _port_unlock
 .text._port_irq_epilogue
                0x0000000008000580       0x60 build/obj/chcore_v7m.o
                0x0000000008000580                _port_irq_epilogue
 .text.SysTickVector
                0x00000000080005e0       0x30 build/obj/chcore_v7m.o
                0x00000000080005e0                SysTickVector
 .text._port_switch
                0x0000000008000610       0x10 build/obj/chcore_v7m.o
                0x0000000008000610                _port_switch
 .text._port_thread_start
                0x0000000008000620       0x20 build/obj/chcore_v7m.o
                0x0000000008000620                _port_thread_start
 .text.nvicEnableVector
                0x0000000008000640       0x50 build/obj/nvic.o
                0x0000000008000640                nvicEnableVector
 .text.nvicSetSystemHandlerPriority
                0x0000000008000690       0x30 build/obj/nvic.o
                0x0000000008000690                nvicSetSystemHandlerPriority
 .text._idle_thread
                0x00000000080006c0       0x20 build/obj/chsys.o
                0x00000000080006c0                _idle_thread
 .text.chSysInit
                0x00000000080006e0       0x80 build/obj/chsys.o
                0x00000000080006e0                chSysInit
 .text.chSysTimerHandlerI
                0x0000000008000760       0x70 build/obj/chsys.o
                0x0000000008000760                chSysTimerHandlerI
 .text.dbg_check_enable
                0x00000000080007d0       0x30 build/obj/chdebug.o
                0x00000000080007d0                dbg_check_enable
 .text.dbg_check_lock
                0x0000000008000800       0x40 build/obj/chdebug.o
                0x0000000008000800                dbg_check_lock
 .text.dbg_check_unlock
                0x0000000008000840       0x40 build/obj/chdebug.o
                0x0000000008000840                dbg_check_unlock
 .text.dbg_check_lock_from_isr
                0x0000000008000880       0x40 build/obj/chdebug.o
                0x0000000008000880                dbg_check_lock_from_isr
 .text.dbg_check_unlock_from_isr
                0x00000000080008c0       0x40 build/obj/chdebug.o
                0x00000000080008c0                dbg_check_unlock_from_isr
 .text.dbg_check_enter_isr
                0x0000000008000900       0x50 build/obj/chdebug.o
                0x0000000008000900                dbg_check_enter_isr
 .text.dbg_check_leave_isr
                0x0000000008000950       0x50 build/obj/chdebug.o
                0x0000000008000950                dbg_check_leave_isr
 .text.chDbgCheckClassI
                0x00000000080009a0       0x40 build/obj/chdebug.o
                0x00000000080009a0                chDbgCheckClassI
 .text.chDbgCheckClassS
                0x00000000080009e0       0x40 build/obj/chdebug.o
                0x00000000080009e0                chDbgCheckClassS
 .text._trace_init
                0x0000000008000a20       0x20 build/obj/chdebug.o
                0x0000000008000a20                _trace_init
 .text.dbg_trace
                0x0000000008000a40       0x50 build/obj/chdebug.o
                0x0000000008000a40                dbg_trace
 .text.chDbgPanic
                0x0000000008000a90       0x10 build/obj/chdebug.o
                0x0000000008000a90                chDbgPanic
 .text.prio_insert
                0x0000000008000aa0       0x30 build/obj/chlists.o
                0x0000000008000aa0                prio_insert
 .text.queue_insert
                0x0000000008000ad0       0x10 build/obj/chlists.o
                0x0000000008000ad0                queue_insert
 .text.fifo_remove
                0x0000000008000ae0       0x10 build/obj/chlists.o
                0x0000000008000ae0                fifo_remove
 .text.dequeue  0x0000000008000af0       0x10 build/obj/chlists.o
                0x0000000008000af0                dequeue
 .text.list_remove
                0x0000000008000b00       0x10 build/obj/chlists.o
                0x0000000008000b00                list_remove
 .text._vt_init
                0x0000000008000b10       0x20 build/obj/chvt.o
                0x0000000008000b10                _vt_init
 .text.chVTSetI
                0x0000000008000b30       0x60 build/obj/chvt.o
                0x0000000008000b30                chVTSetI
 .text.chVTResetI
                0x0000000008000b90       0x50 build/obj/chvt.o
                0x0000000008000b90                chVTResetI
 .text._scheduler_init
                0x0000000008000be0       0x20 build/obj/chschd.o
                0x0000000008000be0                _scheduler_init
 .text.chSchReadyI
                0x0000000008000c00       0x50 build/obj/chschd.o
                0x0000000008000c00                chSchReadyI
 .text.wakeup   0x0000000008000c50       0x40 build/obj/chschd.o
 .text.chSchGoSleepS
                0x0000000008000c90       0x50 build/obj/chschd.o
                0x0000000008000c90                chSchGoSleepS
 .text.chSchGoSleepTimeoutS
                0x0000000008000ce0       0x60 build/obj/chschd.o
                0x0000000008000ce0                chSchGoSleepTimeoutS
 .text.chSchWakeupS
                0x0000000008000d40       0x70 build/obj/chschd.o
                0x0000000008000d40                chSchWakeupS
 .text.chSchDoRescheduleAhead
                0x0000000008000db0       0x60 build/obj/chschd.o
                0x0000000008000db0                chSchDoRescheduleAhead
 .text.chSchDoReschedule
                0x0000000008000e10       0x10 build/obj/chschd.o
                0x0000000008000e10                chSchDoReschedule
 .text._thread_init
                0x0000000008000e20       0x50 build/obj/chthreads.o
                0x0000000008000e20                _thread_init
 .text.chThdCreateI
                0x0000000008000e70       0xb0 build/obj/chthreads.o
                0x0000000008000e70                chThdCreateI
 .text.chThdCreateStatic
                0x0000000008000f20       0x60 build/obj/chthreads.o
                0x0000000008000f20                chThdCreateStatic
 .text.chThdSleep
                0x0000000008000f80       0x30 build/obj/chthreads.o
                0x0000000008000f80                chThdSleep
 .text.chThdExitS
                0x0000000008000fb0       0x50 build/obj/chthreads.o
                0x0000000008000fb0                chThdExitS
 .text.chThdExit
                0x0000000008001000       0x20 build/obj/chthreads.o
                0x0000000008001000                chThdExit
 .text.chMtxInit
                0x0000000008001020       0x20 build/obj/chmtx.o
                0x0000000008001020                chMtxInit
 .text.chMtxLockS
                0x0000000008001040       0xc0 build/obj/chmtx.o
                0x0000000008001040                chMtxLockS
 .text.chMtxLock
                0x0000000008001100       0x20 build/obj/chmtx.o
                0x0000000008001100                chMtxLock
 .text.chMtxUnlock
                0x0000000008001120       0xa0 build/obj/chmtx.o
                0x0000000008001120                chMtxUnlock
 .text.chEvtSignalI
                0x00000000080011c0       0x50 build/obj/chevents.o
                0x00000000080011c0                chEvtSignalI
 .text.chEvtBroadcastFlagsI
                0x0000000008001210       0x40 build/obj/chevents.o
                0x0000000008001210                chEvtBroadcastFlagsI
 .text.qwait    0x0000000008001250       0x30 build/obj/chqueues.o
 .text.chIQInit
                0x0000000008001280       0x20 build/obj/chqueues.o
                0x0000000008001280                chIQInit
 .text.chIQPutI
                0x00000000080012a0       0x60 build/obj/chqueues.o
                0x00000000080012a0                chIQPutI
 .text.chIQGetTimeout
                0x0000000008001300       0x50 build/obj/chqueues.o
                0x0000000008001300                chIQGetTimeout
 .text.chIQReadTimeout
                0x0000000008001350       0xa0 build/obj/chqueues.o
                0x0000000008001350                chIQReadTimeout
 .text.chOQInit
                0x00000000080013f0       0x20 build/obj/chqueues.o
                0x00000000080013f0                chOQInit
 .text.chOQPutTimeout
                0x0000000008001410       0x60 build/obj/chqueues.o
                0x0000000008001410                chOQPutTimeout
 .text.chOQGetI
                0x0000000008001470       0x50 build/obj/chqueues.o
                0x0000000008001470                chOQGetI
 .text.chOQWriteTimeout
                0x00000000080014c0       0x90 build/obj/chqueues.o
                0x00000000080014c0                chOQWriteTimeout
 .text._core_init
                0x0000000008001550       0x30 build/obj/chmemcore.o
                0x0000000008001550                _core_init
 .text.halInit  0x0000000008001580       0x30 build/obj/hal.o
                0x0000000008001580                halInit
 .text.extInit  0x00000000080015b0       0x10 build/obj/ext.o
                0x00000000080015b0                extInit
 .text.extObjectInit
                0x00000000080015c0       0x10 build/obj/ext.o
                0x00000000080015c0                extObjectInit
 .text.i2cInit  0x00000000080015d0       0x10 build/obj/i2c.o
                0x00000000080015d0                i2cInit
 .text.i2cObjectInit
                0x00000000080015e0       0x10 build/obj/i2c.o
                0x00000000080015e0                i2cObjectInit
 .text.i2cStart
                0x00000000080015f0       0x60 build/obj/i2c.o
                0x00000000080015f0                i2cStart
 .text.i2cGetErrors
                0x0000000008001650       0x20 build/obj/i2c.o
                0x0000000008001650                i2cGetErrors
 .text.i2cMasterTransmitTimeout
                0x0000000008001670       0x90 build/obj/i2c.o
                0x0000000008001670                i2cMasterTransmitTimeout
 .text.i2cAcquireBus
                0x0000000008001700       0x30 build/obj/i2c.o
                0x0000000008001700                i2cAcquireBus
 .text.i2cReleaseBus
                0x0000000008001730       0x20 build/obj/i2c.o
                0x0000000008001730                i2cReleaseBus
 .text.readt    0x0000000008001750       0x10 build/obj/serial.o
 .text.read     0x0000000008001760       0x10 build/obj/serial.o
 .text.writet   0x0000000008001770       0x10 build/obj/serial.o
 .text.write    0x0000000008001780       0x10 build/obj/serial.o
 .text.gett     0x0000000008001790       0x10 build/obj/serial.o
 .text.get      0x00000000080017a0       0x10 build/obj/serial.o
 .text.putt     0x00000000080017b0       0x10 build/obj/serial.o
 .text.put      0x00000000080017c0       0x10 build/obj/serial.o
 .text.sdInit   0x00000000080017d0       0x10 build/obj/serial.o
                0x00000000080017d0                sdInit
 .text.sdObjectInit
                0x00000000080017e0       0x50 build/obj/serial.o
                0x00000000080017e0                sdObjectInit
 .text.sdStart  0x0000000008001830       0x50 build/obj/serial.o
                0x0000000008001830                sdStart
 .text.sdIncomingDataI
                0x0000000008001880       0x50 build/obj/serial.o
                0x0000000008001880                sdIncomingDataI
 .text.tm_start
                0x00000000080018d0       0x10 build/obj/tm.o
 .text.tm_stop  0x00000000080018e0       0x40 build/obj/tm.o
 .text.tmInit   0x0000000008001920       0x50 build/obj/tm.o
                0x0000000008001920                tmInit
 .text.Vector6C
                0x0000000008001970       0x40 build/obj/stm32_dma.o
                0x0000000008001970                Vector6C
 .text.Vector70
                0x00000000080019b0       0x40 build/obj/stm32_dma.o
                0x00000000080019b0                Vector70
 .text.Vector74
                0x00000000080019f0       0x40 build/obj/stm32_dma.o
                0x00000000080019f0                Vector74
 .text.Vector78
                0x0000000008001a30       0x40 build/obj/stm32_dma.o
                0x0000000008001a30                Vector78
 .text.Vector7C
                0x0000000008001a70       0x40 build/obj/stm32_dma.o
                0x0000000008001a70                Vector7C
 .text.Vector80
                0x0000000008001ab0       0x40 build/obj/stm32_dma.o
                0x0000000008001ab0                Vector80
 .text.Vector84
                0x0000000008001af0       0x40 build/obj/stm32_dma.o
                0x0000000008001af0                Vector84
 .text.VectorFC
                0x0000000008001b30       0x40 build/obj/stm32_dma.o
                0x0000000008001b30                VectorFC
 .text.Vector120
                0x0000000008001b70       0x40 build/obj/stm32_dma.o
                0x0000000008001b70                Vector120
 .text.Vector124
                0x0000000008001bb0       0x40 build/obj/stm32_dma.o
                0x0000000008001bb0                Vector124
 .text.Vector128
                0x0000000008001bf0       0x40 build/obj/stm32_dma.o
                0x0000000008001bf0                Vector128
 .text.Vector12C
                0x0000000008001c30       0x40 build/obj/stm32_dma.o
                0x0000000008001c30                Vector12C
 .text.Vector130
                0x0000000008001c70       0x40 build/obj/stm32_dma.o
                0x0000000008001c70                Vector130
 .text.Vector150
                0x0000000008001cb0       0x40 build/obj/stm32_dma.o
                0x0000000008001cb0                Vector150
 .text.Vector154
                0x0000000008001cf0       0x40 build/obj/stm32_dma.o
                0x0000000008001cf0                Vector154
 .text.Vector158
                0x0000000008001d30       0x40 build/obj/stm32_dma.o
                0x0000000008001d30                Vector158
 .text.dmaInit  0x0000000008001d70       0x60 build/obj/stm32_dma.o
                0x0000000008001d70                dmaInit
 .text.dmaStreamAllocate
                0x0000000008001dd0       0xc0 build/obj/stm32_dma.o
                0x0000000008001dd0                dmaStreamAllocate
 .text.hal_lld_init
                0x0000000008001e90       0xb0 build/obj/hal_lld.o
                0x0000000008001e90                hal_lld_init
 .text.stm32_clock_init
                0x0000000008001f40      0x100 build/obj/hal_lld.o
                0x0000000008001f40                stm32_clock_init
 .text.Vector58
                0x0000000008002040       0x30 build/obj/ext_lld_isr.o
                0x0000000008002040                Vector58
 .text.Vector5C
                0x0000000008002070       0x30 build/obj/ext_lld_isr.o
                0x0000000008002070                Vector5C
 .text.Vector60
                0x00000000080020a0       0x30 build/obj/ext_lld_isr.o
                0x00000000080020a0                Vector60
 .text.Vector64
                0x00000000080020d0       0x30 build/obj/ext_lld_isr.o
                0x00000000080020d0                Vector64
 .text.Vector68
                0x0000000008002100       0x30 build/obj/ext_lld_isr.o
                0x0000000008002100                Vector68
 .text.Vector9C
                0x0000000008002130       0xa0 build/obj/ext_lld_isr.o
                0x0000000008002130                Vector9C
 .text.VectorE0
                0x00000000080021d0       0xb0 build/obj/ext_lld_isr.o
                0x00000000080021d0                VectorE0
 .text.Vector44
                0x0000000008002280       0x40 build/obj/ext_lld_isr.o
                0x0000000008002280                Vector44
 .text.VectorE4
                0x00000000080022c0       0x40 build/obj/ext_lld_isr.o
                0x00000000080022c0                VectorE4
 .text.VectorE8
                0x0000000008002300       0x40 build/obj/ext_lld_isr.o
                0x0000000008002300                VectorE8
 .text.Vector138
                0x0000000008002340       0x40 build/obj/ext_lld_isr.o
                0x0000000008002340                Vector138
 .text.Vector170
                0x0000000008002380       0x40 build/obj/ext_lld_isr.o
                0x0000000008002380                Vector170
 .text.Vector4C
                0x00000000080023c0       0x40 build/obj/ext_lld_isr.o
                0x00000000080023c0                Vector4C
 .text.ext_lld_init
                0x0000000008002400       0x10 build/obj/ext_lld.o
                0x0000000008002400                ext_lld_init
 .text._pal_lld_init
                0x0000000008002410      0x1b0 build/obj/pal_lld.o
                0x0000000008002410                _pal_lld_init
 .text._pal_lld_setgroupmode
                0x00000000080025c0       0xd0 build/obj/pal_lld.o
                0x00000000080025c0                _pal_lld_setgroupmode
 .text.i2c_lld_abort_operation
                0x0000000008002690       0x60 build/obj/i2c_lld.o
 .text.i2c_lld_serve_event_interrupt
                0x00000000080026f0      0x120 build/obj/i2c_lld.o
 .text.i2c_lld_serve_error_interrupt
                0x0000000008002810       0xd0 build/obj/i2c_lld.o
 .text.i2c_lld_safety_timeout
                0x00000000080028e0       0x30 build/obj/i2c_lld.o
 .text.i2c_lld_serve_tx_end_irq
                0x0000000008002910       0x40 build/obj/i2c_lld.o
 .text.i2c_lld_serve_rx_end_irq
                0x0000000008002950       0x80 build/obj/i2c_lld.o
 .text.VectorBC
                0x00000000080029d0       0x20 build/obj/i2c_lld.o
                0x00000000080029d0                VectorBC
 .text.VectorC0
                0x00000000080029f0       0x40 build/obj/i2c_lld.o
                0x00000000080029f0                VectorC0
 .text.VectorC4
                0x0000000008002a30       0x20 build/obj/i2c_lld.o
                0x0000000008002a30                VectorC4
 .text.VectorC8
                0x0000000008002a50       0x40 build/obj/i2c_lld.o
                0x0000000008002a50                VectorC8
 .text.Vector160
                0x0000000008002a90       0x20 build/obj/i2c_lld.o
                0x0000000008002a90                Vector160
 .text.Vector164
                0x0000000008002ab0       0x40 build/obj/i2c_lld.o
                0x0000000008002ab0                Vector164
 .text.i2c_lld_init
                0x0000000008002af0       0x90 build/obj/i2c_lld.o
                0x0000000008002af0                i2c_lld_init
 .text.i2c_lld_start
                0x0000000008002b80      0x440 build/obj/i2c_lld.o
                0x0000000008002b80                i2c_lld_start
 .text.i2c_lld_master_transmit_timeout
                0x0000000008002fc0      0x110 build/obj/i2c_lld.o
                0x0000000008002fc0                i2c_lld_master_transmit_timeout
 .text.notify2  0x00000000080030d0       0x20 build/obj/serial_lld.o
 .text.VectorD8
                0x00000000080030f0      0x120 build/obj/serial_lld.o
                0x00000000080030f0                VectorD8
 .text.sd_lld_init
                0x0000000008003210       0x30 build/obj/serial_lld.o
                0x0000000008003210                sd_lld_init
 .text.sd_lld_start
                0x0000000008003240       0xb0 build/obj/serial_lld.o
                0x0000000008003240                sd_lld_start
 .text.__early_init
                0x00000000080032f0       0x10 build/obj/board.o
                0x00000000080032f0                __early_init
 .text.boardInit
                0x0000000008003300       0x10 build/obj/board.o
                0x0000000008003300                boardInit
 .text.print    0x0000000008003310       0x20 build/obj/main.o
 .text.printn   0x0000000008003330       0x90 build/obj/main.o
 *(.rodata)
 *(.rodata.*)
 .rodata.str1.4
                0x00000000080033c0        0x5 build/obj/chsys.o
                                          0x8 (size before relaxing)
 *fill*         0x00000000080033c5        0xb 
 .rodata.str1.4
                0x00000000080033d0       0x56 build/obj/chdebug.o
                                         0x58 (size before relaxing)
 *fill*         0x0000000008003426        0xa 
 .rodata.str1.4
                0x0000000008003430       0x31 build/obj/chvt.o
                                         0x34 (size before relaxing)
 *fill*         0x0000000008003461        0xf 
 .rodata.str1.4
                0x0000000008003470       0x23 build/obj/chschd.o
                                         0x24 (size before relaxing)
 *fill*         0x0000000008003493        0xd 
 .rodata.str1.4
                0x00000000080034a0       0x84 build/obj/chthreads.o
 *fill*         0x0000000008003524        0xc 
 .rodata.ch_debug
                0x0000000008003530       0x18 build/obj/chregistry.o
                0x0000000008003530                ch_debug
 *fill*         0x0000000008003548        0x8 
 .rodata.str1.4
                0x0000000008003550       0xab build/obj/chmtx.o
                                         0xac (size before relaxing)
 *fill*         0x00000000080035fb        0x5 
 .rodata.str1.4
                0x0000000008003600       0x90 build/obj/chevents.o
 .rodata.str1.4
                0x0000000008003690       0x29 build/obj/chqueues.o
                                         0x2c (size before relaxing)
 *fill*         0x00000000080036b9        0x7 
 .rodata.str1.4
                0x00000000080036c0       0xea build/obj/i2c.o
                                         0xec (size before relaxing)
 *fill*         0x00000000080037aa        0x6 
 .rodata.str1.4
                0x00000000080037b0       0x5f build/obj/serial.o
                                         0x60 (size before relaxing)
 *fill*         0x000000000800380f        0x1 
 .rodata.vmt    0x0000000008003810       0x20 build/obj/serial.o
 .rodata.str1.4
                0x0000000008003830       0x47 build/obj/stm32_dma.o
                                         0x48 (size before relaxing)
 *fill*         0x0000000008003877        0x9 
 .rodata._stm32_dma_streams
                0x0000000008003880       0xc0 build/obj/stm32_dma.o
                0x0000000008003880                _stm32_dma_streams
 .rodata.str1.4
                0x0000000008003940      0x138 build/obj/i2c_lld.o
 *fill*         0x0000000008003a78        0x8 
 .rodata.default_config
                0x0000000008003a80        0xc build/obj/serial_lld.o
 *fill*         0x0000000008003a8c        0x4 
 .rodata.pal_default_config
                0x0000000008003a90       0xfc build/obj/board.o
                0x0000000008003a90                pal_default_config
 *fill*         0x0000000008003b8c        0x4 
 .rodata.i2cfg2
                0x0000000008003b90        0xc build/obj/main.o
 *fill*         0x0000000008003b9c        0x4 
 .rodata.str1.4
                0x0000000008003ba0       0x18 build/obj/main.o
 *(.glue_7t)
 .glue_7t       0x0000000000000000        0x0 linker stubs
 *(.glue_7)
 .glue_7        0x0000000000000000        0x0 linker stubs
 *(.gcc*)

.vfp11_veneer   0x0000000008003bb8        0x0
 .vfp11_veneer  0x0000000000000000        0x0 linker stubs

.v4_bx          0x0000000008003bb8        0x0
 .v4_bx         0x0000000000000000        0x0 linker stubs

.iplt           0x0000000008003bb8        0x0
 .iplt          0x0000000000000000        0x0 build/obj/crt0.o

.rel.dyn        0x0000000008003bb8        0x0
 .rel.iplt      0x0000000000000000        0x0 build/obj/crt0.o

.ARM.extab
 *(.ARM.extab* .gnu.linkonce.armextab.*)

.ARM.exidx      0x0000000008003bb8        0x0
                0x0000000008003bb8                PROVIDE (__exidx_start, .)
 *(.ARM.exidx* .gnu.linkonce.armexidx.*)
                0x0000000008003bb8                PROVIDE (__exidx_end, .)

.eh_frame_hdr
 *(.eh_frame_hdr)

.eh_frame
 *(.eh_frame)

.textalign      0x0000000008003bb8        0x0
                0x0000000008003bb8                . = ALIGN (0x8)
                0x0000000008003bb8                . = ALIGN (0x4)
                0x0000000008003bb8                _etext = .
                0x0000000008003bb8                _textdata = _etext

.stacks         0x0000000020000000      0x800
                0x0000000020000000                . = ALIGN (0x8)
                0x0000000020000000                __main_stack_base__ = .
                0x0000000020000400                . = (. + __main_stack_size__)
 *fill*         0x0000000020000000      0x400 
                0x0000000020000400                . = ALIGN (0x8)
                0x0000000020000400                __main_stack_end__ = .
                0x0000000020000400                __process_stack_base__ = .
                0x0000000020000400                __main_thread_stack_base__ = .
                0x0000000020000800                . = (. + __process_stack_size__)
 *fill*         0x0000000020000400      0x400 
                0x0000000020000800                . = ALIGN (0x8)
                0x0000000020000800                __process_stack_end__ = .
                0x0000000020000800                __main_thread_stack_end__ = .

.data           0x0000000020000800        0x0 load address 0x0000000008003bb8
                0x0000000020000800                . = ALIGN (0x4)
                0x0000000020000800                PROVIDE (_data, .)
 *(.data)
                0x0000000020000800                . = ALIGN (0x4)
 *(.data.*)
                0x0000000020000800                . = ALIGN (0x4)
 *(.ramtext)
                0x0000000020000800                . = ALIGN (0x4)
                0x0000000020000800                PROVIDE (_edata, .)

.igot.plt       0x0000000020000800        0x0 load address 0x0000000008003bb8
 .igot.plt      0x0000000000000000        0x0 build/obj/crt0.o

.bss            0x0000000020000800      0x718 load address 0x0000000008003bb8
                0x0000000020000800                . = ALIGN (0x4)
                0x0000000020000800                PROVIDE (_bss_start, .)
 *(.bss)
                0x0000000020000800                . = ALIGN (0x4)
 *(.bss.*)
 .bss.mainthread.4753
                0x0000000020000800       0x48 build/obj/chsys.o
 .bss._idle_thread_wa
                0x0000000020000848       0xc0 build/obj/chsys.o
                0x0000000020000848                _idle_thread_wa
 .bss.dbg_isr_cnt
                0x0000000020000908        0x4 build/obj/chdebug.o
                0x0000000020000908                dbg_isr_cnt
 .bss.dbg_trace_buffer
                0x000000002000090c      0x408 build/obj/chdebug.o
                0x000000002000090c                dbg_trace_buffer
 .bss.dbg_lock_cnt
                0x0000000020000d14        0x4 build/obj/chdebug.o
                0x0000000020000d14                dbg_lock_cnt
 .bss.dbg_panic_msg
                0x0000000020000d18        0x4 build/obj/chdebug.o
                0x0000000020000d18                dbg_panic_msg
 .bss.vtlist    0x0000000020000d1c       0x10 build/obj/chvt.o
                0x0000000020000d1c                vtlist
 .bss.rlist     0x0000000020000d2c       0x1c build/obj/chschd.o
                0x0000000020000d2c                rlist
 .bss.endmem    0x0000000020000d48        0x4 build/obj/chmemcore.o
 .bss.nextmem   0x0000000020000d4c        0x4 build/obj/chmemcore.o
 .bss.measurement_offset
                0x0000000020000d50        0x4 build/obj/tm.o
 .bss.dma_isr_redir
                0x0000000020000d54       0x80 build/obj/stm32_dma.o
 .bss.dma_streams_mask
                0x0000000020000dd4        0x4 build/obj/stm32_dma.o
 .bss.EXTD1     0x0000000020000dd8        0x8 build/obj/ext_lld.o
                0x0000000020000dd8                EXTD1
 .bss.I2CD1     0x0000000020000de0       0x38 build/obj/i2c_lld.o
                0x0000000020000de0                I2CD1
 .bss.I2CD2     0x0000000020000e18       0x38 build/obj/i2c_lld.o
                0x0000000020000e18                I2CD2
 .bss.I2CD3     0x0000000020000e50       0x38 build/obj/i2c_lld.o
                0x0000000020000e50                I2CD3
 .bss.SD2       0x0000000020000e88       0x78 build/obj/serial_lld.o
                0x0000000020000e88                SD2
 .bss.errors    0x0000000020000f00        0x4 build/obj/main.o
 .bss.rxbuf     0x0000000020000f04        0x8 build/obj/main.o
 .bss.acceleration_z
                0x0000000020000f0c        0x2 build/obj/main.o
 *fill*         0x0000000020000f0e        0x2 
 .bss.txbuf     0x0000000020000f10        0x4 build/obj/main.o
 .bss.acceleration_x
                0x0000000020000f14        0x2 build/obj/main.o
 .bss.acceleration_y
                0x0000000020000f16        0x2 build/obj/main.o
                0x0000000020000f18                . = ALIGN (0x4)
 *(COMMON)
                0x0000000020000f18                . = ALIGN (0x4)
                0x0000000020000f18                PROVIDE (_bss_end, .)
                0x0000000020000f18                PROVIDE (end, .)
                0x0000000020000f18                _end = .
                0x0000000020000f18                __heap_base__ = _end
                0x000000002001c000                __heap_end__ = __ram_end__
OUTPUT(build/ch.elf elf32-littlearm)

.debug_info     0x0000000000000000     0xf386
 .debug_info    0x0000000000000000      0x2bf build/obj/crt0.o
 .debug_info    0x00000000000002bf      0x1cd build/obj/vectors.o
 .debug_info    0x000000000000048c       0x92 build/obj/chcore.o
 .debug_info    0x000000000000051e      0x805 build/obj/chcore_v7m.o
 .debug_info    0x0000000000000d23      0x406 build/obj/nvic.o
 .debug_info    0x0000000000001129      0x82b build/obj/chsys.o
 .debug_info    0x0000000000001954      0x8a6 build/obj/chdebug.o
 .debug_info    0x00000000000021fa      0x50d build/obj/chlists.o
 .debug_info    0x0000000000002707      0x277 build/obj/chvt.o
 .debug_info    0x000000000000297e      0x9cf build/obj/chschd.o
 .debug_info    0x000000000000334d      0xb6c build/obj/chthreads.o
 .debug_info    0x0000000000003eb9      0x5cc build/obj/chregistry.o
 .debug_info    0x0000000000004485      0x909 build/obj/chmtx.o
 .debug_info    0x0000000000004d8e      0xa87 build/obj/chevents.o
 .debug_info    0x0000000000005815      0xa90 build/obj/chqueues.o
 .debug_info    0x00000000000062a5      0x1dc build/obj/chmemcore.o
 .debug_info    0x0000000000006481      0x3bd build/obj/hal.o
 .debug_info    0x000000000000683e      0x51f build/obj/ext.o
 .debug_info    0x0000000000006d5d      0xc7a build/obj/i2c.o
 .debug_info    0x00000000000079d7     0x1034 build/obj/serial.o
 .debug_info    0x0000000000008a0b      0x2d9 build/obj/tm.o
 .debug_info    0x0000000000008ce4      0xc7c build/obj/stm32_dma.o
 .debug_info    0x0000000000009960      0x491 build/obj/hal_lld.o
 .debug_info    0x0000000000009df1      0xb4a build/obj/ext_lld_isr.o
 .debug_info    0x000000000000a93b      0x412 build/obj/ext_lld.o
 .debug_info    0x000000000000ad4d      0x704 build/obj/pal_lld.o
 .debug_info    0x000000000000b451     0x19d0 build/obj/i2c_lld.o
 .debug_info    0x000000000000ce21     0x10ae build/obj/serial_lld.o
 .debug_info    0x000000000000decf      0x1f4 build/obj/board.o
 .debug_info    0x000000000000e0c3     0x12c3 build/obj/main.o

.debug_abbrev   0x0000000000000000     0x38fa
 .debug_abbrev  0x0000000000000000       0xf4 build/obj/crt0.o
 .debug_abbrev  0x00000000000000f4       0xaf build/obj/vectors.o
 .debug_abbrev  0x00000000000001a3       0x42 build/obj/chcore.o
 .debug_abbrev  0x00000000000001e5      0x1bf build/obj/chcore_v7m.o
 .debug_abbrev  0x00000000000003a4      0x10e build/obj/nvic.o
 .debug_abbrev  0x00000000000004b2      0x1f2 build/obj/chsys.o
 .debug_abbrev  0x00000000000006a4      0x1e7 build/obj/chdebug.o
 .debug_abbrev  0x000000000000088b      0x153 build/obj/chlists.o
 .debug_abbrev  0x00000000000009de      0x151 build/obj/chvt.o
 .debug_abbrev  0x0000000000000b2f      0x28e build/obj/chschd.o
 .debug_abbrev  0x0000000000000dbd      0x2de build/obj/chthreads.o
 .debug_abbrev  0x000000000000109b      0x151 build/obj/chregistry.o
 .debug_abbrev  0x00000000000011ec      0x229 build/obj/chmtx.o
 .debug_abbrev  0x0000000000001415      0x2c1 build/obj/chevents.o
 .debug_abbrev  0x00000000000016d6      0x2bd build/obj/chqueues.o
 .debug_abbrev  0x0000000000001993      0x127 build/obj/chmemcore.o
 .debug_abbrev  0x0000000000001aba      0x1bf build/obj/hal.o
 .debug_abbrev  0x0000000000001c79      0x19a build/obj/ext.o
 .debug_abbrev  0x0000000000001e13      0x273 build/obj/i2c.o
 .debug_abbrev  0x0000000000002086      0x2b5 build/obj/serial.o
 .debug_abbrev  0x000000000000233b      0x19a build/obj/tm.o
 .debug_abbrev  0x00000000000024d5      0x242 build/obj/stm32_dma.o
 .debug_abbrev  0x0000000000002717      0x12b build/obj/hal_lld.o
 .debug_abbrev  0x0000000000002842      0x206 build/obj/ext_lld_isr.o
 .debug_abbrev  0x0000000000002a48      0x1c0 build/obj/ext_lld.o
 .debug_abbrev  0x0000000000002c08      0x1aa build/obj/pal_lld.o
 .debug_abbrev  0x0000000000002db2      0x3e1 build/obj/i2c_lld.o
 .debug_abbrev  0x0000000000003193      0x331 build/obj/serial_lld.o
 .debug_abbrev  0x00000000000034c4       0xe3 build/obj/board.o
 .debug_abbrev  0x00000000000035a7      0x353 build/obj/main.o

.debug_loc      0x0000000000000000     0x35cf
 .debug_loc     0x0000000000000000       0xe2 build/obj/crt0.o
 .debug_loc     0x00000000000000e2       0x4d build/obj/chcore_v7m.o
 .debug_loc     0x000000000000012f      0x159 build/obj/nvic.o
 .debug_loc     0x0000000000000288       0x26 build/obj/chsys.o
 .debug_loc     0x00000000000002ae       0xea build/obj/chdebug.o
 .debug_loc     0x0000000000000398       0x78 build/obj/chlists.o
 .debug_loc     0x0000000000000410       0xce build/obj/chvt.o
 .debug_loc     0x00000000000004de      0x259 build/obj/chschd.o
 .debug_loc     0x0000000000000737      0x36f build/obj/chthreads.o
 .debug_loc     0x0000000000000aa6       0x2c build/obj/chregistry.o
 .debug_loc     0x0000000000000ad2      0x1f6 build/obj/chmtx.o
 .debug_loc     0x0000000000000cc8      0x435 build/obj/chevents.o
 .debug_loc     0x00000000000010fd      0x65e build/obj/chqueues.o
 .debug_loc     0x000000000000175b       0x83 build/obj/chmemcore.o
 .debug_loc     0x00000000000017de       0x58 build/obj/hal.o
 .debug_loc     0x0000000000001836      0x263 build/obj/ext.o
 .debug_loc     0x0000000000001a99      0x3ac build/obj/i2c.o
 .debug_loc     0x0000000000001e45      0x4e3 build/obj/serial.o
 .debug_loc     0x0000000000002328       0x6d build/obj/tm.o
 .debug_loc     0x0000000000002395      0x25a build/obj/stm32_dma.o
 .debug_loc     0x00000000000025ef       0xa2 build/obj/ext_lld_isr.o
 .debug_loc     0x0000000000002691      0x224 build/obj/ext_lld.o
 .debug_loc     0x00000000000028b5      0x19c build/obj/pal_lld.o
 .debug_loc     0x0000000000002a51      0x754 build/obj/i2c_lld.o
 .debug_loc     0x00000000000031a5      0x1d5 build/obj/serial_lld.o
 .debug_loc     0x000000000000337a      0x255 build/obj/main.o

.debug_aranges  0x0000000000000000      0x990
 .debug_aranges
                0x0000000000000000       0x38 build/obj/crt0.o
 .debug_aranges
                0x0000000000000038       0x20 build/obj/vectors.o
 .debug_aranges
                0x0000000000000058       0x20 build/obj/chcore.o
 .debug_aranges
                0x0000000000000078       0x60 build/obj/chcore_v7m.o
 .debug_aranges
                0x00000000000000d8       0x30 build/obj/nvic.o
 .debug_aranges
                0x0000000000000108       0x30 build/obj/chsys.o
 .debug_aranges
                0x0000000000000138       0x88 build/obj/chdebug.o
 .debug_aranges
                0x00000000000001c0       0x50 build/obj/chlists.o
 .debug_aranges
                0x0000000000000210       0x30 build/obj/chvt.o
 .debug_aranges
                0x0000000000000240       0x68 build/obj/chschd.o
 .debug_aranges
                0x00000000000002a8       0x80 build/obj/chthreads.o
 .debug_aranges
                0x0000000000000328       0x28 build/obj/chregistry.o
 .debug_aranges
                0x0000000000000350       0x58 build/obj/chmtx.o
 .debug_aranges
                0x00000000000003a8       0x88 build/obj/chevents.o
 .debug_aranges
                0x0000000000000430       0x70 build/obj/chqueues.o
 .debug_aranges
                0x00000000000004a0       0x38 build/obj/chmemcore.o
 .debug_aranges
                0x00000000000004d8       0x30 build/obj/hal.o
 .debug_aranges
                0x0000000000000508       0x50 build/obj/ext.o
 .debug_aranges
                0x0000000000000558       0x60 build/obj/i2c.o
 .debug_aranges
                0x00000000000005b8       0x88 build/obj/serial.o
 .debug_aranges
                0x0000000000000640       0x38 build/obj/tm.o
 .debug_aranges
                0x0000000000000678       0xb0 build/obj/stm32_dma.o
 .debug_aranges
                0x0000000000000728       0x28 build/obj/hal_lld.o
 .debug_aranges
                0x0000000000000750       0x98 build/obj/ext_lld_isr.o
 .debug_aranges
                0x00000000000007e8       0x40 build/obj/ext_lld.o
 .debug_aranges
                0x0000000000000828       0x28 build/obj/pal_lld.o
 .debug_aranges
                0x0000000000000850       0xa0 build/obj/i2c_lld.o
 .debug_aranges
                0x00000000000008f0       0x40 build/obj/serial_lld.o
 .debug_aranges
                0x0000000000000930       0x28 build/obj/board.o
 .debug_aranges
                0x0000000000000958       0x38 build/obj/main.o

.debug_ranges   0x0000000000000000      0xc30
 .debug_ranges  0x0000000000000000       0x28 build/obj/crt0.o
 .debug_ranges  0x0000000000000028       0x10 build/obj/vectors.o
 .debug_ranges  0x0000000000000038       0x10 build/obj/chcore.o
 .debug_ranges  0x0000000000000048       0x50 build/obj/chcore_v7m.o
 .debug_ranges  0x0000000000000098       0x20 build/obj/nvic.o
 .debug_ranges  0x00000000000000b8       0x20 build/obj/chsys.o
 .debug_ranges  0x00000000000000d8       0x78 build/obj/chdebug.o
 .debug_ranges  0x0000000000000150       0x40 build/obj/chlists.o
 .debug_ranges  0x0000000000000190       0x20 build/obj/chvt.o
 .debug_ranges  0x00000000000001b0       0xf0 build/obj/chschd.o
 .debug_ranges  0x00000000000002a0       0xa8 build/obj/chthreads.o
 .debug_ranges  0x0000000000000348       0x18 build/obj/chregistry.o
 .debug_ranges  0x0000000000000360       0x78 build/obj/chmtx.o
 .debug_ranges  0x00000000000003d8       0x78 build/obj/chevents.o
 .debug_ranges  0x0000000000000450       0x98 build/obj/chqueues.o
 .debug_ranges  0x00000000000004e8       0x28 build/obj/chmemcore.o
 .debug_ranges  0x0000000000000510       0x40 build/obj/hal.o
 .debug_ranges  0x0000000000000550       0x40 build/obj/ext.o
 .debug_ranges  0x0000000000000590       0x50 build/obj/i2c.o
 .debug_ranges  0x00000000000005e0       0x78 build/obj/serial.o
 .debug_ranges  0x0000000000000658       0x80 build/obj/tm.o
 .debug_ranges  0x00000000000006d8       0xa0 build/obj/stm32_dma.o
 .debug_ranges  0x0000000000000778       0x38 build/obj/hal_lld.o
 .debug_ranges  0x00000000000007b0       0x88 build/obj/ext_lld_isr.o
 .debug_ranges  0x0000000000000838       0x30 build/obj/ext_lld.o
 .debug_ranges  0x0000000000000868      0x168 build/obj/pal_lld.o
 .debug_ranges  0x00000000000009d0      0x150 build/obj/i2c_lld.o
 .debug_ranges  0x0000000000000b20       0x60 build/obj/serial_lld.o
 .debug_ranges  0x0000000000000b80       0x18 build/obj/board.o
 .debug_ranges  0x0000000000000b98       0x98 build/obj/main.o

.debug_line     0x0000000000000000     0x4930
 .debug_line    0x0000000000000000      0x115 build/obj/crt0.o
 .debug_line    0x0000000000000115       0xbf build/obj/vectors.o
 .debug_line    0x00000000000001d4       0x56 build/obj/chcore.o
 .debug_line    0x000000000000022a      0x223 build/obj/chcore_v7m.o
 .debug_line    0x000000000000044d       0xfa build/obj/nvic.o
 .debug_line    0x0000000000000547      0x1eb build/obj/chsys.o
 .debug_line    0x0000000000000732      0x2e7 build/obj/chdebug.o
 .debug_line    0x0000000000000a19      0x1b3 build/obj/chlists.o
 .debug_line    0x0000000000000bcc      0x162 build/obj/chvt.o
 .debug_line    0x0000000000000d2e      0x2d7 build/obj/chschd.o
 .debug_line    0x0000000000001005      0x359 build/obj/chthreads.o
 .debug_line    0x000000000000135e      0x1a7 build/obj/chregistry.o
 .debug_line    0x0000000000001505      0x2ad build/obj/chmtx.o
 .debug_line    0x00000000000017b2      0x2e3 build/obj/chevents.o
 .debug_line    0x0000000000001a95      0x34a build/obj/chqueues.o
 .debug_line    0x0000000000001ddf      0x156 build/obj/chmemcore.o
 .debug_line    0x0000000000001f35      0x27d build/obj/hal.o
 .debug_line    0x00000000000021b2      0x241 build/obj/ext.o
 .debug_line    0x00000000000023f3      0x37c build/obj/i2c.o
 .debug_line    0x000000000000276f      0x38b build/obj/serial.o
 .debug_line    0x0000000000002afa      0x1dc build/obj/tm.o
 .debug_line    0x0000000000002cd6      0x414 build/obj/stm32_dma.o
 .debug_line    0x00000000000030ea      0x1dc build/obj/hal_lld.o
 .debug_line    0x00000000000032c6      0x38e build/obj/ext_lld_isr.o
 .debug_line    0x0000000000003654      0x1e7 build/obj/ext_lld.o
 .debug_line    0x000000000000383b      0x1de build/obj/pal_lld.o
 .debug_line    0x0000000000003a19      0x708 build/obj/i2c_lld.o
 .debug_line    0x0000000000004121      0x337 build/obj/serial_lld.o
 .debug_line    0x0000000000004458      0x174 build/obj/board.o
 .debug_line    0x00000000000045cc      0x364 build/obj/main.o

.debug_str      0x0000000000000000     0x25b0
 .debug_str     0x0000000000000000      0x286 build/obj/crt0.o
                                        0x2cb (size before relaxing)
 .debug_str     0x0000000000000286      0x148 build/obj/vectors.o
                                        0x2ec (size before relaxing)
 .debug_str     0x00000000000003ce       0x30 build/obj/chcore.o
                                        0x1b4 (size before relaxing)
 .debug_str     0x00000000000003fe      0x367 build/obj/chcore_v7m.o
                                        0x539 (size before relaxing)
 .debug_str     0x0000000000000765       0xa1 build/obj/nvic.o
                                        0x2be (size before relaxing)
 .debug_str     0x0000000000000806      0x234 build/obj/chsys.o
                                        0x5e6 (size before relaxing)
 .debug_str     0x0000000000000a3a       0xfe build/obj/chdebug.o
                                        0x55d (size before relaxing)
 .debug_str     0x0000000000000b38       0x72 build/obj/chlists.o
                                        0x384 (size before relaxing)
 .debug_str     0x0000000000000baa       0x39 build/obj/chvt.o
                                        0x25b (size before relaxing)
 .debug_str     0x0000000000000be3       0xc4 build/obj/chschd.o
                                        0x51d (size before relaxing)
 .debug_str     0x0000000000000ca7       0xcd build/obj/chthreads.o
                                        0x56a (size before relaxing)
 .debug_str     0x0000000000000d74       0x45 build/obj/chregistry.o
                                        0x4c0 (size before relaxing)
 .debug_str     0x0000000000000db9       0x88 build/obj/chmtx.o
                                        0x475 (size before relaxing)
 .debug_str     0x0000000000000e41      0x180 build/obj/chevents.o
                                        0x543 (size before relaxing)
 .debug_str     0x0000000000000fc1      0x11c build/obj/chqueues.o
                                        0x500 (size before relaxing)
 .debug_str     0x00000000000010dd       0x73 build/obj/chmemcore.o
                                        0x251 (size before relaxing)
 .debug_str     0x0000000000001150      0x178 build/obj/hal.o
                                        0x33f (size before relaxing)
 .debug_str     0x00000000000012c8      0x152 build/obj/ext.o
                                        0x34e (size before relaxing)
 .debug_str     0x000000000000141a      0x33e build/obj/i2c.o
                                        0x6ee (size before relaxing)
 .debug_str     0x0000000000001758      0x126 build/obj/serial.o
                                        0x678 (size before relaxing)
 .debug_str     0x000000000000187e       0x6a build/obj/tm.o
                                        0x285 (size before relaxing)
 .debug_str     0x00000000000018e8      0x74a build/obj/stm32_dma.o
                                        0xa3d (size before relaxing)
 .debug_str     0x0000000000002032       0xc1 build/obj/hal_lld.o
                                        0x3e8 (size before relaxing)
 .debug_str     0x00000000000020f3      0x115 build/obj/ext_lld_isr.o
                                        0x8b1 (size before relaxing)
 .debug_str     0x0000000000002208       0x5b build/obj/ext_lld.o
                                        0x362 (size before relaxing)
 .debug_str     0x0000000000002263       0xc7 build/obj/pal_lld.o
                                        0x446 (size before relaxing)
 .debug_str     0x000000000000232a      0x160 build/obj/i2c_lld.o
                                        0xf0f (size before relaxing)
 .debug_str     0x000000000000248a       0x78 build/obj/serial_lld.o
                                        0xc37 (size before relaxing)
 .debug_str     0x0000000000002502       0x36 build/obj/board.o
                                        0x2a9 (size before relaxing)
 .debug_str     0x0000000000002538       0x78 build/obj/main.o
                                        0x880 (size before relaxing)

.comment        0x0000000000000000       0x1d
 .comment       0x0000000000000000       0x1d build/obj/crt0.o
                                         0x1e (size before relaxing)
 .comment       0x0000000000000000       0x1e build/obj/vectors.o
 .comment       0x0000000000000000       0x1e build/obj/chcore.o
 .comment       0x0000000000000000       0x1e build/obj/chcore_v7m.o
 .comment       0x0000000000000000       0x1e build/obj/nvic.o
 .comment       0x0000000000000000       0x1e build/obj/chsys.o
 .comment       0x0000000000000000       0x1e build/obj/chdebug.o
 .comment       0x0000000000000000       0x1e build/obj/chlists.o
 .comment       0x0000000000000000       0x1e build/obj/chvt.o
 .comment       0x0000000000000000       0x1e build/obj/chschd.o
 .comment       0x0000000000000000       0x1e build/obj/chthreads.o
 .comment       0x0000000000000000       0x1e build/obj/chregistry.o
 .comment       0x0000000000000000       0x1e build/obj/chmtx.o
 .comment       0x0000000000000000       0x1e build/obj/chevents.o
 .comment       0x0000000000000000       0x1e build/obj/chqueues.o
 .comment       0x0000000000000000       0x1e build/obj/chmemcore.o
 .comment       0x0000000000000000       0x1e build/obj/hal.o
 .comment       0x0000000000000000       0x1e build/obj/ext.o
 .comment       0x0000000000000000       0x1e build/obj/i2c.o
 .comment       0x0000000000000000       0x1e build/obj/serial.o
 .comment       0x0000000000000000       0x1e build/obj/tm.o
 .comment       0x0000000000000000       0x1e build/obj/stm32_dma.o
 .comment       0x0000000000000000       0x1e build/obj/hal_lld.o
 .comment       0x0000000000000000       0x1e build/obj/ext_lld_isr.o
 .comment       0x0000000000000000       0x1e build/obj/ext_lld.o
 .comment       0x0000000000000000       0x1e build/obj/pal_lld.o
 .comment       0x0000000000000000       0x1e build/obj/i2c_lld.o
 .comment       0x0000000000000000       0x1e build/obj/serial_lld.o
 .comment       0x0000000000000000       0x1e build/obj/board.o
 .comment       0x0000000000000000       0x1e build/obj/main.o

.ARM.attributes
                0x0000000000000000       0x33
 .ARM.attributes
                0x0000000000000000       0x33 build/obj/crt0.o
 .ARM.attributes
                0x0000000000000033       0x33 build/obj/vectors.o
 .ARM.attributes
                0x0000000000000066       0x33 build/obj/chcore.o
 .ARM.attributes
                0x0000000000000099       0x33 build/obj/chcore_v7m.o
 .ARM.attributes
                0x00000000000000cc       0x33 build/obj/nvic.o
 .ARM.attributes
                0x00000000000000ff       0x33 build/obj/chsys.o
 .ARM.attributes
                0x0000000000000132       0x33 build/obj/chdebug.o
 .ARM.attributes
                0x0000000000000165       0x33 build/obj/chlists.o
 .ARM.attributes
                0x0000000000000198       0x33 build/obj/chvt.o
 .ARM.attributes
                0x00000000000001cb       0x33 build/obj/chschd.o
 .ARM.attributes
                0x00000000000001fe       0x33 build/obj/chthreads.o
 .ARM.attributes
                0x0000000000000231       0x33 build/obj/chregistry.o
 .ARM.attributes
                0x0000000000000264       0x33 build/obj/chmtx.o
 .ARM.attributes
                0x0000000000000297       0x33 build/obj/chevents.o
 .ARM.attributes
                0x00000000000002ca       0x33 build/obj/chqueues.o
 .ARM.attributes
                0x00000000000002fd       0x33 build/obj/chmemcore.o
 .ARM.attributes
                0x0000000000000330       0x33 build/obj/hal.o
 .ARM.attributes
                0x0000000000000363       0x33 build/obj/ext.o
 .ARM.attributes
                0x0000000000000396       0x33 build/obj/i2c.o
 .ARM.attributes
                0x00000000000003c9       0x33 build/obj/serial.o
 .ARM.attributes
                0x00000000000003fc       0x33 build/obj/tm.o
 .ARM.attributes
                0x000000000000042f       0x33 build/obj/stm32_dma.o
 .ARM.attributes
                0x0000000000000462       0x33 build/obj/hal_lld.o
 .ARM.attributes
                0x0000000000000495       0x33 build/obj/ext_lld_isr.o
 .ARM.attributes
                0x00000000000004c8       0x33 build/obj/ext_lld.o
 .ARM.attributes
                0x00000000000004fb       0x33 build/obj/pal_lld.o
 .ARM.attributes
                0x000000000000052e       0x33 build/obj/i2c_lld.o
 .ARM.attributes
                0x0000000000000561       0x33 build/obj/serial_lld.o
 .ARM.attributes
                0x0000000000000594       0x33 build/obj/board.o
 .ARM.attributes
                0x00000000000005c7       0x33 build/obj/main.o

.debug_frame    0x0000000000000000     0x18d4
 .debug_frame   0x0000000000000000       0x50 build/obj/crt0.o
 .debug_frame   0x0000000000000050       0x20 build/obj/vectors.o
 .debug_frame   0x0000000000000070       0x20 build/obj/chcore.o
 .debug_frame   0x0000000000000090       0xd4 build/obj/chcore_v7m.o
 .debug_frame   0x0000000000000164       0x64 build/obj/nvic.o
 .debug_frame   0x00000000000001c8       0x64 build/obj/chsys.o
 .debug_frame   0x000000000000022c      0x140 build/obj/chdebug.o
 .debug_frame   0x000000000000036c       0x88 build/obj/chlists.o
 .debug_frame   0x00000000000003f4       0x64 build/obj/chvt.o
 .debug_frame   0x0000000000000458      0x130 build/obj/chschd.o
 .debug_frame   0x0000000000000588      0x1b4 build/obj/chthreads.o
 .debug_frame   0x000000000000073c       0x48 build/obj/chregistry.o
 .debug_frame   0x0000000000000784      0x100 build/obj/chmtx.o
 .debug_frame   0x0000000000000884      0x1c4 build/obj/chevents.o
 .debug_frame   0x0000000000000a48      0x18c build/obj/chqueues.o
 .debug_frame   0x0000000000000bd4       0x68 build/obj/chmemcore.o
 .debug_frame   0x0000000000000c3c       0x54 build/obj/hal.o
 .debug_frame   0x0000000000000c90       0xcc build/obj/ext.o
 .debug_frame   0x0000000000000d5c      0x118 build/obj/i2c.o
 .debug_frame   0x0000000000000e74      0x140 build/obj/serial.o
 .debug_frame   0x0000000000000fb4       0x6c build/obj/tm.o
 .debug_frame   0x0000000000001020      0x234 build/obj/stm32_dma.o
 .debug_frame   0x0000000000001254       0x40 build/obj/hal_lld.o
 .debug_frame   0x0000000000001294      0x1d0 build/obj/ext_lld_isr.o
 .debug_frame   0x0000000000001464       0x8c build/obj/ext_lld.o
 .debug_frame   0x00000000000014f0       0x4c build/obj/pal_lld.o
 .debug_frame   0x000000000000153c      0x24c build/obj/i2c_lld.o
 .debug_frame   0x0000000000001788       0x8c build/obj/serial_lld.o
 .debug_frame   0x0000000000001814       0x30 build/obj/board.o
 .debug_frame   0x0000000000001844       0x90 build/obj/main.o

Cross Reference Table

Symbol                                            File
BusFaultVector                                    build/obj/vectors.o
DebugMonitorVector                                build/obj/vectors.o
EXTD1                                             build/obj/ext_lld.o
                                                  build/obj/ext_lld_isr.o
HardFaultVector                                   build/obj/vectors.o
I2CD1                                             build/obj/i2c_lld.o
I2CD2                                             build/obj/i2c_lld.o
                                                  build/obj/main.o
I2CD3                                             build/obj/i2c_lld.o
MemManageVector                                   build/obj/vectors.o
NMIVector                                         build/obj/vectors.o
PendSVVector                                      build/obj/vectors.o
ResetHandler                                      build/obj/crt0.o
                                                  build/obj/vectors.o
SD2                                               build/obj/serial_lld.o
                                                  build/obj/main.o
SVCallVector                                      build/obj/chcore_v7m.o
                                                  build/obj/vectors.o
SysTickVector                                     build/obj/chcore_v7m.o
                                                  build/obj/vectors.o
TAMPER_STAMP_IRQHandler                           build/obj/ext_lld_isr.o
TestThread                                        build/obj/test.o
UsageFaultVector                                  build/obj/vectors.o
Vector100                                         build/obj/vectors.o
Vector104                                         build/obj/vectors.o
Vector108                                         build/obj/vectors.o
Vector10C                                         build/obj/vectors.o
Vector110                                         build/obj/vectors.o
Vector114                                         build/obj/vectors.o
Vector118                                         build/obj/vectors.o
Vector11C                                         build/obj/vectors.o
Vector120                                         build/obj/stm32_dma.o
                                                  build/obj/vectors.o
Vector124                                         build/obj/stm32_dma.o
                                                  build/obj/vectors.o
Vector128                                         build/obj/stm32_dma.o
                                                  build/obj/vectors.o
Vector12C                                         build/obj/stm32_dma.o
                                                  build/obj/vectors.o
Vector130                                         build/obj/stm32_dma.o
                                                  build/obj/vectors.o
Vector134                                         build/obj/vectors.o
Vector138                                         build/obj/ext_lld_isr.o
                                                  build/obj/vectors.o
Vector13C                                         build/obj/vectors.o
Vector140                                         build/obj/vectors.o
Vector144                                         build/obj/vectors.o
Vector148                                         build/obj/vectors.o
Vector14C                                         build/obj/vectors.o
Vector150                                         build/obj/stm32_dma.o
                                                  build/obj/vectors.o
Vector154                                         build/obj/stm32_dma.o
                                                  build/obj/vectors.o
Vector158                                         build/obj/stm32_dma.o
                                                  build/obj/vectors.o
Vector15C                                         build/obj/vectors.o
Vector160                                         build/obj/i2c_lld.o
                                                  build/obj/vectors.o
Vector164                                         build/obj/i2c_lld.o
                                                  build/obj/vectors.o
Vector168                                         build/obj/vectors.o
Vector16C                                         build/obj/vectors.o
Vector170                                         build/obj/ext_lld_isr.o
                                                  build/obj/vectors.o
Vector174                                         build/obj/vectors.o
Vector178                                         build/obj/vectors.o
Vector17C                                         build/obj/vectors.o
Vector180                                         build/obj/vectors.o
Vector184                                         build/obj/vectors.o
Vector1C                                          build/obj/vectors.o
Vector20                                          build/obj/vectors.o
Vector24                                          build/obj/vectors.o
Vector28                                          build/obj/vectors.o
Vector34                                          build/obj/vectors.o
Vector40                                          build/obj/vectors.o
Vector44                                          build/obj/ext_lld_isr.o
                                                  build/obj/vectors.o
Vector48                                          build/obj/vectors.o
Vector4C                                          build/obj/ext_lld_isr.o
                                                  build/obj/vectors.o
Vector50                                          build/obj/vectors.o
Vector54                                          build/obj/vectors.o
Vector58                                          build/obj/ext_lld_isr.o
                                                  build/obj/vectors.o
Vector5C                                          build/obj/ext_lld_isr.o
                                                  build/obj/vectors.o
Vector60                                          build/obj/ext_lld_isr.o
                                                  build/obj/vectors.o
Vector64                                          build/obj/ext_lld_isr.o
                                                  build/obj/vectors.o
Vector68                                          build/obj/ext_lld_isr.o
                                                  build/obj/vectors.o
Vector6C                                          build/obj/stm32_dma.o
                                                  build/obj/vectors.o
Vector70                                          build/obj/stm32_dma.o
                                                  build/obj/vectors.o
Vector74                                          build/obj/stm32_dma.o
                                                  build/obj/vectors.o
Vector78                                          build/obj/stm32_dma.o
                                                  build/obj/vectors.o
Vector7C                                          build/obj/stm32_dma.o
                                                  build/obj/vectors.o
Vector80                                          build/obj/stm32_dma.o
                                                  build/obj/vectors.o
Vector84                                          build/obj/stm32_dma.o
                                                  build/obj/vectors.o
Vector88                                          build/obj/vectors.o
Vector8C                                          build/obj/vectors.o
Vector90                                          build/obj/vectors.o
Vector94                                          build/obj/vectors.o
Vector98                                          build/obj/vectors.o
Vector9C                                          build/obj/ext_lld_isr.o
                                                  build/obj/vectors.o
VectorA0                                          build/obj/vectors.o
VectorA4                                          build/obj/vectors.o
VectorA8                                          build/obj/vectors.o
VectorAC                                          build/obj/vectors.o
VectorB0                                          build/obj/vectors.o
VectorB4                                          build/obj/vectors.o
VectorB8                                          build/obj/vectors.o
VectorBC                                          build/obj/i2c_lld.o
                                                  build/obj/vectors.o
VectorC0                                          build/obj/i2c_lld.o
                                                  build/obj/vectors.o
VectorC4                                          build/obj/i2c_lld.o
                                                  build/obj/vectors.o
VectorC8                                          build/obj/i2c_lld.o
                                                  build/obj/vectors.o
VectorCC                                          build/obj/vectors.o
VectorD0                                          build/obj/vectors.o
VectorD4                                          build/obj/vectors.o
VectorD8                                          build/obj/serial_lld.o
                                                  build/obj/vectors.o
VectorDC                                          build/obj/vectors.o
VectorE0                                          build/obj/ext_lld_isr.o
                                                  build/obj/vectors.o
VectorE4                                          build/obj/ext_lld_isr.o
                                                  build/obj/vectors.o
VectorE8                                          build/obj/ext_lld_isr.o
                                                  build/obj/vectors.o
VectorEC                                          build/obj/vectors.o
VectorF0                                          build/obj/vectors.o
VectorF4                                          build/obj/vectors.o
VectorF8                                          build/obj/vectors.o
VectorFC                                          build/obj/stm32_dma.o
                                                  build/obj/vectors.o
__early_init                                      build/obj/board.o
                                                  build/obj/crt0.o
__fini_array_end                                  build/obj/crt0.o
__fini_array_start                                build/obj/crt0.o
__heap_base__                                     build/obj/chmemcore.o
__heap_end__                                      build/obj/chmemcore.o
__init_array_end                                  build/obj/crt0.o
__init_array_start                                build/obj/crt0.o
__late_init                                       build/obj/crt0.o
__main_stack_base__                               build/obj/crt0.o
__main_stack_end__                                build/obj/vectors.o
                                                  build/obj/crt0.o
__main_thread_stack_base__                        build/obj/chsys.o
__process_stack_base__                            build/obj/crt0.o
__process_stack_end__                             build/obj/crt0.o
_bss_end                                          build/obj/crt0.o
_bss_start                                        build/obj/crt0.o
_core_init                                        build/obj/chmemcore.o
                                                  build/obj/chsys.o
_data                                             build/obj/crt0.o
_default_exit                                     build/obj/crt0.o
_edata                                            build/obj/crt0.o
_idle_thread                                      build/obj/chsys.o
_idle_thread_wa                                   build/obj/chsys.o
_pal_lld_init                                     build/obj/pal_lld.o
                                                  build/obj/hal.o
_pal_lld_setgroupmode                             build/obj/pal_lld.o
                                                  build/obj/main.o
                                                  build/obj/pal.o
_port_init                                        build/obj/chcore_v7m.o
                                                  build/obj/chsys.o
_port_irq_epilogue                                build/obj/chcore_v7m.o
                                                  build/obj/serial_lld.o
                                                  build/obj/i2c_lld.o
                                                  build/obj/ext_lld_isr.o
                                                  build/obj/stm32_dma.o
_port_lock                                        build/obj/chcore_v7m.o
                                                  build/obj/serial_lld.o
                                                  build/obj/i2c_lld.o
                                                  build/obj/serial.o
                                                  build/obj/i2c.o
                                                  build/obj/ext.o
                                                  build/obj/testbmk.o
                                                  build/obj/testqueues.o
                                                  build/obj/testmbox.o
                                                  build/obj/testmtx.o
                                                  build/obj/testsem.o
                                                  build/obj/testthd.o
                                                  build/obj/test.o
                                                  build/obj/chmempools.o
                                                  build/obj/chmemcore.o
                                                  build/obj/chqueues.o
                                                  build/obj/chmboxes.o
                                                  build/obj/chmsg.o
                                                  build/obj/chevents.o
                                                  build/obj/chmtx.o
                                                  build/obj/chsem.o
                                                  build/obj/chregistry.o
                                                  build/obj/chthreads.o
                                                  build/obj/chschd.o
                                                  build/obj/chdebug.o
                                                  build/obj/chsys.o
_port_switch                                      build/obj/chcore_v7m.o
                                                  build/obj/chschd.o
_port_switch_from_isr                             build/obj/chcore_v7m.o
_port_thread_start                                build/obj/chcore_v7m.o
                                                  build/obj/chthreads.o
_port_unlock                                      build/obj/chcore_v7m.o
                                                  build/obj/serial_lld.o
                                                  build/obj/i2c_lld.o
                                                  build/obj/serial.o
                                                  build/obj/i2c.o
                                                  build/obj/ext.o
                                                  build/obj/testbmk.o
                                                  build/obj/testqueues.o
                                                  build/obj/testmbox.o
                                                  build/obj/testmtx.o
                                                  build/obj/testsem.o
                                                  build/obj/testthd.o
                                                  build/obj/test.o
                                                  build/obj/chmempools.o
                                                  build/obj/chmemcore.o
                                                  build/obj/chqueues.o
                                                  build/obj/chmboxes.o
                                                  build/obj/chmsg.o
                                                  build/obj/chevents.o
                                                  build/obj/chmtx.o
                                                  build/obj/chsem.o
                                                  build/obj/chregistry.o
                                                  build/obj/chthreads.o
                                                  build/obj/chschd.o
                                                  build/obj/chdebug.o
                                                  build/obj/chsys.o
_scheduler_init                                   build/obj/chschd.o
                                                  build/obj/chsys.o
_stm32_dma_streams                                build/obj/stm32_dma.o
                                                  build/obj/i2c_lld.o
_test_assert                                      build/obj/test.o
                                                  build/obj/testqueues.o
                                                  build/obj/testpools.o
                                                  build/obj/testevt.o
                                                  build/obj/testmbox.o
                                                  build/obj/testmtx.o
                                                  build/obj/testsem.o
                                                  build/obj/testthd.o
_test_assert_sequence                             build/obj/test.o
                                                  build/obj/testqueues.o
                                                  build/obj/testevt.o
                                                  build/obj/testmbox.o
                                                  build/obj/testmsg.o
                                                  build/obj/testmtx.o
                                                  build/obj/testsem.o
                                                  build/obj/testthd.o
_test_assert_time_window                          build/obj/test.o
                                                  build/obj/testevt.o
                                                  build/obj/testmtx.o
                                                  build/obj/testsem.o
                                                  build/obj/testthd.o
_test_fail                                        build/obj/test.o
_textdata                                         build/obj/crt0.o
_thread_init                                      build/obj/chthreads.o
                                                  build/obj/chsys.o
_thread_memfill                                   build/obj/chthreads.o
_trace_init                                       build/obj/chdebug.o
                                                  build/obj/chsys.o
_unhandled_exception                              build/obj/vectors.o
_vectors                                          build/obj/vectors.o
_vt_init                                          build/obj/chvt.o
                                                  build/obj/chsys.o
boardInit                                         build/obj/board.o
                                                  build/obj/hal.o
chCoreAlloc                                       build/obj/chmemcore.o
chCoreAllocI                                      build/obj/chmemcore.o
chCoreStatus                                      build/obj/chmemcore.o
chDbgCheckClassI                                  build/obj/chdebug.o
                                                  build/obj/serial.o
                                                  build/obj/chmempools.o
                                                  build/obj/chmemcore.o
                                                  build/obj/chqueues.o
                                                  build/obj/chmboxes.o
                                                  build/obj/chevents.o
                                                  build/obj/chsem.o
                                                  build/obj/chthreads.o
                                                  build/obj/chschd.o
                                                  build/obj/chvt.o
                                                  build/obj/chsys.o
chDbgCheckClassS                                  build/obj/chdebug.o
                                                  build/obj/chmboxes.o
                                                  build/obj/chmtx.o
                                                  build/obj/chsem.o
                                                  build/obj/chschd.o
chDbgPanic                                        build/obj/chdebug.o
                                                  build/obj/i2c_lld.o
                                                  build/obj/stm32_dma.o
                                                  build/obj/serial.o
                                                  build/obj/pal.o
                                                  build/obj/i2c.o
                                                  build/obj/ext.o
                                                  build/obj/chmempools.o
                                                  build/obj/chqueues.o
                                                  build/obj/chmboxes.o
                                                  build/obj/chmsg.o
                                                  build/obj/chevents.o
                                                  build/obj/chmtx.o
                                                  build/obj/chsem.o
                                                  build/obj/chthreads.o
                                                  build/obj/chschd.o
                                                  build/obj/chvt.o
chEvtAddEvents                                    build/obj/chevents.o
                                                  build/obj/testevt.o
chEvtBroadcastFlags                               build/obj/chevents.o
                                                  build/obj/testevt.o
chEvtBroadcastFlagsI                              build/obj/chevents.o
                                                  build/obj/serial_lld.o
                                                  build/obj/serial.o
chEvtDispatch                                     build/obj/chevents.o
                                                  build/obj/testevt.o
chEvtGetAndClearEvents                            build/obj/chevents.o
                                                  build/obj/testevt.o
chEvtGetAndClearFlags                             build/obj/chevents.o
chEvtGetAndClearFlagsI                            build/obj/chevents.o
chEvtRegisterMask                                 build/obj/chevents.o
                                                  build/obj/testevt.o
chEvtSignal                                       build/obj/chevents.o
                                                  build/obj/testevt.o
chEvtSignalI                                      build/obj/chevents.o
chEvtUnregister                                   build/obj/chevents.o
                                                  build/obj/testevt.o
chEvtWaitAll                                      build/obj/chevents.o
                                                  build/obj/testevt.o
chEvtWaitAny                                      build/obj/chevents.o
                                                  build/obj/testevt.o
chEvtWaitOne                                      build/obj/chevents.o
                                                  build/obj/testevt.o
chIQGetTimeout                                    build/obj/chqueues.o
                                                  build/obj/serial.o
                                                  build/obj/testbmk.o
                                                  build/obj/testqueues.o
chIQInit                                          build/obj/chqueues.o
                                                  build/obj/serial.o
                                                  build/obj/testbmk.o
                                                  build/obj/testqueues.o
chIQPutI                                          build/obj/chqueues.o
                                                  build/obj/serial.o
                                                  build/obj/testbmk.o
                                                  build/obj/testqueues.o
chIQReadTimeout                                   build/obj/chqueues.o
                                                  build/obj/serial.o
                                                  build/obj/testqueues.o
chIQResetI                                        build/obj/chqueues.o
                                                  build/obj/serial.o
                                                  build/obj/testqueues.o
chMBFetch                                         build/obj/chmboxes.o
                                                  build/obj/testmbox.o
chMBFetchI                                        build/obj/chmboxes.o
                                                  build/obj/testmbox.o
chMBFetchS                                        build/obj/chmboxes.o
chMBInit                                          build/obj/chmboxes.o
                                                  build/obj/testmbox.o
chMBPost                                          build/obj/chmboxes.o
                                                  build/obj/testmbox.o
chMBPostAhead                                     build/obj/chmboxes.o
                                                  build/obj/testmbox.o
chMBPostAheadI                                    build/obj/chmboxes.o
                                                  build/obj/testmbox.o
chMBPostAheadS                                    build/obj/chmboxes.o
chMBPostI                                         build/obj/chmboxes.o
                                                  build/obj/testmbox.o
chMBPostS                                         build/obj/chmboxes.o
chMBReset                                         build/obj/chmboxes.o
                                                  build/obj/testmbox.o
chMsgRelease                                      build/obj/chmsg.o
                                                  build/obj/testbmk.o
                                                  build/obj/testmsg.o
chMsgSend                                         build/obj/chmsg.o
                                                  build/obj/testbmk.o
                                                  build/obj/testmsg.o
chMsgWait                                         build/obj/chmsg.o
                                                  build/obj/testbmk.o
                                                  build/obj/testmsg.o
chMtxInit                                         build/obj/chmtx.o
                                                  build/obj/i2c.o
                                                  build/obj/testbmk.o
                                                  build/obj/testmtx.o
chMtxLock                                         build/obj/chmtx.o
                                                  build/obj/i2c.o
                                                  build/obj/testbmk.o
                                                  build/obj/testmtx.o
chMtxLockS                                        build/obj/chmtx.o
chMtxTryLock                                      build/obj/chmtx.o
                                                  build/obj/testmtx.o
chMtxTryLockS                                     build/obj/chmtx.o
chMtxUnlock                                       build/obj/chmtx.o
                                                  build/obj/i2c.o
                                                  build/obj/testbmk.o
                                                  build/obj/testmtx.o
chMtxUnlockAll                                    build/obj/chmtx.o
                                                  build/obj/testmtx.o
chMtxUnlockS                                      build/obj/chmtx.o
                                                  build/obj/testmtx.o
chOQGetI                                          build/obj/chqueues.o
                                                  build/obj/serial_lld.o
                                                  build/obj/serial.o
                                                  build/obj/testqueues.o
chOQInit                                          build/obj/chqueues.o
                                                  build/obj/serial.o
                                                  build/obj/testqueues.o
chOQPutTimeout                                    build/obj/chqueues.o
                                                  build/obj/main.o
                                                  build/obj/serial.o
                                                  build/obj/testqueues.o
chOQResetI                                        build/obj/chqueues.o
                                                  build/obj/serial.o
                                                  build/obj/testqueues.o
chOQWriteTimeout                                  build/obj/chqueues.o
                                                  build/obj/main.o
                                                  build/obj/serial.o
                                                  build/obj/testqueues.o
chPoolAlloc                                       build/obj/chmempools.o
                                                  build/obj/testpools.o
chPoolAllocI                                      build/obj/chmempools.o
chPoolFree                                        build/obj/chmempools.o
                                                  build/obj/testpools.o
chPoolFreeI                                       build/obj/chmempools.o
chPoolInit                                        build/obj/chmempools.o
                                                  build/obj/testpools.o
chPoolLoadArray                                   build/obj/chmempools.o
                                                  build/obj/testpools.o
chRegFirstThread                                  build/obj/chregistry.o
chRegNextThread                                   build/obj/chregistry.o
chSchDoReschedule                                 build/obj/chschd.o
                                                  build/obj/chcore_v7m.o
chSchDoRescheduleAhead                            build/obj/chschd.o
chSchDoRescheduleBehind                           build/obj/chschd.o
                                                  build/obj/chthreads.o
chSchGoSleepS                                     build/obj/chschd.o
                                                  build/obj/i2c_lld.o
                                                  build/obj/testbmk.o
                                                  build/obj/chmsg.o
                                                  build/obj/chevents.o
                                                  build/obj/chmtx.o
                                                  build/obj/chsem.o
                                                  build/obj/chthreads.o
chSchGoSleepTimeoutS                              build/obj/chschd.o
                                                  build/obj/chqueues.o
                                                  build/obj/chsem.o
                                                  build/obj/chthreads.o
chSchReadyI                                       build/obj/chschd.o
                                                  build/obj/i2c_lld.o
                                                  build/obj/chqueues.o
                                                  build/obj/chmsg.o
                                                  build/obj/chevents.o
                                                  build/obj/chmtx.o
                                                  build/obj/chsem.o
                                                  build/obj/chthreads.o
chSchRescheduleS                                  build/obj/chschd.o
                                                  build/obj/serial.o
                                                  build/obj/testmtx.o
                                                  build/obj/testsem.o
                                                  build/obj/chmboxes.o
                                                  build/obj/chevents.o
                                                  build/obj/chmtx.o
                                                  build/obj/chsem.o
                                                  build/obj/chthreads.o
chSchWakeupS                                      build/obj/chschd.o
                                                  build/obj/testbmk.o
                                                  build/obj/chmsg.o
                                                  build/obj/chmtx.o
                                                  build/obj/chsem.o
                                                  build/obj/chthreads.o
chSemAddCounterI                                  build/obj/chsem.o
                                                  build/obj/testsem.o
chSemInit                                         build/obj/chsem.o
                                                  build/obj/testbmk.o
                                                  build/obj/testsem.o
                                                  build/obj/chmboxes.o
chSemReset                                        build/obj/chsem.o
                                                  build/obj/testbmk.o
                                                  build/obj/testsem.o