Archive member included because of file (symbol)

/usr/lib/gcc/arm-none-eabi/4.8.2/../../../../arm-none-eabi/lib/thumb/cortex-m4/libc.a(lib_a-memcpy.o)
                              build/obj/sdc_lld.o (memcpy)
/usr/lib/gcc/arm-none-eabi/4.8.2/../../../../arm-none-eabi/lib/thumb/cortex-m4/libc.a(lib_a-memset.o)
                              build/obj/syscalls.o (memset)
/usr/lib/gcc/arm-none-eabi/4.8.2/../../../../arm-none-eabi/lib/thumb/cortex-m4/libc.a(lib_a-strcasecmp.o)
                              build/obj/shell.o (strcasecmp)
/usr/lib/gcc/arm-none-eabi/4.8.2/../../../../arm-none-eabi/lib/thumb/cortex-m4/libc.a(lib_a-strpbrk.o)
                              build/obj/shell.o (strpbrk)
/usr/lib/gcc/arm-none-eabi/4.8.2/../../../../arm-none-eabi/lib/thumb/cortex-m4/libc.a(lib_a-strspn.o)
                              build/obj/shell.o (strspn)
/usr/lib/gcc/arm-none-eabi/4.8.2/../../../../arm-none-eabi/lib/thumb/cortex-m4/libc.a(lib_a-ctype_.o)
                              /usr/lib/gcc/arm-none-eabi/4.8.2/../../../../arm-none-eabi/lib/thumb/cortex-m4/libc.a(lib_a-strcasecmp.o) (__ctype_ptr__)

Discarded input sections

 .text          0x0000000000000000        0x0 build/obj/crt0.o
 .data          0x0000000000000000        0x0 build/obj/crt0.o
 .bss           0x0000000000000000        0x0 build/obj/crt0.o
 .text.__early_init
                0x0000000000000000       0x10 build/obj/crt0.o
 .text          0x0000000000000000        0x0 build/obj/vectors.o
 .data          0x0000000000000000        0x0 build/obj/vectors.o
 .bss           0x0000000000000000        0x0 build/obj/vectors.o
 .text          0x0000000000000000        0x0 build/obj/chcore.o
 .data          0x0000000000000000        0x0 build/obj/chcore.o
 .bss           0x0000000000000000        0x0 build/obj/chcore.o
 .text          0x0000000000000000        0x0 build/obj/chcore_v7m.o
 .data          0x0000000000000000        0x0 build/obj/chcore_v7m.o
 .bss           0x0000000000000000        0x0 build/obj/chcore_v7m.o
 .text          0x0000000000000000        0x0 build/obj/nvic.o
 .data          0x0000000000000000        0x0 build/obj/nvic.o
 .bss           0x0000000000000000        0x0 build/obj/nvic.o
 .text.nvicDisableVector
                0x0000000000000000       0x70 build/obj/nvic.o
 .text          0x0000000000000000        0x0 build/obj/chsys.o
 .data          0x0000000000000000        0x0 build/obj/chsys.o
 .bss           0x0000000000000000        0x0 build/obj/chsys.o
 .text          0x0000000000000000        0x0 build/obj/chdebug.o
 .data          0x0000000000000000        0x0 build/obj/chdebug.o
 .bss           0x0000000000000000        0x0 build/obj/chdebug.o
 .text.dbg_check_disable
                0x0000000000000000       0x30 build/obj/chdebug.o
 .text.dbg_check_suspend
                0x0000000000000000       0x30 build/obj/chdebug.o
 .text          0x0000000000000000        0x0 build/obj/chlists.o
 .data          0x0000000000000000        0x0 build/obj/chlists.o
 .bss           0x0000000000000000        0x0 build/obj/chlists.o
 .debug_info    0x0000000000000000       0x79 build/obj/chlists.o
 .debug_abbrev  0x0000000000000000       0x26 build/obj/chlists.o
 .debug_aranges
                0x0000000000000000       0x18 build/obj/chlists.o
 .debug_line    0x0000000000000000       0x1d build/obj/chlists.o
 .debug_str     0x0000000000000000      0x19a build/obj/chlists.o
 .comment       0x0000000000000000       0x1e build/obj/chlists.o
 .ARM.attributes
                0x0000000000000000       0x33 build/obj/chlists.o
 .text          0x0000000000000000        0x0 build/obj/chvt.o
 .data          0x0000000000000000        0x0 build/obj/chvt.o
 .bss           0x0000000000000000        0x0 build/obj/chvt.o
 .text          0x0000000000000000        0x0 build/obj/chschd.o
 .data          0x0000000000000000        0x0 build/obj/chschd.o
 .bss           0x0000000000000000        0x0 build/obj/chschd.o
 .text.chSchRescheduleS
                0x0000000000000000       0x30 build/obj/chschd.o
 .text          0x0000000000000000        0x0 build/obj/chthreads.o
 .data          0x0000000000000000        0x0 build/obj/chthreads.o
 .bss           0x0000000000000000        0x0 build/obj/chthreads.o
 .text.list_insert
                0x0000000000000000       0x20 build/obj/chthreads.o
 .text.chThdSetPriority
                0x0000000000000000       0xa0 build/obj/chthreads.o
 .text.chThdResume
                0x0000000000000000       0x50 build/obj/chthreads.o
 .text.chThdTerminate
                0x0000000000000000       0x40 build/obj/chthreads.o
 .text.chThdSleepUntil
                0x0000000000000000       0x40 build/obj/chthreads.o
 .text.chThdYield
                0x0000000000000000       0x40 build/obj/chthreads.o
 .text.chThdWait
                0x0000000000000000       0xa0 build/obj/chthreads.o
 .text          0x0000000000000000        0x0 build/obj/chdynamic.o
 .data          0x0000000000000000        0x0 build/obj/chdynamic.o
[...]
Memory Configuration

Name             Origin             Length             Attributes
flash            0x0000000008000000 0x0000000000100000
ram              0x0000000020000000 0x000000000001c000
ethram           0x000000002001c000 0x0000000000004000
ccmram           0x0000000010000000 0x0000000000010000
*default*        0x0000000000000000 0xffffffffffffffff

Linker script and memory map

LOAD build/obj/crt0.o
LOAD build/obj/vectors.o
LOAD build/obj/chcore.o
LOAD build/obj/chcore_v7m.o
LOAD build/obj/nvic.o
LOAD build/obj/chsys.o
LOAD build/obj/chdebug.o
LOAD build/obj/chlists.o
LOAD build/obj/chvt.o
LOAD build/obj/chschd.o
LOAD build/obj/chthreads.o
LOAD build/obj/chdynamic.o
LOAD build/obj/chregistry.o
LOAD build/obj/chsem.o
LOAD build/obj/chmtx.o
LOAD build/obj/chcond.o
LOAD build/obj/chevents.o
LOAD build/obj/chmsg.o
LOAD build/obj/chmboxes.o
LOAD build/obj/chqueues.o
LOAD build/obj/chmemcore.o
LOAD build/obj/chheap.o
LOAD build/obj/chmempools.o
LOAD build/obj/hal.o
LOAD build/obj/adc.o
LOAD build/obj/can.o
LOAD build/obj/ext.o
LOAD build/obj/gpt.o
LOAD build/obj/i2c.o
LOAD build/obj/icu.o
LOAD build/obj/mac.o
LOAD build/obj/mmc_spi.o
LOAD build/obj/mmcsd.o
LOAD build/obj/pal.o
LOAD build/obj/pwm.o
LOAD build/obj/rtc.o
LOAD build/obj/sdc.o
LOAD build/obj/serial.o
LOAD build/obj/serial_usb.o
LOAD build/obj/spi.o
LOAD build/obj/tm.o
LOAD build/obj/uart.o
LOAD build/obj/usb.o
LOAD build/obj/stm32_dma.o
LOAD build/obj/hal_lld.o
LOAD build/obj/adc_lld.o
LOAD build/obj/ext_lld_isr.o
LOAD build/obj/can_lld.o
LOAD build/obj/ext_lld.o
LOAD build/obj/mac_lld.o
LOAD build/obj/sdc_lld.o
LOAD build/obj/pal_lld.o
LOAD build/obj/i2c_lld.o
LOAD build/obj/usb_lld.o
LOAD build/obj/rtc_lld.o
LOAD build/obj/spi_lld.o
LOAD build/obj/gpt_lld.o
LOAD build/obj/icu_lld.o
LOAD build/obj/pwm_lld.o
LOAD build/obj/serial_lld.o
LOAD build/obj/uart_lld.o
LOAD build/obj/board.o
LOAD build/obj/fatfs_diskio.o
LOAD build/obj/fatfs_syscall.o
LOAD build/obj/ff.o
LOAD build/obj/ccsbcs.o
LOAD build/obj/evtimer.o
LOAD build/obj/syscalls.o
LOAD build/obj/shell.o
LOAD build/obj/chprintf.o
LOAD build/obj/main.o
START GROUP
LOAD /usr/lib/gcc/arm-none-eabi/4.8.2/thumb/cortex-m4/libgcc.a
LOAD /usr/lib/gcc/arm-none-eabi/4.8.2/../../../../arm-none-eabi/lib/thumb/cortex-m4/libc.a
END GROUP
                0x0000000000000400                __main_stack_size__ = 0x400
                0x0000000000000400                __process_stack_size__ = 0x400
                0x0000000020000000                __ram_start__ = ORIGIN (ram)
                0x000000000001c000                __ram_size__ = 0x1c000
                0x000000002001c000                __ram_end__ = (__ram_start__ + __ram_size__)
                0x0000000000000000                . = 0x0
                0x0000000000000000                _text = .

startup         0x0000000008000000      0x188
 *(vectors)
 vectors        0x0000000008000000      0x188 build/obj/vectors.o
                0x0000000008000000                _vectors

constructors    0x0000000008000188        0x0
                0x0000000008000188                PROVIDE (__init_array_start, .)
 *(SORT(.init_array.*))
 *(.init_array)
                0x0000000008000188                PROVIDE (__init_array_end, .)

destructors     0x0000000008000188        0x0
                0x0000000008000188                PROVIDE (__fini_array_start, .)
 *(.fini_array)
 *(SORT(.fini_array.*))
                0x0000000008000188                PROVIDE (__fini_array_end, .)

.text           0x0000000008000190     0x8060
 *(.text.startup.*)
 *(.text)
 .text          0x0000000008000190      0x134 /usr/lib/gcc/arm-none-eabi/4.8.2/../../../../arm-none-eabi/lib/thumb/cortex-m4/libc.a(lib_a-memcpy.o)
                0x0000000008000190                memcpy
 *(.text.*)
 *fill*         0x00000000080002c4        0xc 
 .text.__late_init
                0x00000000080002d0       0x10 build/obj/crt0.o
                0x00000000080002d0                __late_init
 .text._default_exit
                0x00000000080002e0       0x10 build/obj/crt0.o
                0x00000000080002e0                _default_exit
 .text.ResetHandler
                0x00000000080002f0       0xf0 build/obj/crt0.o
                0x00000000080002f0                ResetHandler
 .text._unhandled_exception
                0x00000000080003e0       0x10 build/obj/vectors.o
                0x00000000080003e0                Vector58
                0x00000000080003e0                VectorE8
                0x00000000080003e0                Vector9C
                0x00000000080003e0                VectorAC
                0x00000000080003e0                Vector5C
                0x00000000080003e0                NMIVector
                0x00000000080003e0                Vector11C
                0x00000000080003e0                Vector8C
                0x00000000080003e0                VectorDC
                0x00000000080003e0                Vector168
                0x00000000080003e0                Vector110
                0x00000000080003e0                VectorC8
                0x00000000080003e0                Vector94
                0x00000000080003e0                VectorA8
                0x00000000080003e0                VectorB4
                0x00000000080003e0                Vector160
                0x00000000080003e0                VectorEC
                0x00000000080003e0                UsageFaultVector
                0x00000000080003e0                DebugMonitorVector
                0x00000000080003e0                Vector40
                0x00000000080003e0                VectorF8
                0x00000000080003e0                Vector108
                0x00000000080003e0                VectorBC
                0x00000000080003e0                Vector148
                0x00000000080003e0                PendSVVector
                0x00000000080003e0                Vector118
                0x00000000080003e0                Vector64
                0x00000000080003e0                VectorCC
                0x00000000080003e0                Vector54
                0x00000000080003e0                Vector98
                0x00000000080003e0                Vector138
                0x00000000080003e0                Vector24
                0x00000000080003e0                Vector178
                0x00000000080003e0                BusFaultVector
                0x00000000080003e0                VectorD0
                0x00000000080003e0                Vector140
                0x00000000080003e0                VectorE4
                0x00000000080003e0                VectorC0
                0x00000000080003e0                HardFaultVector
                0x00000000080003e0                Vector134
                0x00000000080003e0                VectorF0
                0x00000000080003e0                Vector13C
                0x00000000080003e0                Vector100
                0x00000000080003e0                VectorE0
                0x00000000080003e0                VectorF4
                0x00000000080003e0                MemManageVector
                0x00000000080003e0                VectorA0
                0x00000000080003e0                VectorC4
                0x00000000080003e0                Vector180
                0x00000000080003e0                VectorB0
                0x00000000080003e0                Vector90
                0x00000000080003e0                Vector114
                0x00000000080003e0                Vector164
                0x00000000080003e0                Vector60
                0x00000000080003e0                Vector1C
                0x00000000080003e0                Vector17C
                0x00000000080003e0                Vector48
                0x00000000080003e0                Vector16C
                0x00000000080003e0                VectorD4
                0x00000000080003e0                Vector4C
                0x00000000080003e0                Vector144
                0x00000000080003e0                Vector15C
                0x00000000080003e0                Vector68
                0x00000000080003e0                _unhandled_exception
                0x00000000080003e0                Vector170
                0x00000000080003e0                Vector88
                0x00000000080003e0                Vector184
                0x00000000080003e0                Vector10C
                0x00000000080003e0                Vector14C
                0x00000000080003e0                Vector50
                0x00000000080003e0                Vector44
                0x00000000080003e0                Vector28
                0x00000000080003e0                VectorB8
                0x00000000080003e0                Vector34
                0x00000000080003e0                VectorA4
                0x00000000080003e0                Vector20
                0x00000000080003e0                Vector174
 .text.port_halt
                0x00000000080003f0       0x10 build/obj/chcore.o
                0x00000000080003f0                port_halt
 .text.SysTickVector
                0x0000000008000400       0x30 build/obj/chcore_v7m.o
                0x0000000008000400                SysTickVector
 .text.SVCallVector
                0x0000000008000430       0x20 build/obj/chcore_v7m.o
                0x0000000008000430                SVCallVector
 .text._port_init
                0x0000000008000450       0x40 build/obj/chcore_v7m.o
                0x0000000008000450                _port_init
 .text._port_irq_epilogue
                0x0000000008000490       0xc0 build/obj/chcore_v7m.o
                0x0000000008000490                _port_irq_epilogue
 .text._port_switch_from_isr
                0x0000000008000550       0x10 build/obj/chcore_v7m.o
                0x0000000008000550                _port_switch_from_isr
 .text._port_switch
                0x0000000008000560       0x20 build/obj/chcore_v7m.o
                0x0000000008000560                _port_switch
 .text._port_thread_start
                0x0000000008000580       0x20 build/obj/chcore_v7m.o
                0x0000000008000580                _port_thread_start
 .text.nvicEnableVector
                0x00000000080005a0       0x90 build/obj/nvic.o
                0x00000000080005a0                nvicEnableVector
 .text.nvicSetSystemHandlerPriority
                0x0000000008000630       0x60 build/obj/nvic.o
                0x0000000008000630                nvicSetSystemHandlerPriority
 .text._idle_thread
                0x0000000008000690       0x20 build/obj/chsys.o
                0x0000000008000690                _idle_thread
 .text.chSysInit
                0x00000000080006b0       0xa0 build/obj/chsys.o
                0x00000000080006b0                chSysInit
 .text.chSysTimerHandlerI
                0x0000000008000750       0xe0 build/obj/chsys.o
                0x0000000008000750                chSysTimerHandlerI
 .text.dbg_check_enable
                0x0000000008000830       0x30 build/obj/chdebug.o
                0x0000000008000830                dbg_check_enable
 .text.dbg_check_lock
                0x0000000008000860       0x40 build/obj/chdebug.o
                0x0000000008000860                dbg_check_lock
 .text.dbg_check_unlock
                0x00000000080008a0       0x40 build/obj/chdebug.o
                0x00000000080008a0                dbg_check_unlock
 .text.dbg_check_lock_from_isr
                0x00000000080008e0       0x40 build/obj/chdebug.o
                0x00000000080008e0                dbg_check_lock_from_isr
 .text.dbg_check_unlock_from_isr
                0x0000000008000920       0x40 build/obj/chdebug.o
                0x0000000008000920                dbg_check_unlock_from_isr
 .text.dbg_check_enter_isr
                0x0000000008000960       0x50 build/obj/chdebug.o
                0x0000000008000960                dbg_check_enter_isr
 .text.dbg_check_leave_isr
                0x00000000080009b0       0x50 build/obj/chdebug.o
                0x00000000080009b0                dbg_check_leave_isr
 .text.chDbgCheckClassI
                0x0000000008000a00       0x30 build/obj/chdebug.o
                0x0000000008000a00                chDbgCheckClassI
 .text.chDbgCheckClassS
                0x0000000008000a30       0x30 build/obj/chdebug.o
                0x0000000008000a30                chDbgCheckClassS
 .text._trace_init
                0x0000000008000a60       0x20 build/obj/chdebug.o
                0x0000000008000a60                _trace_init
 .text.dbg_trace
                0x0000000008000a80       0xa0 build/obj/chdebug.o
                0x0000000008000a80                dbg_trace
 .text.chDbgPanic
                0x0000000008000b20       0x20 build/obj/chdebug.o
                0x0000000008000b20                chDbgPanic
 .text._vt_init
                0x0000000008000b40       0x50 build/obj/chvt.o
                0x0000000008000b40                _vt_init
 .text.chVTSetI
                0x0000000008000b90       0xb0 build/obj/chvt.o
                0x0000000008000b90                chVTSetI
 .text.chVTResetI
                0x0000000008000c40       0x80 build/obj/chvt.o
                0x0000000008000c40                chVTResetI
 .text.fifo_remove
                0x0000000008000cc0       0x30 build/obj/chschd.o
 .text.dequeue  0x0000000008000cf0       0x20 build/obj/chschd.o
 .text._scheduler_init
                0x0000000008000d10       0x60 build/obj/chschd.o
                0x0000000008000d10                _scheduler_init
 .text.chSchReadyI
                0x0000000008000d70       0x80 build/obj/chschd.o
                0x0000000008000d70                chSchReadyI
 .text.chSchGoSleepS
                0x0000000008000df0       0x90 build/obj/chschd.o
                0x0000000008000df0                chSchGoSleepS
 .text.wakeup   0x0000000008000e80       0xa0 build/obj/chschd.o
 .text.chSchGoSleepTimeoutS
                0x0000000008000f20       0x70 build/obj/chschd.o
                0x0000000008000f20                chSchGoSleepTimeoutS
 .text.chSchWakeupS
                0x0000000008000f90       0x90 build/obj/chschd.o
                0x0000000008000f90                chSchWakeupS
 .text.chSchDoRescheduleBehind
                0x0000000008001020       0x80 build/obj/chschd.o
                0x0000000008001020                chSchDoRescheduleBehind
 .text.chSchDoRescheduleAhead
                0x00000000080010a0       0xc0 build/obj/chschd.o
                0x00000000080010a0                chSchDoRescheduleAhead
 .text.chSchDoReschedule
                0x0000000008001160       0x20 build/obj/chschd.o
                0x0000000008001160                chSchDoReschedule
 .text.list_remove
                0x0000000008001180       0x20 build/obj/chthreads.o
 .text._thread_init
                0x00000000080011a0       0xb0 build/obj/chthreads.o
                0x00000000080011a0                _thread_init
 .text._thread_memfill
                0x0000000008001250       0x30 build/obj/chthreads.o
                0x0000000008001250                _thread_memfill
 .text.chThdCreateI
                0x0000000008001280       0x80 build/obj/chthreads.o
                0x0000000008001280                chThdCreateI
 .text.chThdCreateStatic
                0x0000000008001300       0x70 build/obj/chthreads.o
                0x0000000008001300                chThdCreateStatic
 .text.chThdSleep
                0x0000000008001370       0x40 build/obj/chthreads.o
                0x0000000008001370                chThdSleep
 .text.chThdExit
                0x00000000080013b0       0x20 build/obj/chthreads.o
                0x00000000080013b0                chThdExit
 .text.chThdExitS
                0x00000000080013d0       0x80 build/obj/chthreads.o
                0x00000000080013d0                chThdExitS
 .text.prio_insert
                0x0000000008001450       0x50 build/obj/chmtx.o
 .text.fifo_remove
                0x00000000080014a0       0x30 build/obj/chmtx.o
 .text.dequeue  0x00000000080014d0       0x20 build/obj/chmtx.o
 .text.chMtxInit
                0x00000000080014f0       0x40 build/obj/chmtx.o
                0x00000000080014f0                chMtxInit
 .text.chMtxLock
                0x0000000008001530       0x30 build/obj/chmtx.o
                0x0000000008001530                chMtxLock
 .text.chMtxLockS
                0x0000000008001560      0x110 build/obj/chmtx.o
                0x0000000008001560                chMtxLockS
 .text.chMtxUnlock
                0x0000000008001670       0xe0 build/obj/chmtx.o
                0x0000000008001670                chMtxUnlock
 .text.chEvtBroadcastFlagsI
                0x0000000008001750       0x60 build/obj/chevents.o
                0x0000000008001750                chEvtBroadcastFlagsI
 .text.chEvtSignalI
                0x00000000080017b0       0x70 build/obj/chevents.o
                0x00000000080017b0                chEvtSignalI
 .text.queue_insert
                0x0000000008001820       0x30 build/obj/chqueues.o
 .text.fifo_remove
                0x0000000008001850       0x30 build/obj/chqueues.o
 .text.qwait    0x0000000008001880       0x50 build/obj/chqueues.o
 .text.chIQInit
                0x00000000080018d0       0x50 build/obj/chqueues.o
                0x00000000080018d0                chIQInit
 .text.chIQPutI
                0x0000000008001920       0xa0 build/obj/chqueues.o
                0x0000000008001920                chIQPutI
 .text.chIQGetTimeout
                0x00000000080019c0       0x90 build/obj/chqueues.o
                0x00000000080019c0                chIQGetTimeout
 .text.chIQReadTimeout
                0x0000000008001a50       0xd0 build/obj/chqueues.o
                0x0000000008001a50                chIQReadTimeout
 .text.chOQInit
                0x0000000008001b20       0x50 build/obj/chqueues.o
                0x0000000008001b20                chOQInit
 .text.chOQPutTimeout
                0x0000000008001b70       0xa0 build/obj/chqueues.o
                0x0000000008001b70                chOQPutTimeout
 .text.chOQGetI
                0x0000000008001c10       0x90 build/obj/chqueues.o
                0x0000000008001c10                chOQGetI
 .text.chOQWriteTimeout
                0x0000000008001ca0       0xd0 build/obj/chqueues.o
                0x0000000008001ca0                chOQWriteTimeout
 .text._core_init
                0x0000000008001d70       0x40 build/obj/chmemcore.o
                0x0000000008001d70                _core_init
 .text.chCoreAlloc
                0x0000000008001db0       0x30 build/obj/chmemcore.o
                0x0000000008001db0                chCoreAlloc
 .text.chCoreAllocI
                0x0000000008001de0       0x70 build/obj/chmemcore.o
                0x0000000008001de0                chCoreAllocI
 .text._heap_init
                0x0000000008001e50       0x40 build/obj/chheap.o
                0x0000000008001e50                _heap_init
 .text.chHeapAlloc
                0x0000000008001e90       0xf0 build/obj/chheap.o
                0x0000000008001e90                chHeapAlloc
 .text.chHeapFree
                0x0000000008001f80      0x100 build/obj/chheap.o
                0x0000000008001f80                chHeapFree
 .text.halInit  0x0000000008002080       0x20 build/obj/hal.o
                0x0000000008002080                halInit
 .text.mmcsd_get_slice
                0x00000000080020a0       0xa0 build/obj/mmcsd.o
 .text.mmcsdGetCapacity
                0x0000000008002140       0x70 build/obj/mmcsd.o
                0x0000000008002140                mmcsdGetCapacity
 .text._sdc_wait_for_transfer_state
                0x00000000080021b0       0x60 build/obj/sdc.o
                0x00000000080021b0                _sdc_wait_for_transfer_state
 .text.sdcInit  0x0000000008002210       0x10 build/obj/sdc.o
                0x0000000008002210                sdcInit
 .text.sdcObjectInit
                0x0000000008002220       0x30 build/obj/sdc.o
                0x0000000008002220                sdcObjectInit
 .text.sdcStart
                0x0000000008002250       0x70 build/obj/sdc.o
                0x0000000008002250                sdcStart
 .text.sdcConnect
                0x00000000080022c0      0x260 build/obj/sdc.o
                0x00000000080022c0                sdcConnect
 .text.sdcDisconnect
                0x0000000008002520       0xa0 build/obj/sdc.o
                0x0000000008002520                sdcDisconnect
 .text.sdcRead  0x00000000080025c0       0x90 build/obj/sdc.o
                0x00000000080025c0                sdcRead
 .text.sdcWrite
                0x0000000008002650       0x90 build/obj/sdc.o
                0x0000000008002650                sdcWrite
 .text.sdcSync  0x00000000080026e0       0x50 build/obj/sdc.o
                0x00000000080026e0                sdcSync
 .text.sdcGetInfo
                0x0000000008002730       0x50 build/obj/sdc.o
                0x0000000008002730                sdcGetInfo
 .text.sdcErase
                0x0000000008002780       0xe0 build/obj/sdc.o
                0x0000000008002780                sdcErase
 .text.write    0x0000000008002860       0x30 build/obj/serial.o
 .text.read     0x0000000008002890       0x30 build/obj/serial.o
 .text.put      0x00000000080028c0       0x30 build/obj/serial.o
 .text.get      0x00000000080028f0       0x20 build/obj/serial.o
 .text.putt     0x0000000008002910       0x30 build/obj/serial.o
 .text.gett     0x0000000008002940       0x20 build/obj/serial.o
 .text.writet   0x0000000008002960       0x30 build/obj/serial.o
 .text.readt    0x0000000008002990       0x30 build/obj/serial.o
 .text.sdInit   0x00000000080029c0       0x10 build/obj/serial.o
                0x00000000080029c0                sdInit
 .text.sdObjectInit
                0x00000000080029d0       0x60 build/obj/serial.o
                0x00000000080029d0                sdObjectInit
 .text.sdStart  0x0000000008002a30       0x60 build/obj/serial.o
                0x0000000008002a30                sdStart
 .text.sdIncomingDataI
                0x0000000008002a90       0x60 build/obj/serial.o
                0x0000000008002a90                sdIncomingDataI
 .text.Vector6C
                0x0000000008002af0       0x60 build/obj/stm32_dma.o
                0x0000000008002af0                Vector6C
 .text.Vector70
                0x0000000008002b50       0x60 build/obj/stm32_dma.o
                0x0000000008002b50                Vector70
 .text.Vector74
                0x0000000008002bb0       0x60 build/obj/stm32_dma.o
                0x0000000008002bb0                Vector74
 .text.Vector78
                0x0000000008002c10       0x60 build/obj/stm32_dma.o
                0x0000000008002c10                Vector78
 .text.Vector7C
                0x0000000008002c70       0x60 build/obj/stm32_dma.o
                0x0000000008002c70                Vector7C
 .text.Vector80
                0x0000000008002cd0       0x60 build/obj/stm32_dma.o
                0x0000000008002cd0                Vector80
 .text.Vector84
                0x0000000008002d30       0x60 build/obj/stm32_dma.o
                0x0000000008002d30                Vector84
 .text.VectorFC
                0x0000000008002d90       0x60 build/obj/stm32_dma.o
                0x0000000008002d90                VectorFC
 .text.Vector120
                0x0000000008002df0       0x60 build/obj/stm32_dma.o
                0x0000000008002df0                Vector120
 .text.Vector124
                0x0000000008002e50       0x60 build/obj/stm32_dma.o
                0x0000000008002e50                Vector124
 .text.Vector128
                0x0000000008002eb0       0x60 build/obj/stm32_dma.o
                0x0000000008002eb0                Vector128
 .text.Vector12C
                0x0000000008002f10       0x60 build/obj/stm32_dma.o
                0x0000000008002f10                Vector12C
 .text.Vector130
                0x0000000008002f70       0x60 build/obj/stm32_dma.o
                0x0000000008002f70                Vector130
 .text.Vector150
                0x0000000008002fd0       0x60 build/obj/stm32_dma.o
                0x0000000008002fd0                Vector150
 .text.Vector154
                0x0000000008003030       0x60 build/obj/stm32_dma.o
                0x0000000008003030                Vector154
 .text.Vector158
                0x0000000008003090       0x60 build/obj/stm32_dma.o
                0x0000000008003090                Vector158
 .text.dmaInit  0x00000000080030f0       0x90 build/obj/stm32_dma.o
                0x00000000080030f0                dmaInit
 .text.dmaStreamAllocate
                0x0000000008003180      0x140 build/obj/stm32_dma.o
                0x0000000008003180                dmaStreamAllocate
 .text.hal_lld_backup_domain_init
                0x00000000080032c0       0x60 build/obj/hal_lld.o
 .text.hal_lld_init
                0x0000000008003320      0x110 build/obj/hal_lld.o
                0x0000000008003320                hal_lld_init
 .text.stm32_clock_init
                0x0000000008003430      0x1b0 build/obj/hal_lld.o
                0x0000000008003430                stm32_clock_init
 .text.sdc_lld_prepare_read
                0x00000000080035e0       0x80 build/obj/sdc_lld.o
 .text.sdc_lld_prepare_write
                0x0000000008003660       0x80 build/obj/sdc_lld.o
 .text.sdc_lld_wait_transaction_end
                0x00000000080036e0       0xf0 build/obj/sdc_lld.o
 .text.sdc_lld_collect_errors
                0x00000000080037d0       0xa0 build/obj/sdc_lld.o
 .text.sdc_lld_error_cleanup
                0x0000000008003870       0xb0 build/obj/sdc_lld.o
 .text.Vector104
                0x0000000008003920       0x60 build/obj/sdc_lld.o
                0x0000000008003920                Vector104
 .text.sdc_lld_init
                0x0000000008003980       0x40 build/obj/sdc_lld.o
                0x0000000008003980                sdc_lld_init
 .text.sdc_lld_start
                0x00000000080039c0       0xd0 build/obj/sdc_lld.o
                0x00000000080039c0                sdc_lld_start
 .text.sdc_lld_start_clk
                0x0000000008003a90       0x50 build/obj/sdc_lld.o
                0x0000000008003a90                sdc_lld_start_clk
 .text.sdc_lld_set_data_clk
                0x0000000008003ae0       0x20 build/obj/sdc_lld.o
                0x0000000008003ae0                sdc_lld_set_data_clk
 .text.sdc_lld_stop_clk
                0x0000000008003b00       0x20 build/obj/sdc_lld.o
                0x0000000008003b00                sdc_lld_stop_clk
 .text.sdc_lld_set_bus_mode
                0x0000000008003b20       0x60 build/obj/sdc_lld.o
                0x0000000008003b20                sdc_lld_set_bus_mode
 .text.sdc_lld_send_cmd_none
                0x0000000008003b80       0x50 build/obj/sdc_lld.o
                0x0000000008003b80                sdc_lld_send_cmd_none
 .text.sdc_lld_send_cmd_short
                0x0000000008003bd0       0x90 build/obj/sdc_lld.o
                0x0000000008003bd0                sdc_lld_send_cmd_short
 .text.sdc_lld_send_cmd_short_crc
                0x0000000008003c60       0x90 build/obj/sdc_lld.o
                0x0000000008003c60                sdc_lld_send_cmd_short_crc
 .text.sdc_lld_send_cmd_long_crc
                0x0000000008003cf0       0xc0 build/obj/sdc_lld.o
                0x0000000008003cf0                sdc_lld_send_cmd_long_crc
 .text.sdc_lld_read_aligned
                0x0000000008003db0      0x100 build/obj/sdc_lld.o
                0x0000000008003db0                sdc_lld_read_aligned
 .text.sdc_lld_write_aligned
                0x0000000008003eb0      0x100 build/obj/sdc_lld.o
                0x0000000008003eb0                sdc_lld_write_aligned
 .text.sdc_lld_read
                0x0000000008003fb0       0x90 build/obj/sdc_lld.o
                0x0000000008003fb0                sdc_lld_read
 .text.sdc_lld_write
                0x0000000008004040       0x90 build/obj/sdc_lld.o
                0x0000000008004040                sdc_lld_write
 .text.sdc_lld_sync
                0x00000000080040d0       0x10 build/obj/sdc_lld.o
                0x00000000080040d0                sdc_lld_sync
 .text.initgpio
                0x00000000080040e0       0x50 build/obj/pal_lld.o
 .text._pal_lld_init
                0x0000000008004130       0xf0 build/obj/pal_lld.o
                0x0000000008004130                _pal_lld_init
 .text._pal_lld_setgroupmode
                0x0000000008004220      0x130 build/obj/pal_lld.o
                0x0000000008004220                _pal_lld_setgroupmode
 .text.usart_init
                0x0000000008004350       0xa0 build/obj/serial_lld.o
 .text.set_error
                0x00000000080043f0       0x80 build/obj/serial_lld.o
 .text.serve_interrupt
                0x0000000008004470      0x160 build/obj/serial_lld.o
 .text.notify2  0x00000000080045d0       0x30 build/obj/serial_lld.o
 .text.VectorD8
                0x0000000008004600       0x20 build/obj/serial_lld.o
                0x0000000008004600                VectorD8
 .text.sd_lld_init
                0x0000000008004620       0x30 build/obj/serial_lld.o
                0x0000000008004620                sd_lld_init
 .text.sd_lld_start
                0x0000000008004650       0x60 build/obj/serial_lld.o
                0x0000000008004650                sd_lld_start
 .text.__early_init
                0x00000000080046b0       0x10 build/obj/board.o
                0x00000000080046b0                __early_init
 .text.sdc_lld_is_card_inserted
                0x00000000080046c0       0x10 build/obj/board.o
                0x00000000080046c0                sdc_lld_is_card_inserted
 .text.sdc_lld_is_write_protected
                0x00000000080046d0       0x10 build/obj/board.o
                0x00000000080046d0                sdc_lld_is_write_protected
 .text.boardInit
                0x00000000080046e0       0x10 build/obj/board.o
                0x00000000080046e0                boardInit
 .text.disk_initialize
                0x00000000080046f0       0x60 build/obj/fatfs_diskio.o
                0x00000000080046f0                disk_initialize
 .text.disk_status
                0x0000000008004750       0x60 build/obj/fatfs_diskio.o
                0x0000000008004750                disk_status
 .text.disk_read
                0x00000000080047b0       0x60 build/obj/fatfs_diskio.o
                0x00000000080047b0                disk_read
 .text.disk_write
                0x0000000008004810       0x60 build/obj/fatfs_diskio.o
                0x0000000008004810                disk_write
 .text.disk_ioctl
                0x0000000008004870       0xa0 build/obj/fatfs_diskio.o
                0x0000000008004870                disk_ioctl
 .text.get_fattime
                0x0000000008004910       0x10 build/obj/fatfs_diskio.o
                0x0000000008004910                get_fattime
 .text.ff_memalloc
                0x0000000008004920       0x20 build/obj/fatfs_syscall.o
                0x0000000008004920                ff_memalloc
 .text.ff_memfree
                0x0000000008004940       0x20 build/obj/fatfs_syscall.o
                0x0000000008004940                ff_memfree
 .text.mem_cpy  0x0000000008004960       0x60 build/obj/ff.o
 .text.mem_set  0x00000000080049c0       0x30 build/obj/ff.o
 .text.mem_cmp  0x00000000080049f0       0x50 build/obj/ff.o
 .text.chk_chr  0x0000000008004a40       0x30 build/obj/ff.o
 .text.move_window
                0x0000000008004a70       0xc0 build/obj/ff.o
 .text.sync     0x0000000008004b30       0xd0 build/obj/ff.o
 .text.clust2sect
                0x0000000008004c00       0x40 build/obj/ff.o
                0x0000000008004c00                clust2sect
 .text.get_fat  0x0000000008004c40      0x130 build/obj/ff.o
                0x0000000008004c40                get_fat
 .text.put_fat  0x0000000008004d70      0x1b0 build/obj/ff.o
                0x0000000008004d70                put_fat
 .text.remove_chain
                0x0000000008004f20      0x100 build/obj/ff.o
 .text.create_chain
                0x0000000008005020      0x120 build/obj/ff.o
 .text.dir_sdi  0x0000000008005140      0x120 build/obj/ff.o
 .text.dir_next
                0x0000000008005260      0x1c0 build/obj/ff.o
 .text.cmp_lfn  0x0000000008005420       0xd0 build/obj/ff.o
 .text.fit_lfn  0x00000000080054f0       0xd0 build/obj/ff.o
 .text.gen_numname
                0x00000000080055c0       0xf0 build/obj/ff.o
                0x00000000080055c0                gen_numname
 .text.sum_sfn  0x00000000080056b0       0x40 build/obj/ff.o
 .text.dir_find
                0x00000000080056f0      0x190 build/obj/ff.o
 .text.dir_register
                0x0000000008005880      0x2c0 build/obj/ff.o
 .text.create_name
                0x0000000008005b40      0x3b0 build/obj/ff.o
 .text.follow_path
                0x0000000008005ef0       0xf0 build/obj/ff.o
 .text.check_fs
                0x0000000008005fe0       0x80 build/obj/ff.o
 .text.chk_mounted
                0x0000000008006060      0x420 build/obj/ff.o
 .text.validate
                0x0000000008006480       0x50 build/obj/ff.o
 .text.f_mount  0x00000000080064d0       0x60 build/obj/ff.o
                0x00000000080064d0                f_mount
 .text.f_open   0x0000000008006530      0x250 build/obj/ff.o
                0x0000000008006530                f_open
 .text.f_read   0x0000000008006780      0x2d0 build/obj/ff.o
                0x0000000008006780                f_read
 .text.f_sync   0x0000000008006a50      0x110 build/obj/ff.o
                0x0000000008006a50                f_sync
 .text.f_close  0x0000000008006b60       0x30 build/obj/ff.o
                0x0000000008006b60                f_close
 .text.ff_convert
                0x0000000008006b90       0xa0 build/obj/ccsbcs.o
                0x0000000008006b90                ff_convert
 .text.ff_wtoupper
                0x0000000008006c30       0x70 build/obj/ccsbcs.o
                0x0000000008006c30                ff_wtoupper
 .text.long_to_string_with_divisor
                0x0000000008006ca0       0xa0 build/obj/chprintf.o
 .text.ltoa     0x0000000008006d40       0x20 build/obj/chprintf.o
 .text.chvprintf
                0x0000000008006d60      0x430 build/obj/chprintf.o
                0x0000000008006d60                chvprintf
 .text.chprintf
                0x0000000008007190       0x20 build/obj/main.o
 .text.read_sdcard
                0x00000000080071b0      0x190 build/obj/main.o
                0x00000000080071b0                read_sdcard
 .text.main     0x0000000008007340       0x60 build/obj/main.o
                0x0000000008007340                main
 *(.rodata)
 .rodata        0x00000000080073a0        0x8 build/obj/chsys.o
 *fill*         0x00000000080073a8        0x8 
 .rodata        0x00000000080073b0       0x58 build/obj/chdebug.o
 *fill*         0x0000000008007408        0x8 
 .rodata        0x0000000008007410       0x34 build/obj/chvt.o
 *fill*         0x0000000008007444        0xc 
 .rodata        0x0000000008007450       0x24 build/obj/chschd.o
 *fill*         0x0000000008007474        0xc 
 .rodata        0x0000000008007480       0x94 build/obj/chthreads.o
 *fill*         0x0000000008007514        0xc 
 .rodata        0x0000000008007520       0xac build/obj/chmtx.o
 *fill*         0x00000000080075cc        0x4 
 .rodata        0x00000000080075d0       0x90 build/obj/chevents.o
 .rodata        0x0000000008007660       0x2c build/obj/chqueues.o
 *fill*         0x000000000800768c        0x4 
 .rodata        0x0000000008007690       0x34 build/obj/chheap.o
 *fill*         0x00000000080076c4        0xc 
 .rodata        0x00000000080076d0       0x14 build/obj/mmcsd.o
 *fill*         0x00000000080076e4        0xc 
 .rodata        0x00000000080076f0      0x138 build/obj/sdc.o
 *fill*         0x0000000008007828        0x8 
 .rodata        0x0000000008007830       0x60 build/obj/serial.o
 .rodata        0x0000000008007890       0x48 build/obj/stm32_dma.o
 *fill*         0x00000000080078d8        0x8 
 .rodata        0x00000000080078e0       0x80 build/obj/sdc_lld.o
 .rodata        0x0000000008007960       0x48 build/obj/ff.o
 *fill*         0x00000000080079a8        0x8 
 .rodata        0x00000000080079b0        0x8 build/obj/chprintf.o
 *fill*         0x00000000080079b8        0x8 
 .rodata        0x00000000080079c0       0xa8 build/obj/main.o
 *(.rodata.*)
 *fill*         0x0000000008007a68        0x8 
 .rodata.ch_debug
                0x0000000008007a70       0x18 build/obj/chregistry.o
                0x0000000008007a70                ch_debug
 *fill*         0x0000000008007a88        0x8 
 .rodata.sdc_vmt
                0x0000000008007a90       0x20 build/obj/sdc.o
 .rodata.vmt    0x0000000008007ab0       0x20 build/obj/serial.o
 .rodata._stm32_dma_streams
                0x0000000008007ad0       0xc0 build/obj/stm32_dma.o
                0x0000000008007ad0                _stm32_dma_streams
 .rodata.default_config
                0x0000000008007b90        0xc build/obj/serial_lld.o
 *fill*         0x0000000008007b9c        0x4 
 .rodata.pal_default_config
                0x0000000008007ba0       0xfc build/obj/board.o
                0x0000000008007ba0                pal_default_config
 *fill*         0x0000000008007c9c        0x4 
 .rodata.LfnOfs
                0x0000000008007ca0       0x10 build/obj/ff.o
 .rodata.excvt.5289
                0x0000000008007cb0       0x80 build/obj/ff.o
 .rodata.Tbl    0x0000000008007d30      0x100 build/obj/ccsbcs.o
 .rodata.tbl_lower.5033
                0x0000000008007e30      0x1e0 build/obj/ccsbcs.o
 .rodata.tbl_upper.5034
                0x0000000008008010      0x1e0 build/obj/ccsbcs.o
 *(.glue_7t)
 .glue_7t       0x0000000000000000        0x0 linker stubs
 *(.glue_7)
 .glue_7        0x0000000000000000        0x0 linker stubs
 *(.gcc*)

.vfp11_veneer   0x00000000080081f0        0x0
 .vfp11_veneer  0x0000000000000000        0x0 linker stubs

.v4_bx          0x00000000080081f0        0x0
 .v4_bx         0x0000000000000000        0x0 linker stubs

.iplt           0x00000000080081f0        0x0
 .iplt          0x0000000000000000        0x0 build/obj/crt0.o

.rel.dyn        0x00000000080081f0        0x0
 .rel.iplt      0x0000000000000000        0x0 build/obj/crt0.o

.ARM.extab
 *(.ARM.extab* .gnu.linkonce.armextab.*)

.ARM.exidx      0x00000000080081f0        0x0
                0x00000000080081f0                PROVIDE (__exidx_start, .)
 *(.ARM.exidx* .gnu.linkonce.armexidx.*)
                0x00000000080081f0                PROVIDE (__exidx_end, .)

.eh_frame_hdr
 *(.eh_frame_hdr)

.eh_frame
 *(.eh_frame)

.textalign      0x00000000080081f0        0x0
                0x00000000080081f0                . = ALIGN (0x8)
                0x00000000080081f0                . = ALIGN (0x4)
                0x00000000080081f0                _etext = .
                0x00000000080081f0                _textdata = _etext

.stacks         0x0000000020000000      0x800
                0x0000000020000000                . = ALIGN (0x8)
                0x0000000020000000                __main_stack_base__ = .
                0x0000000020000400                . = (. + __main_stack_size__)
 *fill*         0x0000000020000000      0x400 
                0x0000000020000400                . = ALIGN (0x8)
                0x0000000020000400                __main_stack_end__ = .
                0x0000000020000400                __process_stack_base__ = .
                0x0000000020000400                __main_thread_stack_base__ = .
                0x0000000020000800                . = (. + __process_stack_size__)
 *fill*         0x0000000020000400      0x400 
                0x0000000020000800                . = ALIGN (0x8)
                0x0000000020000800                __process_stack_end__ = .
                0x0000000020000800                __main_thread_stack_end__ = .

.data           0x0000000020000800        0x0 load address 0x00000000080081f0
                0x0000000020000800                . = ALIGN (0x4)
                0x0000000020000800                PROVIDE (_data, .)
 *(.data)
                0x0000000020000800                . = ALIGN (0x4)
 *(.data.*)
                0x0000000020000800                . = ALIGN (0x4)
 *(.ramtext)
                0x0000000020000800                . = ALIGN (0x4)
                0x0000000020000800                PROVIDE (_edata, .)

.igot.plt       0x0000000020000800        0x0 load address 0x00000000080081f0
 .igot.plt      0x0000000000000000        0x0 build/obj/crt0.o

.bss            0x0000000020000800      0xb0c load address 0x00000000080081f0
                0x0000000020000800                . = ALIGN (0x4)
                0x0000000020000800                PROVIDE (_bss_start, .)
 *(.bss)
                0x0000000020000800                . = ALIGN (0x4)
 *(.bss.*)
 .bss._idle_thread_wa
                0x0000000020000800       0xd0 build/obj/chsys.o
                0x0000000020000800                _idle_thread_wa
 .bss.mainthread.4840
                0x00000000200008d0       0x4c build/obj/chsys.o
 .bss.dbg_isr_cnt
                0x000000002000091c        0x4 build/obj/chdebug.o
                0x000000002000091c                dbg_isr_cnt
 .bss.dbg_lock_cnt
                0x0000000020000920        0x4 build/obj/chdebug.o
                0x0000000020000920                dbg_lock_cnt
 .bss.dbg_trace_buffer
                0x0000000020000924      0x408 build/obj/chdebug.o
                0x0000000020000924                dbg_trace_buffer
 .bss.dbg_panic_msg
                0x0000000020000d2c        0x4 build/obj/chdebug.o
                0x0000000020000d2c                dbg_panic_msg
 .bss.vtlist    0x0000000020000d30       0x10 build/obj/chvt.o
                0x0000000020000d30                vtlist
 .bss.rlist     0x0000000020000d40       0x1c build/obj/chschd.o
                0x0000000020000d40                rlist
 .bss.nextmem   0x0000000020000d5c        0x4 build/obj/chmemcore.o
 .bss.endmem    0x0000000020000d60        0x4 build/obj/chmemcore.o
 *fill*         0x0000000020000d64        0x4 
 .bss.default_heap
                0x0000000020000d68       0x20 build/obj/chheap.o
 .bss.dma_streams_mask
                0x0000000020000d88        0x4 build/obj/stm32_dma.o
 .bss.dma_isr_redir
                0x0000000020000d8c       0x80 build/obj/stm32_dma.o
 .bss.SDCD1     0x0000000020000e0c       0x4c build/obj/sdc_lld.o
                0x0000000020000e0c                SDCD1
 .bss.u         0x0000000020000e58      0x200 build/obj/sdc_lld.o
 .bss.SD2       0x0000000020001058       0x78 build/obj/serial_lld.o
                0x0000000020001058                SD2
 .bss.FatFs     0x00000000200010d0        0x4 build/obj/ff.o
 .bss.Fsid      0x00000000200010d4        0x2 build/obj/ff.o
 *fill*         0x00000000200010d6        0x2 
 .bss.SDC_FS    0x00000000200010d8      0x230 build/obj/main.o
 .bss.fs_ready  0x0000000020001308        0x1 build/obj/main.o
                0x000000002000130c                . = ALIGN (0x4)
 *fill*         0x0000000020001309        0x3 
 *(COMMON)
                0x000000002000130c                . = ALIGN (0x4)
                0x000000002000130c                PROVIDE (_bss_end, .)
                0x000000002000130c                PROVIDE (end, .)
                0x000000002000130c                _end = .
                0x000000002000130c                __heap_base__ = _end
                0x000000002001c000                __heap_end__ = __ram_end__
OUTPUT(build/ch.elf elf32-littlearm)

.debug_info     0x0000000000000000    0x10178
 .debug_info    0x0000000000000000      0x28b build/obj/crt0.o
 .debug_info    0x000000000000028b      0x1cd build/obj/vectors.o
 .debug_info    0x0000000000000458       0x92 build/obj/chcore.o
 .debug_info    0x00000000000004ea      0x795 build/obj/chcore_v7m.o
 .debug_info    0x0000000000000c7f      0x3fe build/obj/nvic.o
 .debug_info    0x000000000000107d      0x75b build/obj/chsys.o
 .debug_info    0x00000000000017d8      0x772 build/obj/chdebug.o
 .debug_info    0x0000000000001f4a      0x203 build/obj/chvt.o
 .debug_info    0x000000000000214d      0x7c4 build/obj/chschd.o
 .debug_info    0x0000000000002911      0xa1d build/obj/chthreads.o
 .debug_info    0x000000000000332e      0x639 build/obj/chregistry.o
 .debug_info    0x0000000000003967      0x7e0 build/obj/chmtx.o
 .debug_info    0x0000000000004147      0xc56 build/obj/chevents.o
 .debug_info    0x0000000000004d9d      0xa3e build/obj/chqueues.o
 .debug_info    0x00000000000057db      0x1de build/obj/chmemcore.o
 .debug_info    0x00000000000059b9      0x629 build/obj/chheap.o
 .debug_info    0x0000000000005fe2      0x2f1 build/obj/hal.o
 .debug_info    0x00000000000062d3      0x196 build/obj/mmcsd.o
 .debug_info    0x0000000000006469      0xce4 build/obj/sdc.o
 .debug_info    0x000000000000714d      0xc02 build/obj/serial.o
 .debug_info    0x0000000000007d4f      0x990 build/obj/stm32_dma.o
 .debug_info    0x00000000000086df      0x475 build/obj/hal_lld.o
 .debug_info    0x0000000000008b54     0x143d build/obj/sdc_lld.o
 .debug_info    0x0000000000009f91      0x5b9 build/obj/pal_lld.o
 .debug_info    0x000000000000a54a      0xf28 build/obj/serial_lld.o
 .debug_info    0x000000000000b472      0xa09 build/obj/board.o
 .debug_info    0x000000000000be7b      0xa76 build/obj/fatfs_diskio.o
 .debug_info    0x000000000000c8f1       0xd6 build/obj/fatfs_syscall.o
 .debug_info    0x000000000000c9c7     0x1f04 build/obj/ff.o
 .debug_info    0x000000000000e8cb      0x179 build/obj/ccsbcs.o
 .debug_info    0x000000000000ea44      0x4b0 build/obj/chprintf.o
 .debug_info    0x000000000000eef4     0x11bb build/obj/main.o
 .debug_info    0x00000000000100af       0xc9 /usr/lib/gcc/arm-none-eabi/4.8.2/../../../../arm-none-eabi/lib/thumb/cortex-m4/libc.a(lib_a-memcpy.o)

.debug_abbrev   0x0000000000000000     0x3072
 .debug_abbrev  0x0000000000000000       0xc5 build/obj/crt0.o
 .debug_abbrev  0x00000000000000c5       0xaf build/obj/vectors.o
 .debug_abbrev  0x0000000000000174       0x42 build/obj/chcore.o
 .debug_abbrev  0x00000000000001b6      0x1a0 build/obj/chcore_v7m.o
 .debug_abbrev  0x0000000000000356      0x10e build/obj/nvic.o
 .debug_abbrev  0x0000000000000464      0x18b build/obj/chsys.o
 .debug_abbrev  0x00000000000005ef      0x1e8 build/obj/chdebug.o
 .debug_abbrev  0x00000000000007d7       0xf9 build/obj/chvt.o
 .debug_abbrev  0x00000000000008d0      0x202 build/obj/chschd.o
 .debug_abbrev  0x0000000000000ad2      0x22a build/obj/chthreads.o
 .debug_abbrev  0x0000000000000cfc      0x149 build/obj/chregistry.o
 .debug_abbrev  0x0000000000000e45      0x1c6 build/obj/chmtx.o
 .debug_abbrev  0x000000000000100b      0x1fc build/obj/chevents.o
 .debug_abbrev  0x0000000000001207      0x242 build/obj/chqueues.o
 .debug_abbrev  0x0000000000001449       0xf7 build/obj/chmemcore.o
 .debug_abbrev  0x0000000000001540      0x17f build/obj/chheap.o
 .debug_abbrev  0x00000000000016bf      0x134 build/obj/hal.o
 .debug_abbrev  0x00000000000017f3       0xd3 build/obj/mmcsd.o
 .debug_abbrev  0x00000000000018c6      0x249 build/obj/sdc.o
 .debug_abbrev  0x0000000000001b0f      0x207 build/obj/serial.o
 .debug_abbrev  0x0000000000001d16      0x1ab build/obj/stm32_dma.o
 .debug_abbrev  0x0000000000001ec1      0x102 build/obj/hal_lld.o
 .debug_abbrev  0x0000000000001fc3      0x2f6 build/obj/sdc_lld.o
 .debug_abbrev  0x00000000000022b9      0x170 build/obj/pal_lld.o
 .debug_abbrev  0x0000000000002429      0x234 build/obj/serial_lld.o
 .debug_abbrev  0x000000000000265d      0x1a7 build/obj/board.o
 .debug_abbrev  0x0000000000002804      0x1af build/obj/fatfs_diskio.o
 .debug_abbrev  0x00000000000029b3       0x81 build/obj/fatfs_syscall.o
 .debug_abbrev  0x0000000000002a34      0x1e5 build/obj/ff.o
 .debug_abbrev  0x0000000000002c19       0x99 build/obj/ccsbcs.o
 .debug_abbrev  0x0000000000002cb2      0x19c build/obj/chprintf.o
 .debug_abbrev  0x0000000000002e4e      0x210 build/obj/main.o
 .debug_abbrev  0x000000000000305e       0x14 /usr/lib/gcc/arm-none-eabi/4.8.2/../../../../arm-none-eabi/lib/thumb/cortex-m4/libc.a(lib_a-memcpy.o)

.debug_aranges  0x0000000000000000      0xbb0
 .debug_aranges
                0x0000000000000000       0x38 build/obj/crt0.o
 .debug_aranges
                0x0000000000000038       0x20 build/obj/vectors.o
 .debug_aranges
                0x0000000000000058       0x20 build/obj/chcore.o
 .debug_aranges
                0x0000000000000078       0x50 build/obj/chcore_v7m.o
 .debug_aranges
                0x00000000000000c8       0x30 build/obj/nvic.o
 .debug_aranges
                0x00000000000000f8       0x30 build/obj/chsys.o
 .debug_aranges
                0x0000000000000128       0x88 build/obj/chdebug.o
 .debug_aranges
                0x00000000000001b0       0x30 build/obj/chvt.o
 .debug_aranges
                0x00000000000001e0       0x78 build/obj/chschd.o
 .debug_aranges
                0x0000000000000258       0x90 build/obj/chthreads.o
 .debug_aranges
                0x00000000000002e8       0x28 build/obj/chregistry.o
 .debug_aranges
                0x0000000000000310       0x70 build/obj/chmtx.o
 .debug_aranges
                0x0000000000000380       0xa0 build/obj/chevents.o
 .debug_aranges
                0x0000000000000420       0x80 build/obj/chqueues.o
 .debug_aranges
                0x00000000000004a0       0x38 build/obj/chmemcore.o
 .debug_aranges
                0x00000000000004d8       0x40 build/obj/chheap.o
 .debug_aranges
                0x0000000000000518       0x30 build/obj/hal.o
 .debug_aranges
                0x0000000000000548       0x28 build/obj/mmcsd.o
 .debug_aranges
                0x0000000000000570       0x80 build/obj/sdc.o
 .debug_aranges
                0x00000000000005f0       0x88 build/obj/serial.o
 .debug_aranges
                0x0000000000000678       0xb0 build/obj/stm32_dma.o
 .debug_aranges
                0x0000000000000728       0x30 build/obj/hal_lld.o
 .debug_aranges
                0x0000000000000758       0xc8 build/obj/sdc_lld.o
 .debug_aranges
                0x0000000000000820       0x30 build/obj/pal_lld.o
 .debug_aranges
                0x0000000000000850       0x60 build/obj/serial_lld.o
 .debug_aranges
                0x00000000000008b0       0x38 build/obj/board.o
 .debug_aranges
                0x00000000000008e8       0x48 build/obj/fatfs_diskio.o
 .debug_aranges
                0x0000000000000930       0x28 build/obj/fatfs_syscall.o
 .debug_aranges
                0x0000000000000958      0x1a8 build/obj/ff.o
 .debug_aranges
                0x0000000000000b00       0x28 build/obj/ccsbcs.o
 .debug_aranges
                0x0000000000000b28       0x38 build/obj/chprintf.o
 .debug_aranges
                0x0000000000000b60       0x30 build/obj/main.o
 .debug_aranges
                0x0000000000000b90       0x20 /usr/lib/gcc/arm-none-eabi/4.8.2/../../../../arm-none-eabi/lib/thumb/cortex-m4/libc.a(lib_a-memcpy.o)

.debug_ranges   0x0000000000000000      0x990
 .debug_ranges  0x0000000000000000       0x28 build/obj/crt0.o
 .debug_ranges  0x0000000000000028       0x10 build/obj/vectors.o
 .debug_ranges  0x0000000000000038       0x10 build/obj/chcore.o
 .debug_ranges  0x0000000000000048       0x40 build/obj/chcore_v7m.o
 .debug_ranges  0x0000000000000088       0x20 build/obj/nvic.o
 .debug_ranges  0x00000000000000a8       0x20 build/obj/chsys.o
 .debug_ranges  0x00000000000000c8       0x78 build/obj/chdebug.o
 .debug_ranges  0x0000000000000140       0x20 build/obj/chvt.o
 .debug_ranges  0x0000000000000160       0x68 build/obj/chschd.o
 .debug_ranges  0x00000000000001c8       0x80 build/obj/chthreads.o
 .debug_ranges  0x0000000000000248       0x18 build/obj/chregistry.o
 .debug_ranges  0x0000000000000260       0x60 build/obj/chmtx.o
 .debug_ranges  0x00000000000002c0       0x90 build/obj/chevents.o
 .debug_ranges  0x0000000000000350       0x70 build/obj/chqueues.o
 .debug_ranges  0x00000000000003c0       0x28 build/obj/chmemcore.o
 .debug_ranges  0x00000000000003e8       0x30 build/obj/chheap.o
 .debug_ranges  0x0000000000000418       0x20 build/obj/hal.o
 .debug_ranges  0x0000000000000438       0x18 build/obj/mmcsd.o
 .debug_ranges  0x0000000000000450       0x70 build/obj/sdc.o
 .debug_ranges  0x00000000000004c0       0x78 build/obj/serial.o
 .debug_ranges  0x0000000000000538       0xa0 build/obj/stm32_dma.o
 .debug_ranges  0x00000000000005d8       0x20 build/obj/hal_lld.o
 .debug_ranges  0x00000000000005f8       0xb8 build/obj/sdc_lld.o
 .debug_ranges  0x00000000000006b0       0x20 build/obj/pal_lld.o
 .debug_ranges  0x00000000000006d0       0x50 build/obj/serial_lld.o
 .debug_ranges  0x0000000000000720       0x28 build/obj/board.o
 .debug_ranges  0x0000000000000748       0x38 build/obj/fatfs_diskio.o
 .debug_ranges  0x0000000000000780       0x18 build/obj/fatfs_syscall.o
 .debug_ranges  0x0000000000000798      0x198 build/obj/ff.o
 .debug_ranges  0x0000000000000930       0x18 build/obj/ccsbcs.o
 .debug_ranges  0x0000000000000948       0x28 build/obj/chprintf.o
 .debug_ranges  0x0000000000000970       0x20 build/obj/main.o

.debug_line     0x0000000000000000     0x57cf
 .debug_line    0x0000000000000000      0x135 build/obj/crt0.o
 .debug_line    0x0000000000000135       0xc2 build/obj/vectors.o
 .debug_line    0x00000000000001f7       0x59 build/obj/chcore.o
 .debug_line    0x0000000000000250      0x1ec build/obj/chcore_v7m.o
 .debug_line    0x000000000000043c       0xed build/obj/nvic.o
 .debug_line    0x0000000000000529      0x195 build/obj/chsys.o
 .debug_line    0x00000000000006be      0x29e build/obj/chdebug.o
 .debug_line    0x000000000000095c      0x14f build/obj/chvt.o
 .debug_line    0x0000000000000aab      0x2c9 build/obj/chschd.o
 .debug_line    0x0000000000000d74      0x32b build/obj/chthreads.o
 .debug_line    0x000000000000109f      0x1a0 build/obj/chregistry.o
 .debug_line    0x000000000000123f      0x2dd build/obj/chmtx.o
 .debug_line    0x000000000000151c      0x331 build/obj/chevents.o
 .debug_line    0x000000000000184d      0x33a build/obj/chqueues.o
 .debug_line    0x0000000000001b87      0x126 build/obj/chmemcore.o
 .debug_line    0x0000000000001cad      0x243 build/obj/chheap.o
 .debug_line    0x0000000000001ef0      0x1f6 build/obj/hal.o
 .debug_line    0x00000000000020e6      0x111 build/obj/mmcsd.o
 .debug_line    0x00000000000021f7      0x408 build/obj/sdc.o
 .debug_line    0x00000000000025ff      0x365 build/obj/serial.o
 .debug_line    0x0000000000002964      0x332 build/obj/stm32_dma.o
 .debug_line    0x0000000000002c96      0x1b2 build/obj/hal_lld.o
 .debug_line    0x0000000000002e48      0x48c build/obj/sdc_lld.o
 .debug_line    0x00000000000032d4      0x187 build/obj/pal_lld.o
 .debug_line    0x000000000000345b      0x314 build/obj/serial_lld.o
 .debug_line    0x000000000000376f      0x261 build/obj/board.o
 .debug_line    0x00000000000039d0      0x2b9 build/obj/fatfs_diskio.o
 .debug_line    0x0000000000003c89       0x97 build/obj/fatfs_syscall.o
 .debug_line    0x0000000000003d20     0x1354 build/obj/ff.o
 .debug_line    0x0000000000005074       0xd9 build/obj/ccsbcs.o
 .debug_line    0x000000000000514d      0x265 build/obj/chprintf.o
 .debug_line    0x00000000000053b2      0x362 build/obj/main.o
 .debug_line    0x0000000000005714       0xbb /usr/lib/gcc/arm-none-eabi/4.8.2/../../../../arm-none-eabi/lib/thumb/cortex-m4/libc.a(lib_a-memcpy.o)

.debug_str      0x0000000000000000     0x2b4e
 .debug_str     0x0000000000000000      0x270 build/obj/crt0.o
                                        0x2bb (size before relaxing)
 .debug_str     0x0000000000000270      0x146 build/obj/vectors.o
                                        0x2e1 (size before relaxing)
 .debug_str     0x00000000000003b6       0x2e build/obj/chcore.o
                                        0x1a9 (size before relaxing)
 .debug_str     0x00000000000003e4      0x2c5 build/obj/chcore_v7m.o
                                        0x485 (size before relaxing)
 .debug_str     0x00000000000006a9       0xbc build/obj/nvic.o
                                        0x2b3 (size before relaxing)
 .debug_str     0x0000000000000765      0x1cd build/obj/chsys.o
                                        0x551 (size before relaxing)
 .debug_str     0x0000000000000932      0x1a4 build/obj/chdebug.o
                                        0x573 (size before relaxing)
 .debug_str     0x0000000000000ad6       0x40 build/obj/chvt.o
                                        0x234 (size before relaxing)
 .debug_str     0x0000000000000b16       0xf8 build/obj/chschd.o
                                        0x4b3 (size before relaxing)
 .debug_str     0x0000000000000c0e      0x109 build/obj/chthreads.o
                                        0x4e9 (size before relaxing)
 .debug_str     0x0000000000000d17       0x43 build/obj/chregistry.o
                                        0x4c0 (size before relaxing)
 .debug_str     0x0000000000000d5a       0x92 build/obj/chmtx.o
                                        0x421 (size before relaxing)
 .debug_str     0x0000000000000dec      0x1ba build/obj/chevents.o
                                        0x53d (size before relaxing)
 .debug_str     0x0000000000000fa6      0x127 build/obj/chqueues.o
                                        0x4c3 (size before relaxing)
 .debug_str     0x00000000000010cd       0x7c build/obj/chmemcore.o
                                        0x229 (size before relaxing)
 .debug_str     0x0000000000001149       0xb9 build/obj/chheap.o
                                        0x409 (size before relaxing)
 .debug_str     0x0000000000001202      0x136 build/obj/hal.o
                                        0x2f1 (size before relaxing)
 .debug_str     0x0000000000001338       0x5c build/obj/mmcsd.o
                                        0x215 (size before relaxing)
 .debug_str     0x0000000000001394      0x302 build/obj/sdc.o
                                        0x691 (size before relaxing)
 .debug_str     0x0000000000001696      0x138 build/obj/serial.o
                                        0x598 (size before relaxing)
 .debug_str     0x00000000000017ce      0x748 build/obj/stm32_dma.o
                                        0x9c9 (size before relaxing)
 .debug_str     0x0000000000001f16       0xcc build/obj/hal_lld.o
                                        0x3d5 (size before relaxing)
 .debug_str     0x0000000000001fe2      0x1ee build/obj/sdc_lld.o
                                        0xe07 (size before relaxing)
 .debug_str     0x00000000000021d0       0xd8 build/obj/pal_lld.o
                                        0x43b (size before relaxing)
 .debug_str     0x00000000000022a8       0x9b build/obj/serial_lld.o
                                        0xb8c (size before relaxing)
 .debug_str     0x0000000000002343       0x69 build/obj/board.o
                                        0x67d (size before relaxing)
 .debug_str     0x00000000000023ac       0xcf build/obj/fatfs_diskio.o
                                        0x659 (size before relaxing)
 .debug_str     0x000000000000247b       0x54 build/obj/fatfs_syscall.o
                                        0x1d4 (size before relaxing)
 .debug_str     0x00000000000024cf      0x4f9 build/obj/ff.o
                                        0x721 (size before relaxing)
 .debug_str     0x00000000000029c8       0x50 build/obj/ccsbcs.o
                                        0x1d6 (size before relaxing)
 .debug_str     0x0000000000002a18       0xe8 build/obj/chprintf.o
                                        0x2e0 (size before relaxing)
 .debug_str     0x0000000000002b00       0x4e build/obj/main.o
                                        0x9f2 (size before relaxing)

.comment        0x0000000000000000       0x1d
 .comment       0x0000000000000000       0x1d build/obj/crt0.o
                                         0x1e (size before relaxing)
 .comment       0x0000000000000000       0x1e build/obj/vectors.o
 .comment       0x0000000000000000       0x1e build/obj/chcore.o
 .comment       0x0000000000000000       0x1e build/obj/chcore_v7m.o
 .comment       0x0000000000000000       0x1e build/obj/nvic.o
 .comment       0x0000000000000000       0x1e build/obj/chsys.o
 .comment       0x0000000000000000       0x1e build/obj/chdebug.o
 .comment       0x0000000000000000       0x1e build/obj/chvt.o
 .comment       0x0000000000000000       0x1e build/obj/chschd.o
 .comment       0x0000000000000000       0x1e build/obj/chthreads.o
 .comment       0x0000000000000000       0x1e build/obj/chregistry.o
 .comment       0x0000000000000000       0x1e build/obj/chmtx.o
 .comment       0x0000000000000000       0x1e build/obj/chevents.o
 .comment       0x0000000000000000       0x1e build/obj/chqueues.o
 .comment       0x0000000000000000       0x1e build/obj/chmemcore.o
 .comment       0x0000000000000000       0x1e build/obj/chheap.o
 .comment       0x0000000000000000       0x1e build/obj/hal.o
 .comment       0x0000000000000000       0x1e build/obj/mmcsd.o
 .comment       0x0000000000000000       0x1e build/obj/sdc.o
 .comment       0x0000000000000000       0x1e build/obj/serial.o
 .comment       0x0000000000000000       0x1e build/obj/stm32_dma.o
 .comment       0x0000000000000000       0x1e build/obj/hal_lld.o
 .comment       0x0000000000000000       0x1e build/obj/sdc_lld.o
 .comment       0x0000000000000000       0x1e build/obj/pal_lld.o
 .comment       0x0000000000000000       0x1e build/obj/serial_lld.o
 .comment       0x0000000000000000       0x1e build/obj/board.o
 .comment       0x0000000000000000       0x1e build/obj/fatfs_diskio.o
 .comment       0x0000000000000000       0x1e build/obj/fatfs_syscall.o
 .comment       0x0000000000000000       0x1e build/obj/ff.o
 .comment       0x0000000000000000       0x1e build/obj/ccsbcs.o
 .comment       0x0000000000000000       0x1e build/obj/chprintf.o
 .comment       0x0000000000000000       0x1e build/obj/main.o

.ARM.attributes
                0x0000000000000000       0x31
 .ARM.attributes
                0x0000000000000000       0x33 build/obj/crt0.o
 .ARM.attributes
                0x0000000000000033       0x33 build/obj/vectors.o
 .ARM.attributes
                0x0000000000000066       0x33 build/obj/chcore.o
 .ARM.attributes
                0x0000000000000099       0x33 build/obj/chcore_v7m.o
 .ARM.attributes
                0x00000000000000cc       0x33 build/obj/nvic.o
 .ARM.attributes
                0x00000000000000ff       0x33 build/obj/chsys.o
 .ARM.attributes
                0x0000000000000132       0x33 build/obj/chdebug.o
 .ARM.attributes
                0x0000000000000165       0x33 build/obj/chvt.o
 .ARM.attributes
                0x0000000000000198       0x33 build/obj/chschd.o
 .ARM.attributes
                0x00000000000001cb       0x33 build/obj/chthreads.o
 .ARM.attributes
                0x00000000000001fe       0x33 build/obj/chregistry.o
 .ARM.attributes
                0x0000000000000231       0x33 build/obj/chmtx.o
 .ARM.attributes
                0x0000000000000264       0x33 build/obj/chevents.o
 .ARM.attributes
                0x0000000000000297       0x33 build/obj/chqueues.o
 .ARM.attributes
                0x00000000000002ca       0x33 build/obj/chmemcore.o
 .ARM.attributes
                0x00000000000002fd       0x33 build/obj/chheap.o
 .ARM.attributes
                0x0000000000000330       0x33 build/obj/hal.o
 .ARM.attributes
                0x0000000000000363       0x33 build/obj/mmcsd.o
 .ARM.attributes
                0x0000000000000396       0x33 build/obj/sdc.o
 .ARM.attributes
                0x00000000000003c9       0x33 build/obj/serial.o
 .ARM.attributes
                0x00000000000003fc       0x33 build/obj/stm32_dma.o
 .ARM.attributes
                0x000000000000042f       0x33 build/obj/hal_lld.o
 .ARM.attributes
                0x0000000000000462       0x33 build/obj/sdc_lld.o
 .ARM.attributes
                0x0000000000000495       0x33 build/obj/pal_lld.o
 .ARM.attributes
                0x00000000000004c8       0x33 build/obj/serial_lld.o
 .ARM.attributes
                0x00000000000004fb       0x33 build/obj/board.o
 .ARM.attributes
                0x000000000000052e       0x33 build/obj/fatfs_diskio.o
 .ARM.attributes
                0x0000000000000561       0x33 build/obj/fatfs_syscall.o
 .ARM.attributes
                0x0000000000000594       0x33 build/obj/ff.o
 .ARM.attributes
                0x00000000000005c7       0x33 build/obj/ccsbcs.o
 .ARM.attributes
                0x00000000000005fa       0x33 build/obj/chprintf.o
 .ARM.attributes
                0x000000000000062d       0x33 build/obj/main.o
 .ARM.attributes
                0x0000000000000660       0x21 /usr/lib/gcc/arm-none-eabi/4.8.2/../../../../arm-none-eabi/lib/thumb/cortex-m4/libc.a(lib_a-memcpy.o)

.debug_frame    0x0000000000000000     0x1de0
 .debug_frame   0x0000000000000000       0x50 build/obj/crt0.o
 .debug_frame   0x0000000000000050       0x20 build/obj/vectors.o
 .debug_frame   0x0000000000000070       0x20 build/obj/chcore.o
 .debug_frame   0x0000000000000090       0xac build/obj/chcore_v7m.o
 .debug_frame   0x000000000000013c       0x64 build/obj/nvic.o
 .debug_frame   0x00000000000001a0       0x5c build/obj/chsys.o
 .debug_frame   0x00000000000001fc      0x184 build/obj/chdebug.o
 .debug_frame   0x0000000000000380       0x58 build/obj/chvt.o
 .debug_frame   0x00000000000003d8      0x144 build/obj/chschd.o
 .debug_frame   0x000000000000051c      0x194 build/obj/chthreads.o
 .debug_frame   0x00000000000006b0       0x48 build/obj/chregistry.o
 .debug_frame   0x00000000000006f8      0x12c build/obj/chmtx.o
 .debug_frame   0x0000000000000824      0x1e4 build/obj/chevents.o
 .debug_frame   0x0000000000000a08      0x15c build/obj/chqueues.o
 .debug_frame   0x0000000000000b64       0x68 build/obj/chmemcore.o
 .debug_frame   0x0000000000000bcc       0x9c build/obj/chheap.o
 .debug_frame   0x0000000000000c68       0x5c build/obj/hal.o
 .debug_frame   0x0000000000000cc4       0x48 build/obj/mmcsd.o
 .debug_frame   0x0000000000000d0c      0x174 build/obj/sdc.o
 .debug_frame   0x0000000000000e80      0x198 build/obj/serial.o
 .debug_frame   0x0000000000001018      0x21c build/obj/stm32_dma.o
 .debug_frame   0x0000000000001234       0x4c build/obj/hal_lld.o
 .debug_frame   0x0000000000001280      0x248 build/obj/sdc_lld.o
 .debug_frame   0x00000000000014c8       0x54 build/obj/pal_lld.o
 .debug_frame   0x000000000000151c       0xf4 build/obj/serial_lld.o
 .debug_frame   0x0000000000001610       0x64 build/obj/board.o
 .debug_frame   0x0000000000001674       0xac build/obj/fatfs_diskio.o
 .debug_frame   0x0000000000001720       0x48 build/obj/fatfs_syscall.o
 .debug_frame   0x0000000000001768      0x54c build/obj/ff.o
 .debug_frame   0x0000000000001cb4       0x38 build/obj/ccsbcs.o
 .debug_frame   0x0000000000001cec       0x80 build/obj/chprintf.o
 .debug_frame   0x0000000000001d6c       0x74 build/obj/main.o

Cross Reference Table

Symbol                                            File
BusFaultVector                                    build/obj/vectors.o
DebugMonitorVector                                build/obj/vectors.o
HardFaultVector                                   build/obj/vectors.o
MemManageVector                                   build/obj/vectors.o
NMIVector                                         build/obj/vectors.o
PendSVVector                                      build/obj/vectors.o
ResetHandler                                      build/obj/crt0.o
                                                  build/obj/vectors.o
SD2                                               build/obj/serial_lld.o
                                                  build/obj/main.o
SDCD1                                             build/obj/sdc_lld.o
                                                  build/obj/main.o
                                                  build/obj/fatfs_diskio.o
SVCallVector                                      build/obj/chcore_v7m.o
                                                  build/obj/vectors.o
SysTickVector                                     build/obj/chcore_v7m.o
                                                  build/obj/vectors.o
UsageFaultVector                                  build/obj/vectors.o
Vector100                                         build/obj/vectors.o
Vector104                                         build/obj/sdc_lld.o
                                                  build/obj/vectors.o
Vector108                                         build/obj/vectors.o
Vector10C                                         build/obj/vectors.o
Vector110                                         build/obj/vectors.o
Vector114                                         build/obj/vectors.o
Vector118                                         build/obj/vectors.o
Vector11C                                         build/obj/vectors.o
Vector120                                         build/obj/stm32_dma.o
                                                  build/obj/vectors.o
Vector124                                         build/obj/stm32_dma.o
                                                  build/obj/vectors.o
Vector128                                         build/obj/stm32_dma.o
                                                  build/obj/vectors.o
Vector12C                                         build/obj/stm32_dma.o
                                                  build/obj/vectors.o
Vector130                                         build/obj/stm32_dma.o
                                                  build/obj/vectors.o
Vector134                                         build/obj/vectors.o
Vector138                                         build/obj/vectors.o
Vector13C                                         build/obj/vectors.o
Vector140                                         build/obj/vectors.o
Vector144                                         build/obj/vectors.o
Vector148                                         build/obj/vectors.o
Vector14C                                         build/obj/vectors.o
Vector150                                         build/obj/stm32_dma.o
                                                  build/obj/vectors.o
Vector154                                         build/obj/stm32_dma.o
                                                  build/obj/vectors.o
Vector158                                         build/obj/stm32_dma.o
                                                  build/obj/vectors.o
Vector15C                                         build/obj/vectors.o
Vector160                                         build/obj/vectors.o
Vector164                                         build/obj/vectors.o
Vector168                                         build/obj/vectors.o
Vector16C                                         build/obj/vectors.o
Vector170                                         build/obj/vectors.o
Vector174                                         build/obj/vectors.o
Vector178                                         build/obj/vectors.o
Vector17C                                         build/obj/vectors.o
Vector180                                         build/obj/vectors.o
Vector184                                         build/obj/vectors.o
Vector1C                                          build/obj/vectors.o
Vector20                                          build/obj/vectors.o
Vector24                                          build/obj/vectors.o
Vector28                                          build/obj/vectors.o
Vector34                                          build/obj/vectors.o
Vector40                                          build/obj/vectors.o
Vector44                                          build/obj/vectors.o
Vector48                                          build/obj/vectors.o
Vector4C                                          build/obj/vectors.o
Vector50                                          build/obj/vectors.o
Vector54                                          build/obj/vectors.o
Vector58                                          build/obj/vectors.o
Vector5C                                          build/obj/vectors.o
Vector60                                          build/obj/vectors.o
Vector64                                          build/obj/vectors.o
Vector68                                          build/obj/vectors.o
Vector6C                                          build/obj/stm32_dma.o
                                                  build/obj/vectors.o
Vector70                                          build/obj/stm32_dma.o
                                                  build/obj/vectors.o
Vector74                                          build/obj/stm32_dma.o
                                                  build/obj/vectors.o
Vector78                                          build/obj/stm32_dma.o
                                                  build/obj/vectors.o
Vector7C                                          build/obj/stm32_dma.o
                                                  build/obj/vectors.o
Vector80                                          build/obj/stm32_dma.o
                                                  build/obj/vectors.o
Vector84                                          build/obj/stm32_dma.o
                                                  build/obj/vectors.o
Vector88                                          build/obj/vectors.o
Vector8C                                          build/obj/vectors.o
Vector90                                          build/obj/vectors.o
Vector94                                          build/obj/vectors.o
Vector98                                          build/obj/vectors.o
Vector9C                                          build/obj/vectors.o
VectorA0                                          build/obj/vectors.o
VectorA4                                          build/obj/vectors.o
VectorA8                                          build/obj/vectors.o
VectorAC                                          build/obj/vectors.o
VectorB0                                          build/obj/vectors.o
VectorB4                                          build/obj/vectors.o
VectorB8                                          build/obj/vectors.o
VectorBC                                          build/obj/vectors.o
VectorC0                                          build/obj/vectors.o
VectorC4                                          build/obj/vectors.o
VectorC8                                          build/obj/vectors.o
VectorCC                                          build/obj/vectors.o
VectorD0                                          build/obj/vectors.o
VectorD4                                          build/obj/vectors.o
VectorD8                                          build/obj/serial_lld.o
                                                  build/obj/vectors.o
VectorDC                                          build/obj/vectors.o
VectorE0                                          build/obj/vectors.o
VectorE4                                          build/obj/vectors.o
VectorE8                                          build/obj/vectors.o
VectorEC                                          build/obj/vectors.o
VectorF0                                          build/obj/vectors.o
VectorF4                                          build/obj/vectors.o
VectorF8                                          build/obj/vectors.o
VectorFC                                          build/obj/stm32_dma.o
                                                  build/obj/vectors.o
__ctype_ptr__                                     /usr/lib/gcc/arm-none-eabi/4.8.2/../../../../arm-none-eabi/lib/thumb/cortex-m4/libc.a(lib_a-ctype_.o)
                                                  /usr/lib/gcc/arm-none-eabi/4.8.2/../../../../arm-none-eabi/lib/thumb/cortex-m4/libc.a(lib_a-strcasecmp.o)
__early_init                                      build/obj/board.o
                                                  build/obj/crt0.o
__fini_array_end                                  build/obj/crt0.o
__fini_array_start                                build/obj/crt0.o
__heap_base__                                     build/obj/chmemcore.o
__heap_end__                                      build/obj/chmemcore.o
__init_array_end                                  build/obj/crt0.o
__init_array_start                                build/obj/crt0.o
__late_init                                       build/obj/crt0.o
__main_stack_base__                               build/obj/crt0.o
__main_stack_end__                                build/obj/vectors.o
                                                  build/obj/crt0.o
__main_thread_stack_base__                        build/obj/chsys.o
__process_stack_base__                            build/obj/crt0.o
__process_stack_end__                             build/obj/crt0.o
_bss_end                                          build/obj/crt0.o
_bss_start                                        build/obj/crt0.o
_close_r                                          build/obj/syscalls.o
_core_init                                        build/obj/chmemcore.o
                                                  build/obj/chsys.o
_ctype_                                           /usr/lib/gcc/arm-none-eabi/4.8.2/../../../../arm-none-eabi/lib/thumb/cortex-m4/libc.a(lib_a-ctype_.o)
_data                                             build/obj/crt0.o
_default_exit                                     build/obj/crt0.o
_edata                                            build/obj/crt0.o
_fstat_r                                          build/obj/syscalls.o
_heap_init                                        build/obj/chheap.o
                                                  build/obj/chsys.o
_idle_thread                                      build/obj/chsys.o
_idle_thread_wa                                   build/obj/chsys.o
_isatty_r                                         build/obj/syscalls.o
_lseek_r                                          build/obj/syscalls.o
_pal_lld_init                                     build/obj/pal_lld.o
                                                  build/obj/hal.o
_pal_lld_setgroupmode                             build/obj/pal_lld.o
                                                  build/obj/main.o
                                                  build/obj/pal.o
_port_init                                        build/obj/chcore_v7m.o
                                                  build/obj/chsys.o
_port_irq_epilogue                                build/obj/chcore_v7m.o
                                                  build/obj/serial_lld.o
                                                  build/obj/sdc_lld.o
                                                  build/obj/stm32_dma.o
_port_switch                                      build/obj/chcore_v7m.o
                                                  build/obj/chschd.o
_port_switch_from_isr                             build/obj/chcore_v7m.o
_port_thread_start                                build/obj/chcore_v7m.o
                                                  build/obj/chthreads.o
_read_r                                           build/obj/syscalls.o
_sbrk_r                                           build/obj/syscalls.o
_scheduler_init                                   build/obj/chschd.o
                                                  build/obj/chsys.o
_sdc_wait_for_transfer_state                      build/obj/sdc.o
                                                  build/obj/sdc_lld.o
_stm32_dma_streams                                build/obj/stm32_dma.o
                                                  build/obj/sdc_lld.o
_textdata                                         build/obj/crt0.o
_thread_init                                      build/obj/chthreads.o
                                                  build/obj/chsys.o
_thread_memfill                                   build/obj/chthreads.o
                                                  build/obj/chdynamic.o
_trace_init                                       build/obj/chdebug.o
                                                  build/obj/chsys.o
_unhandled_exception                              build/obj/vectors.o
_vectors                                          build/obj/vectors.o
_vt_init                                          build/obj/chvt.o
                                                  build/obj/chsys.o
_write_r                                          build/obj/syscalls.o
boardInit                                         build/obj/board.o
                                                  build/obj/hal.o
chCondBroadcast                                   build/obj/chcond.o
chCondBroadcastI                                  build/obj/chcond.o
chCondInit                                        build/obj/chcond.o
chCondSignal                                      build/obj/chcond.o
chCondSignalI                                     build/obj/chcond.o
chCondWait                                        build/obj/chcond.o
chCondWaitS                                       build/obj/chcond.o
chCondWaitTimeout                                 build/obj/chcond.o
chCondWaitTimeoutS                                build/obj/chcond.o
chCoreAlloc                                       build/obj/chmemcore.o
                                                  build/obj/syscalls.o
                                                  build/obj/chheap.o
chCoreAllocI                                      build/obj/chmemcore.o
chCoreStatus                                      build/obj/chmemcore.o
chDbgCheckClassI                                  build/obj/chdebug.o
                                                  build/obj/serial.o
                                                  build/obj/chmempools.o
                                                  build/obj/chmemcore.o
                                                  build/obj/chqueues.o
                                                  build/obj/chmboxes.o
                                                  build/obj/chevents.o
                                                  build/obj/chcond.o
                                                  build/obj/chsem.o
                                                  build/obj/chthreads.o
                                                  build/obj/chschd.o
                                                  build/obj/chvt.o
                                                  build/obj/chsys.o
chDbgCheckClassS                                  build/obj/chdebug.o
                                                  build/obj/chmboxes.o
                                                  build/obj/chcond.o
                                                  build/obj/chmtx.o
                                                  build/obj/chsem.o
                                                  build/obj/chschd.o
chDbgPanic                                        build/obj/chdebug.o
                                                  build/obj/syscalls.o
                                                  build/obj/sdc_lld.o
                                                  build/obj/stm32_dma.o
                                                  build/obj/serial.o
                                                  build/obj/sdc.o
                                                  build/obj/pal.o
                                                  build/obj/mmcsd.o
                                                  build/obj/chmempools.o
                                                  build/obj/chheap.o
                                                  build/obj/chqueues.o
                                                  build/obj/chmboxes.o
                                                  build/obj/chmsg.o
                                                  build/obj/chevents.o
                                                  build/obj/chcond.o
                                                  build/obj/chmtx.o
                                                  build/obj/chsem.o
                                                  build/obj/chregistry.o
                                                  build/obj/chdynamic.o
                                                  build/obj/chthreads.o
                                                  build/obj/chschd.o
                                                  build/obj/chvt.o
chEvtAddEvents                                    build/obj/chevents.o
chEvtBroadcastFlags                               build/obj/chevents.o
chEvtBroadcastFlagsI                              build/obj/chevents.o
                                                  build/obj/shell.o
                                                  build/obj/evtimer.o
                                                  build/obj/serial_lld.o
                                                  build/obj/serial.o
chEvtDispatch                                     build/obj/chevents.o
chEvtGetAndClearEvents                            build/obj/chevents.o
chEvtGetAndClearFlags                             build/obj/chevents.o
chEvtGetAndClearFlagsI                            build/obj/chevents.o
chEvtRegisterMask                                 build/obj/chevents.o
chEvtSignal                                       build/obj/chevents.o
chEvtSignalI                                      build/obj/chevents.o
chEvtUnregister                                   build/obj/chevents.o
chEvtWaitAll                                      build/obj/chevents.o
chEvtWaitAllTimeout                               build/obj/chevents.o
chEvtWaitAny                                      build/obj/chevents.o
chEvtWaitAnyTimeout                               build/obj/chevents.o
chEvtWaitOne                                      build/obj/chevents.o
chEvtWaitOneTimeout                               build/obj/chevents.o
chHeapAlloc                                       build/obj/chheap.o
                                                  build/obj/fatfs_syscall.o
                                                  build/obj/chdynamic.o
chHeapFree                                        build/obj/chheap.o
                                                  build/obj/fatfs_syscall.o
                                                  build/obj/chdynamic.o
chHeapInit                                        build/obj/chheap.o
chHeapStatus                                      build/obj/chheap.o
chIQGetTimeout                                    build/obj/chqueues.o
                                                  build/obj/serial.o
chIQInit                                          build/obj/chqueues.o
                                                  build/obj/serial.o
chIQPutI                                          build/obj/chqueues.o
                                                  build/obj/serial.o
chIQReadTimeout                                   build/obj/chqueues.o
                                                  build/obj/serial.o
chIQResetI                                        build/obj/chqueues.o
                                                  build/obj/serial.o
chMBFetch                                         build/obj/chmboxes.o
chMBFetchI                                        build/obj/chmboxes.o
chMBFetchS                                        build/obj/chmboxes.o
chMBInit                                          build/obj/chmboxes.o
chMBPost                                          build/obj/chmboxes.o
chMBPostAhead                                     build/obj/chmboxes.o
chMBPostAheadI                                    build/obj/chmboxes.o
chMBPostAheadS                                    build/obj/chmboxes.o
chMBPostI                                         build/obj/chmboxes.o
chMBPostS                                         build/obj/chmboxes.o
chMBReset                                         build/obj/chmboxes.o
chMsgRelease                                      build/obj/chmsg.o
chMsgSend                                         build/obj/chmsg.o
chMsgWait                                         build/obj/chmsg.o
chMtxInit                                         build/obj/chmtx.o
                                                  build/obj/chheap.o
chMtxLock                                         build/obj/chmtx.o
                                                  build/obj/chheap.o
chMtxLockS                                        build/obj/chmtx.o
                                                  build/obj/chcond.o
chMtxTryLock                                      build/obj/chmtx.o
chMtxTryLockS                                     build/obj/chmtx.o
chMtxUnlock                                       build/obj/chmtx.o
                                                  build/obj/chheap.o
chMtxUnlockAll                                    build/obj/chmtx.o
chMtxUnlockS                                      build/obj/chmtx.o
                                                  build/obj/chcond.o
chOQGetI                                          build/obj/chqueues.o
                                                  build/obj/serial_lld.o
                                                  build/obj/serial.o
chOQInit                                          build/obj/chqueues.o
                                                  build/obj/serial.o
chOQPutTimeout                                    build/obj/chqueues.o
                                                  build/obj/serial.o
chOQResetI                                        build/obj/chqueues.o
                                                  build/obj/serial.o
chOQWriteTimeout                                  build/obj/chqueues.o
                                                  build/obj/serial.o
chPoolAlloc                                       build/obj/chmempools.o
                                                  build/obj/chdynamic.o
chPoolAllocI                                      build/obj/chmempools.o
chPoolFree                                        build/obj/chmempools.o
                                                  build/obj/chdynamic.o
chPoolFreeI                                       build/obj/chmempools.o
chPoolInit                                        build/obj/chmempools.o
chPoolLoadArray                                   build/obj/chmempools.o
chRegFirstThread                                  build/obj/chregistry.o
chRegNextThread                                   build/obj/chregistry.o
chSchDoReschedule                                 build/obj/chschd.o
                                                  build/obj/chcore_v7m.o
chSchDoRescheduleAhead                            build/obj/chschd.o
chSchDoRescheduleBehind                           build/obj/chschd.o
                                                  build/obj/chthreads.o
chSchGoSleepS                                     build/obj/chschd.o
                                                  build/obj/sdc_lld.o
                                                  build/obj/chmsg.o
                                                  build/obj/chevents.o
                                                  build/obj/chcond.o
                                                  build/obj/chmtx.o
                                                  build/obj/chsem.o
                                                  build/obj/chthreads.o
chSchGoSleepTimeoutS                              build/obj/chschd.o
                                                  build/obj/chqueues.o
                                                  build/obj/chevents.o
                                                  build/obj/chcond.o
                                                  build/obj/chsem.o
                                                  build/obj/chthreads.o
chSchReadyI                                       build/obj/chschd.o
                                                  build/obj/sdc_lld.o
                                                  build/obj/chqueues.o
                                                  build/obj/chmsg.o
                                                  build/obj/chevents.o
                                                  build/obj/chcond.o
                                                  build/obj/chmtx.o
                                                  build/obj/chsem.o
                                                  build/obj/chthreads.o
chSchRescheduleS                                  build/obj/chschd.o
                                                  build/obj/serial.o
                                                  build/obj/chmboxes.o
                                                  build/obj/chevents.o
                                                  build/obj/chcond.o
                                                  build/obj/chmtx.o
                                                  build/obj/chsem.o
                                                  build/obj/chthreads.o
chSchWakeupS                                      build/obj/chschd.o
                                                  build/obj/chmsg.o
                                                  build/obj/chcond.o
                                                  build/obj/chmtx.o
                                                  build/obj/chsem.o
                                                  build/obj/chdynamic.o
                                                  build/obj/chthreads.o
chSemAddCounterI                                  build/obj/chsem.o
chSemInit                                         build/obj/chsem.o
                                                  build/obj/chmboxes.o
chSemReset                                        build/obj/chsem.o
chSemResetI                                       build/obj/chsem.o
                                                  build/obj/chmboxes.o
chSemSignal                                       build/obj/chsem.o
chSemSignalI                                      build/obj/chsem.o
                                                  build/obj/chmboxes.o
chSemSignalWait                                   build/obj/chsem.o
chSemWait                                         build/obj/chsem.o
chSemWaitS                                        build/obj/chsem.o