Archive member included because of file (symbol)

/usr/lib/gcc/arm-none-eabi/4.8.2/../../../../arm-none-eabi/lib/thumb/cortex-m4/libc.a(lib_a-memcmp.o)
                              build/obj/main.o (memcmp)
/usr/lib/gcc/arm-none-eabi/4.8.2/../../../../arm-none-eabi/lib/thumb/cortex-m4/libc.a(lib_a-memcpy.o)
                              build/obj/sdc_lld.o (memcpy)
/usr/lib/gcc/arm-none-eabi/4.8.2/../../../../arm-none-eabi/lib/thumb/cortex-m4/libc.a(lib_a-memset.o)
                              build/obj/syscalls.o (memset)
/usr/lib/gcc/arm-none-eabi/4.8.2/../../../../arm-none-eabi/lib/thumb/cortex-m4/libc.a(lib_a-strcasecmp.o)
                              build/obj/shell.o (strcasecmp)
/usr/lib/gcc/arm-none-eabi/4.8.2/../../../../arm-none-eabi/lib/thumb/cortex-m4/libc.a(lib_a-strpbrk.o)
                              build/obj/shell.o (strpbrk)
/usr/lib/gcc/arm-none-eabi/4.8.2/../../../../arm-none-eabi/lib/thumb/cortex-m4/libc.a(lib_a-strspn.o)
                              build/obj/shell.o (strspn)
/usr/lib/gcc/arm-none-eabi/4.8.2/../../../../arm-none-eabi/lib/thumb/cortex-m4/libc.a(lib_a-ctype_.o)
                              /usr/lib/gcc/arm-none-eabi/4.8.2/../../../../arm-none-eabi/lib/thumb/cortex-m4/libc.a(lib_a-strcasecmp.o) (__ctype_ptr__)

Discarded input sections

 .text          0x0000000000000000        0x0 build/obj/crt0.o
 .data          0x0000000000000000        0x0 build/obj/crt0.o
 .bss           0x0000000000000000        0x0 build/obj/crt0.o
 .text.__early_init
                0x0000000000000000       0x10 build/obj/crt0.o
 .text          0x0000000000000000        0x0 build/obj/vectors.o
 .data          0x0000000000000000        0x0 build/obj/vectors.o
 .bss           0x0000000000000000        0x0 build/obj/vectors.o
 .text          0x0000000000000000        0x0 build/obj/chcore.o
 .data          0x0000000000000000        0x0 build/obj/chcore.o
 .bss           0x0000000000000000        0x0 build/obj/chcore.o
 .text          0x0000000000000000        0x0 build/obj/chcore_v7m.o
 .data          0x0000000000000000        0x0 build/obj/chcore_v7m.o
 .bss           0x0000000000000000        0x0 build/obj/chcore_v7m.o
 .text          0x0000000000000000        0x0 build/obj/nvic.o
 .data          0x0000000000000000        0x0 build/obj/nvic.o
 .bss           0x0000000000000000        0x0 build/obj/nvic.o
 .text.nvicDisableVector
                0x0000000000000000       0x70 build/obj/nvic.o
 .text          0x0000000000000000        0x0 build/obj/chsys.o
 .data          0x0000000000000000        0x0 build/obj/chsys.o
 .bss           0x0000000000000000        0x0 build/obj/chsys.o
 .text          0x0000000000000000        0x0 build/obj/chdebug.o
 .data          0x0000000000000000        0x0 build/obj/chdebug.o
 .bss           0x0000000000000000        0x0 build/obj/chdebug.o
 .text.dbg_check_disable
                0x0000000000000000       0x30 build/obj/chdebug.o
 .text.dbg_check_suspend
                0x0000000000000000       0x30 build/obj/chdebug.o
 .text          0x0000000000000000        0x0 build/obj/chlists.o
 .data          0x0000000000000000        0x0 build/obj/chlists.o
 .bss           0x0000000000000000        0x0 build/obj/chlists.o
 .debug_info    0x0000000000000000       0x79 build/obj/chlists.o
 .debug_abbrev  0x0000000000000000       0x26 build/obj/chlists.o
 .debug_aranges
                0x0000000000000000       0x18 build/obj/chlists.o
 .debug_line    0x0000000000000000       0x1d build/obj/chlists.o
 .debug_str     0x0000000000000000      0x1a5 build/obj/chlists.o
 .comment       0x0000000000000000       0x1e build/obj/chlists.o
 .ARM.attributes
                0x0000000000000000       0x33 build/obj/chlists.o
 .text          0x0000000000000000        0x0 build/obj/chvt.o
 .data          0x0000000000000000        0x0 build/obj/chvt.o
 .bss           0x0000000000000000        0x0 build/obj/chvt.o
 .text          0x0000000000000000        0x0 build/obj/chschd.o
 .data          0x0000000000000000        0x0 build/obj/chschd.o
 .bss           0x0000000000000000        0x0 build/obj/chschd.o
 .text.chSchRescheduleS
                0x0000000000000000       0x30 build/obj/chschd.o
 .text          0x0000000000000000        0x0 build/obj/chthreads.o
 .data          0x0000000000000000        0x0 build/obj/chthreads.o
 .bss           0x0000000000000000        0x0 build/obj/chthreads.o
 .text.list_insert
                0x0000000000000000       0x20 build/obj/chthreads.o
 .text.chThdSetPriority
                0x0000000000000000       0xa0 build/obj/chthreads.o
 .text.chThdResume
                0x0000000000000000       0x50 build/obj/chthreads.o
 .text.chThdTerminate
                0x0000000000000000       0x40 build/obj/chthreads.o
 .text.chThdSleepUntil
                0x0000000000000000       0x40 build/obj/chthreads.o
 .text.chThdYield
                0x0000000000000000       0x40 build/obj/chthreads.o
 .text.chThdWait
[...]
Memory Configuration

Name             Origin             Length             Attributes
flash            0x0000000008000000 0x0000000000100000
ram              0x0000000020000000 0x000000000001c000
ethram           0x000000002001c000 0x0000000000004000
ccmram           0x0000000010000000 0x0000000000010000
*default*        0x0000000000000000 0xffffffffffffffff

Linker script and memory map

LOAD build/obj/crt0.o
LOAD build/obj/vectors.o
LOAD build/obj/chcore.o
LOAD build/obj/chcore_v7m.o
LOAD build/obj/nvic.o
LOAD build/obj/chsys.o
LOAD build/obj/chdebug.o
LOAD build/obj/chlists.o
LOAD build/obj/chvt.o
LOAD build/obj/chschd.o
LOAD build/obj/chthreads.o
LOAD build/obj/chdynamic.o
LOAD build/obj/chregistry.o
LOAD build/obj/chsem.o
LOAD build/obj/chmtx.o
LOAD build/obj/chcond.o
LOAD build/obj/chevents.o
LOAD build/obj/chmsg.o
LOAD build/obj/chmboxes.o
LOAD build/obj/chqueues.o
LOAD build/obj/chmemcore.o
LOAD build/obj/chheap.o
LOAD build/obj/chmempools.o
LOAD build/obj/hal.o
LOAD build/obj/adc.o
LOAD build/obj/can.o
LOAD build/obj/ext.o
LOAD build/obj/gpt.o
LOAD build/obj/i2c.o
LOAD build/obj/icu.o
LOAD build/obj/mac.o
LOAD build/obj/mmc_spi.o
LOAD build/obj/mmcsd.o
LOAD build/obj/pal.o
LOAD build/obj/pwm.o
LOAD build/obj/rtc.o
LOAD build/obj/sdc.o
LOAD build/obj/serial.o
LOAD build/obj/serial_usb.o
LOAD build/obj/spi.o
LOAD build/obj/tm.o
LOAD build/obj/uart.o
LOAD build/obj/usb.o
LOAD build/obj/stm32_dma.o
LOAD build/obj/hal_lld.o
LOAD build/obj/adc_lld.o
LOAD build/obj/ext_lld_isr.o
LOAD build/obj/can_lld.o
LOAD build/obj/ext_lld.o
LOAD build/obj/mac_lld.o
LOAD build/obj/sdc_lld.o
LOAD build/obj/pal_lld.o
LOAD build/obj/i2c_lld.o
LOAD build/obj/usb_lld.o
LOAD build/obj/rtc_lld.o
LOAD build/obj/spi_lld.o
LOAD build/obj/gpt_lld.o
LOAD build/obj/icu_lld.o
LOAD build/obj/pwm_lld.o
LOAD build/obj/serial_lld.o
LOAD build/obj/uart_lld.o
LOAD build/obj/board.o
LOAD build/obj/fatfs_diskio.o
LOAD build/obj/fatfs_syscall.o
LOAD build/obj/ff.o
LOAD build/obj/ccsbcs.o
LOAD build/obj/evtimer.o
LOAD build/obj/syscalls.o
LOAD build/obj/shell.o
LOAD build/obj/chprintf.o
LOAD build/obj/main.o
START GROUP
LOAD /usr/lib/gcc/arm-none-eabi/4.8.2/thumb/cortex-m4/libgcc.a
LOAD /usr/lib/gcc/arm-none-eabi/4.8.2/../../../../arm-none-eabi/lib/thumb/cortex-m4/libc.a
END GROUP
                0x0000000000000400                __main_stack_size__ = 0x400
                0x0000000000000400                __process_stack_size__ = 0x400
                0x0000000020000000                __ram_start__ = ORIGIN (ram)
                0x000000000001c000                __ram_size__ = 0x1c000
                0x000000002001c000                __ram_end__ = (__ram_start__ + __ram_size__)
                0x0000000000000000                . = 0x0
                0x0000000000000000                _text = .

startup         0x0000000008000000      0x188
 *(vectors)
 vectors        0x0000000008000000      0x188 build/obj/vectors.o
                0x0000000008000000                _vectors

constructors    0x0000000008000188        0x0
                0x0000000008000188                PROVIDE (__init_array_start, .)
 *(SORT(.init_array.*))
 *(.init_array)
                0x0000000008000188                PROVIDE (__init_array_end, .)

destructors     0x0000000008000188        0x0
                0x0000000008000188                PROVIDE (__fini_array_start, .)
 *(.fini_array)
 *(SORT(.fini_array.*))
                0x0000000008000188                PROVIDE (__fini_array_end, .)

.text           0x0000000008000190     0x9928
 *(.text.startup.*)
 *(.text)
 .text          0x0000000008000190       0x68 /usr/lib/gcc/arm-none-eabi/4.8.2/../../../../arm-none-eabi/lib/thumb/cortex-m4/libc.a(lib_a-memcmp.o)
                0x0000000008000190                memcmp
 *fill*         0x00000000080001f8        0x8 
 .text          0x0000000008000200      0x134 /usr/lib/gcc/arm-none-eabi/4.8.2/../../../../arm-none-eabi/lib/thumb/cortex-m4/libc.a(lib_a-memcpy.o)
                0x0000000008000200                memcpy
 *fill*         0x0000000008000334        0xc 
 .text          0x0000000008000340       0x48 /usr/lib/gcc/arm-none-eabi/4.8.2/../../../../arm-none-eabi/lib/thumb/cortex-m4/libc.a(lib_a-strcasecmp.o)
                0x0000000008000340                strcasecmp
 *fill*         0x0000000008000388        0x8 
 .text          0x0000000008000390       0x50 /usr/lib/gcc/arm-none-eabi/4.8.2/../../../../arm-none-eabi/lib/thumb/cortex-m4/libc.a(lib_a-strpbrk.o)
                0x0000000008000390                strpbrk
 .text          0x00000000080003e0       0x40 /usr/lib/gcc/arm-none-eabi/4.8.2/../../../../arm-none-eabi/lib/thumb/cortex-m4/libc.a(lib_a-strspn.o)
                0x00000000080003e0                strspn
 *(.text.*)
 .text.__late_init
                0x0000000008000420       0x10 build/obj/crt0.o
                0x0000000008000420                __late_init
 .text._default_exit
                0x0000000008000430       0x10 build/obj/crt0.o
                0x0000000008000430                _default_exit
 .text.ResetHandler
                0x0000000008000440       0xf0 build/obj/crt0.o
                0x0000000008000440                ResetHandler
 .text._unhandled_exception
                0x0000000008000530       0x10 build/obj/vectors.o
                0x0000000008000530                Vector58
                0x0000000008000530                VectorE8
                0x0000000008000530                Vector9C
                0x0000000008000530                VectorAC
                0x0000000008000530                Vector5C
                0x0000000008000530                NMIVector
                0x0000000008000530                Vector11C
                0x0000000008000530                Vector8C
                0x0000000008000530                VectorDC
                0x0000000008000530                Vector168
                0x0000000008000530                Vector110
                0x0000000008000530                VectorC8
                0x0000000008000530                Vector94
                0x0000000008000530                VectorA8
                0x0000000008000530                VectorB4
                0x0000000008000530                Vector160
                0x0000000008000530                VectorEC
                0x0000000008000530                UsageFaultVector
                0x0000000008000530                DebugMonitorVector
                0x0000000008000530                Vector40
                0x0000000008000530                VectorF8
                0x0000000008000530                Vector108
                0x0000000008000530                VectorBC
                0x0000000008000530                Vector148
                0x0000000008000530                PendSVVector
                0x0000000008000530                Vector118
                0x0000000008000530                Vector64
                0x0000000008000530                VectorCC
                0x0000000008000530                Vector54
                0x0000000008000530                Vector98
                0x0000000008000530                Vector138
                0x0000000008000530                Vector24
                0x0000000008000530                Vector178
                0x0000000008000530                BusFaultVector
                0x0000000008000530                VectorD0
                0x0000000008000530                Vector140
                0x0000000008000530                VectorE4
                0x0000000008000530                VectorC0
                0x0000000008000530                HardFaultVector
                0x0000000008000530                Vector134
                0x0000000008000530                VectorF0
                0x0000000008000530                Vector13C
                0x0000000008000530                Vector100
                0x0000000008000530                VectorE0
                0x0000000008000530                VectorF4
                0x0000000008000530                MemManageVector
                0x0000000008000530                VectorA0
                0x0000000008000530                VectorC4
                0x0000000008000530                Vector180
                0x0000000008000530                VectorB0
                0x0000000008000530                Vector90
                0x0000000008000530                Vector114
                0x0000000008000530                Vector164
                0x0000000008000530                Vector60
                0x0000000008000530                Vector1C
                0x0000000008000530                Vector17C
                0x0000000008000530                Vector48
                0x0000000008000530                Vector16C
                0x0000000008000530                VectorD4
                0x0000000008000530                Vector4C
                0x0000000008000530                Vector144
                0x0000000008000530                Vector15C
                0x0000000008000530                Vector68
                0x0000000008000530                _unhandled_exception
                0x0000000008000530                Vector170
                0x0000000008000530                Vector88
                0x0000000008000530                Vector184
                0x0000000008000530                Vector10C
                0x0000000008000530                Vector14C
                0x0000000008000530                Vector50
                0x0000000008000530                Vector44
                0x0000000008000530                Vector28
                0x0000000008000530                VectorB8
                0x0000000008000530                Vector34
                0x0000000008000530                VectorA4
                0x0000000008000530                Vector20
                0x0000000008000530                Vector174
 .text.port_halt
                0x0000000008000540       0x10 build/obj/chcore.o
                0x0000000008000540                port_halt
 .text.SysTickVector
                0x0000000008000550       0x30 build/obj/chcore_v7m.o
                0x0000000008000550                SysTickVector
 .text.SVCallVector
                0x0000000008000580       0x20 build/obj/chcore_v7m.o
                0x0000000008000580                SVCallVector
 .text._port_init
                0x00000000080005a0       0x40 build/obj/chcore_v7m.o
                0x00000000080005a0                _port_init
 .text._port_irq_epilogue
                0x00000000080005e0       0xc0 build/obj/chcore_v7m.o
                0x00000000080005e0                _port_irq_epilogue
 .text._port_switch_from_isr
                0x00000000080006a0       0x10 build/obj/chcore_v7m.o
                0x00000000080006a0                _port_switch_from_isr
 .text._port_switch
                0x00000000080006b0       0x20 build/obj/chcore_v7m.o
                0x00000000080006b0                _port_switch
 .text._port_thread_start
                0x00000000080006d0       0x20 build/obj/chcore_v7m.o
                0x00000000080006d0                _port_thread_start
 .text.nvicEnableVector
                0x00000000080006f0       0x90 build/obj/nvic.o
                0x00000000080006f0                nvicEnableVector
 .text.nvicSetSystemHandlerPriority
                0x0000000008000780       0x60 build/obj/nvic.o
                0x0000000008000780                nvicSetSystemHandlerPriority
 .text._idle_thread
                0x00000000080007e0       0x20 build/obj/chsys.o
                0x00000000080007e0                _idle_thread
 .text.chSysInit
                0x0000000008000800       0xa0 build/obj/chsys.o
                0x0000000008000800                chSysInit
 .text.chSysTimerHandlerI
                0x00000000080008a0       0xe0 build/obj/chsys.o
                0x00000000080008a0                chSysTimerHandlerI
 .text.dbg_check_enable
                0x0000000008000980       0x30 build/obj/chdebug.o
                0x0000000008000980                dbg_check_enable
 .text.dbg_check_lock
                0x00000000080009b0       0x40 build/obj/chdebug.o
                0x00000000080009b0                dbg_check_lock
 .text.dbg_check_unlock
                0x00000000080009f0       0x40 build/obj/chdebug.o
                0x00000000080009f0                dbg_check_unlock
 .text.dbg_check_lock_from_isr
                0x0000000008000a30       0x40 build/obj/chdebug.o
                0x0000000008000a30                dbg_check_lock_from_isr
 .text.dbg_check_unlock_from_isr
                0x0000000008000a70       0x40 build/obj/chdebug.o
                0x0000000008000a70                dbg_check_unlock_from_isr
 .text.dbg_check_enter_isr
                0x0000000008000ab0       0x50 build/obj/chdebug.o
                0x0000000008000ab0                dbg_check_enter_isr
 .text.dbg_check_leave_isr
                0x0000000008000b00       0x50 build/obj/chdebug.o
                0x0000000008000b00                dbg_check_leave_isr
 .text.chDbgCheckClassI
                0x0000000008000b50       0x30 build/obj/chdebug.o
                0x0000000008000b50                chDbgCheckClassI
 .text.chDbgCheckClassS
                0x0000000008000b80       0x30 build/obj/chdebug.o
                0x0000000008000b80                chDbgCheckClassS
 .text._trace_init
                0x0000000008000bb0       0x20 build/obj/chdebug.o
                0x0000000008000bb0                _trace_init
 .text.dbg_trace
                0x0000000008000bd0       0xa0 build/obj/chdebug.o
                0x0000000008000bd0                dbg_trace
 .text.chDbgPanic
                0x0000000008000c70       0x20 build/obj/chdebug.o
                0x0000000008000c70                chDbgPanic
 .text._vt_init
                0x0000000008000c90       0x50 build/obj/chvt.o
                0x0000000008000c90                _vt_init
 .text.chVTSetI
                0x0000000008000ce0       0xb0 build/obj/chvt.o
                0x0000000008000ce0                chVTSetI
 .text.chVTResetI
                0x0000000008000d90       0x80 build/obj/chvt.o
                0x0000000008000d90                chVTResetI
 .text.fifo_remove
                0x0000000008000e10       0x30 build/obj/chschd.o
 .text.dequeue  0x0000000008000e40       0x20 build/obj/chschd.o
 .text._scheduler_init
                0x0000000008000e60       0x60 build/obj/chschd.o
                0x0000000008000e60                _scheduler_init
 .text.chSchReadyI
                0x0000000008000ec0       0x80 build/obj/chschd.o
                0x0000000008000ec0                chSchReadyI
 .text.chSchGoSleepS
                0x0000000008000f40       0x90 build/obj/chschd.o
                0x0000000008000f40                chSchGoSleepS
 .text.wakeup   0x0000000008000fd0       0xa0 build/obj/chschd.o
 .text.chSchGoSleepTimeoutS
                0x0000000008001070       0x70 build/obj/chschd.o
                0x0000000008001070                chSchGoSleepTimeoutS
 .text.chSchWakeupS
                0x00000000080010e0       0x90 build/obj/chschd.o
                0x00000000080010e0                chSchWakeupS
 .text.chSchDoRescheduleBehind
                0x0000000008001170       0x80 build/obj/chschd.o
                0x0000000008001170                chSchDoRescheduleBehind
 .text.chSchDoRescheduleAhead
                0x00000000080011f0       0xc0 build/obj/chschd.o
                0x00000000080011f0                chSchDoRescheduleAhead
 .text.chSchDoReschedule
                0x00000000080012b0       0x20 build/obj/chschd.o
                0x00000000080012b0                chSchDoReschedule
 .text.list_remove
                0x00000000080012d0       0x20 build/obj/chthreads.o
 .text._thread_init
                0x00000000080012f0       0xb0 build/obj/chthreads.o
                0x00000000080012f0                _thread_init
 .text._thread_memfill
                0x00000000080013a0       0x30 build/obj/chthreads.o
                0x00000000080013a0                _thread_memfill
 .text.chThdCreateI
                0x00000000080013d0       0x80 build/obj/chthreads.o
                0x00000000080013d0                chThdCreateI
 .text.chThdCreateStatic
                0x0000000008001450       0x70 build/obj/chthreads.o
                0x0000000008001450                chThdCreateStatic
 .text.chThdSleep
                0x00000000080014c0       0x40 build/obj/chthreads.o
                0x00000000080014c0                chThdSleep
 .text.chThdExit
                0x0000000008001500       0x20 build/obj/chthreads.o
                0x0000000008001500                chThdExit
 .text.chThdExitS
                0x0000000008001520       0x80 build/obj/chthreads.o
                0x0000000008001520                chThdExitS
 .text.prio_insert
                0x00000000080015a0       0x50 build/obj/chmtx.o
 .text.fifo_remove
                0x00000000080015f0       0x30 build/obj/chmtx.o
 .text.dequeue  0x0000000008001620       0x20 build/obj/chmtx.o
 .text.chMtxInit
                0x0000000008001640       0x40 build/obj/chmtx.o
                0x0000000008001640                chMtxInit
 .text.chMtxLock
                0x0000000008001680       0x30 build/obj/chmtx.o
                0x0000000008001680                chMtxLock
 .text.chMtxLockS
                0x00000000080016b0      0x110 build/obj/chmtx.o
                0x00000000080016b0                chMtxLockS
 .text.chMtxUnlock
                0x00000000080017c0       0xe0 build/obj/chmtx.o
                0x00000000080017c0                chMtxUnlock
 .text.chEvtBroadcastFlagsI
                0x00000000080018a0       0x60 build/obj/chevents.o
                0x00000000080018a0                chEvtBroadcastFlagsI
 .text.chEvtSignalI
                0x0000000008001900       0x70 build/obj/chevents.o
                0x0000000008001900                chEvtSignalI
 .text.queue_insert
                0x0000000008001970       0x30 build/obj/chqueues.o
 .text.fifo_remove
                0x00000000080019a0       0x30 build/obj/chqueues.o
 .text.qwait    0x00000000080019d0       0x50 build/obj/chqueues.o
 .text.chIQInit
                0x0000000008001a20       0x50 build/obj/chqueues.o
                0x0000000008001a20                chIQInit
 .text.chIQPutI
                0x0000000008001a70       0xa0 build/obj/chqueues.o
                0x0000000008001a70                chIQPutI
 .text.chIQGetTimeout
                0x0000000008001b10       0x90 build/obj/chqueues.o
                0x0000000008001b10                chIQGetTimeout
 .text.chIQReadTimeout
                0x0000000008001ba0       0xd0 build/obj/chqueues.o
                0x0000000008001ba0                chIQReadTimeout
 .text.chOQInit
                0x0000000008001c70       0x50 build/obj/chqueues.o
                0x0000000008001c70                chOQInit
 .text.chOQPutTimeout
                0x0000000008001cc0       0xa0 build/obj/chqueues.o
                0x0000000008001cc0                chOQPutTimeout
 .text.chOQGetI
                0x0000000008001d60       0x90 build/obj/chqueues.o
                0x0000000008001d60                chOQGetI
 .text.chOQWriteTimeout
                0x0000000008001df0       0xd0 build/obj/chqueues.o
                0x0000000008001df0                chOQWriteTimeout
 .text._core_init
                0x0000000008001ec0       0x40 build/obj/chmemcore.o
                0x0000000008001ec0                _core_init
 .text.chCoreAlloc
                0x0000000008001f00       0x30 build/obj/chmemcore.o
                0x0000000008001f00                chCoreAlloc
 .text.chCoreAllocI
                0x0000000008001f30       0x70 build/obj/chmemcore.o
                0x0000000008001f30                chCoreAllocI
 .text._heap_init
                0x0000000008001fa0       0x40 build/obj/chheap.o
                0x0000000008001fa0                _heap_init
 .text.chHeapAlloc
                0x0000000008001fe0       0xf0 build/obj/chheap.o
                0x0000000008001fe0                chHeapAlloc
 .text.chHeapFree
                0x00000000080020d0      0x100 build/obj/chheap.o
                0x00000000080020d0                chHeapFree
 .text.halInit  0x00000000080021d0       0x20 build/obj/hal.o
                0x00000000080021d0                halInit
 .text.mmcsd_get_slice
                0x00000000080021f0       0xa0 build/obj/mmcsd.o
 .text.mmcsdGetCapacity
                0x0000000008002290       0x70 build/obj/mmcsd.o
                0x0000000008002290                mmcsdGetCapacity
 .text._sdc_wait_for_transfer_state
                0x0000000008002300       0x60 build/obj/sdc.o
                0x0000000008002300                _sdc_wait_for_transfer_state
 .text.sdcInit  0x0000000008002360       0x10 build/obj/sdc.o
                0x0000000008002360                sdcInit
 .text.sdcObjectInit
                0x0000000008002370       0x30 build/obj/sdc.o
                0x0000000008002370                sdcObjectInit
 .text.sdcStart
                0x00000000080023a0       0x70 build/obj/sdc.o
                0x00000000080023a0                sdcStart
 .text.sdcConnect
                0x0000000008002410      0x260 build/obj/sdc.o
                0x0000000008002410                sdcConnect
 .text.sdcDisconnect
                0x0000000008002670       0xa0 build/obj/sdc.o
                0x0000000008002670                sdcDisconnect
 .text.sdcRead  0x0000000008002710       0x90 build/obj/sdc.o
                0x0000000008002710                sdcRead
 .text.sdcWrite
                0x00000000080027a0       0x90 build/obj/sdc.o
                0x00000000080027a0                sdcWrite
 .text.sdcSync  0x0000000008002830       0x50 build/obj/sdc.o
                0x0000000008002830                sdcSync
 .text.sdcGetInfo
                0x0000000008002880       0x50 build/obj/sdc.o
                0x0000000008002880                sdcGetInfo
 .text.sdcErase
                0x00000000080028d0       0xe0 build/obj/sdc.o
                0x00000000080028d0                sdcErase
 .text.write    0x00000000080029b0       0x30 build/obj/serial.o
 .text.read     0x00000000080029e0       0x30 build/obj/serial.o
 .text.put      0x0000000008002a10       0x30 build/obj/serial.o
 .text.get      0x0000000008002a40       0x20 build/obj/serial.o
 .text.putt     0x0000000008002a60       0x30 build/obj/serial.o
 .text.gett     0x0000000008002a90       0x20 build/obj/serial.o
 .text.writet   0x0000000008002ab0       0x30 build/obj/serial.o
 .text.readt    0x0000000008002ae0       0x30 build/obj/serial.o
 .text.sdInit   0x0000000008002b10       0x10 build/obj/serial.o
                0x0000000008002b10                sdInit
 .text.sdObjectInit
                0x0000000008002b20       0x60 build/obj/serial.o
                0x0000000008002b20                sdObjectInit
 .text.sdStart  0x0000000008002b80       0x60 build/obj/serial.o
                0x0000000008002b80                sdStart
 .text.sdIncomingDataI
                0x0000000008002be0       0x60 build/obj/serial.o
                0x0000000008002be0                sdIncomingDataI
 .text.Vector6C
                0x0000000008002c40       0x60 build/obj/stm32_dma.o
                0x0000000008002c40                Vector6C
 .text.Vector70
                0x0000000008002ca0       0x60 build/obj/stm32_dma.o
                0x0000000008002ca0                Vector70
 .text.Vector74
                0x0000000008002d00       0x60 build/obj/stm32_dma.o
                0x0000000008002d00                Vector74
 .text.Vector78
                0x0000000008002d60       0x60 build/obj/stm32_dma.o
                0x0000000008002d60                Vector78
 .text.Vector7C
                0x0000000008002dc0       0x60 build/obj/stm32_dma.o
                0x0000000008002dc0                Vector7C
 .text.Vector80
                0x0000000008002e20       0x60 build/obj/stm32_dma.o
                0x0000000008002e20                Vector80
 .text.Vector84
                0x0000000008002e80       0x60 build/obj/stm32_dma.o
                0x0000000008002e80                Vector84
 .text.VectorFC
                0x0000000008002ee0       0x60 build/obj/stm32_dma.o
                0x0000000008002ee0                VectorFC
 .text.Vector120
                0x0000000008002f40       0x60 build/obj/stm32_dma.o
                0x0000000008002f40                Vector120
 .text.Vector124
                0x0000000008002fa0       0x60 build/obj/stm32_dma.o
                0x0000000008002fa0                Vector124
 .text.Vector128
                0x0000000008003000       0x60 build/obj/stm32_dma.o
                0x0000000008003000                Vector128
 .text.Vector12C
                0x0000000008003060       0x60 build/obj/stm32_dma.o
                0x0000000008003060                Vector12C
 .text.Vector130
                0x00000000080030c0       0x60 build/obj/stm32_dma.o
                0x00000000080030c0                Vector130
 .text.Vector150
                0x0000000008003120       0x60 build/obj/stm32_dma.o
                0x0000000008003120                Vector150
 .text.Vector154
                0x0000000008003180       0x60 build/obj/stm32_dma.o
                0x0000000008003180                Vector154
 .text.Vector158
                0x00000000080031e0       0x60 build/obj/stm32_dma.o
                0x00000000080031e0                Vector158
 .text.dmaInit  0x0000000008003240       0x90 build/obj/stm32_dma.o
                0x0000000008003240                dmaInit
 .text.dmaStreamAllocate
                0x00000000080032d0      0x140 build/obj/stm32_dma.o
                0x00000000080032d0                dmaStreamAllocate
 .text.hal_lld_backup_domain_init
                0x0000000008003410       0x60 build/obj/hal_lld.o
 .text.hal_lld_init
                0x0000000008003470      0x110 build/obj/hal_lld.o
                0x0000000008003470                hal_lld_init
 .text.stm32_clock_init
                0x0000000008003580      0x1b0 build/obj/hal_lld.o
                0x0000000008003580                stm32_clock_init
 .text.sdc_lld_prepare_read
                0x0000000008003730       0x80 build/obj/sdc_lld.o
 .text.sdc_lld_prepare_write
                0x00000000080037b0       0x80 build/obj/sdc_lld.o
 .text.sdc_lld_wait_transaction_end
                0x0000000008003830       0xf0 build/obj/sdc_lld.o
 .text.sdc_lld_collect_errors
                0x0000000008003920       0xa0 build/obj/sdc_lld.o
 .text.sdc_lld_error_cleanup
                0x00000000080039c0       0xb0 build/obj/sdc_lld.o
 .text.Vector104
                0x0000000008003a70       0x60 build/obj/sdc_lld.o
                0x0000000008003a70                Vector104
 .text.sdc_lld_init
                0x0000000008003ad0       0x40 build/obj/sdc_lld.o
                0x0000000008003ad0                sdc_lld_init
 .text.sdc_lld_start
                0x0000000008003b10       0xd0 build/obj/sdc_lld.o
                0x0000000008003b10                sdc_lld_start
 .text.sdc_lld_start_clk
                0x0000000008003be0       0x50 build/obj/sdc_lld.o
                0x0000000008003be0                sdc_lld_start_clk
 .text.sdc_lld_set_data_clk
                0x0000000008003c30       0x20 build/obj/sdc_lld.o
                0x0000000008003c30                sdc_lld_set_data_clk
 .text.sdc_lld_stop_clk
                0x0000000008003c50       0x20 build/obj/sdc_lld.o
                0x0000000008003c50                sdc_lld_stop_clk
 .text.sdc_lld_set_bus_mode
                0x0000000008003c70       0x60 build/obj/sdc_lld.o
                0x0000000008003c70                sdc_lld_set_bus_mode
 .text.sdc_lld_send_cmd_none
                0x0000000008003cd0       0x50 build/obj/sdc_lld.o
                0x0000000008003cd0                sdc_lld_send_cmd_none
 .text.sdc_lld_send_cmd_short
                0x0000000008003d20       0x90 build/obj/sdc_lld.o
                0x0000000008003d20                sdc_lld_send_cmd_short
 .text.sdc_lld_send_cmd_short_crc
                0x0000000008003db0       0x90 build/obj/sdc_lld.o
                0x0000000008003db0                sdc_lld_send_cmd_short_crc
 .text.sdc_lld_send_cmd_long_crc
                0x0000000008003e40       0xc0 build/obj/sdc_lld.o
                0x0000000008003e40                sdc_lld_send_cmd_long_crc
 .text.sdc_lld_read_aligned
                0x0000000008003f00      0x100 build/obj/sdc_lld.o
                0x0000000008003f00                sdc_lld_read_aligned
 .text.sdc_lld_write_aligned
                0x0000000008004000      0x100 build/obj/sdc_lld.o
                0x0000000008004000                sdc_lld_write_aligned
 .text.sdc_lld_read
                0x0000000008004100       0x90 build/obj/sdc_lld.o
                0x0000000008004100                sdc_lld_read
 .text.sdc_lld_write
                0x0000000008004190       0x90 build/obj/sdc_lld.o
                0x0000000008004190                sdc_lld_write
 .text.sdc_lld_sync
                0x0000000008004220       0x10 build/obj/sdc_lld.o
                0x0000000008004220                sdc_lld_sync
 .text.initgpio
                0x0000000008004230       0x50 build/obj/pal_lld.o
 .text._pal_lld_init
                0x0000000008004280       0xf0 build/obj/pal_lld.o
                0x0000000008004280                _pal_lld_init
 .text._pal_lld_setgroupmode
                0x0000000008004370      0x130 build/obj/pal_lld.o
                0x0000000008004370                _pal_lld_setgroupmode
 .text.usart_init
                0x00000000080044a0       0xa0 build/obj/serial_lld.o
 .text.set_error
                0x0000000008004540       0x80 build/obj/serial_lld.o
 .text.serve_interrupt
                0x00000000080045c0      0x160 build/obj/serial_lld.o
 .text.notify2  0x0000000008004720       0x30 build/obj/serial_lld.o
 .text.VectorD8
                0x0000000008004750       0x20 build/obj/serial_lld.o
                0x0000000008004750                VectorD8
 .text.sd_lld_init
                0x0000000008004770       0x30 build/obj/serial_lld.o
                0x0000000008004770                sd_lld_init
 .text.sd_lld_start
                0x00000000080047a0       0x60 build/obj/serial_lld.o
                0x00000000080047a0                sd_lld_start
 .text.__early_init
                0x0000000008004800       0x10 build/obj/board.o
                0x0000000008004800                __early_init
 .text.sdc_lld_is_card_inserted
                0x0000000008004810       0x10 build/obj/board.o
                0x0000000008004810                sdc_lld_is_card_inserted
 .text.sdc_lld_is_write_protected
                0x0000000008004820       0x10 build/obj/board.o
                0x0000000008004820                sdc_lld_is_write_protected
 .text.boardInit
                0x0000000008004830       0x10 build/obj/board.o
                0x0000000008004830                boardInit
 .text.disk_initialize
                0x0000000008004840       0x60 build/obj/fatfs_diskio.o
                0x0000000008004840                disk_initialize
 .text.disk_status
                0x00000000080048a0       0x60 build/obj/fatfs_diskio.o
                0x00000000080048a0                disk_status
 .text.disk_read
                0x0000000008004900       0x60 build/obj/fatfs_diskio.o
                0x0000000008004900                disk_read
 .text.disk_write
                0x0000000008004960       0x60 build/obj/fatfs_diskio.o
                0x0000000008004960                disk_write
 .text.disk_ioctl
                0x00000000080049c0       0xa0 build/obj/fatfs_diskio.o
                0x00000000080049c0                disk_ioctl
 .text.get_fattime
                0x0000000008004a60       0x10 build/obj/fatfs_diskio.o
                0x0000000008004a60                get_fattime
 .text.ff_memalloc
                0x0000000008004a70       0x20 build/obj/fatfs_syscall.o
                0x0000000008004a70                ff_memalloc
 .text.ff_memfree
                0x0000000008004a90       0x20 build/obj/fatfs_syscall.o
                0x0000000008004a90                ff_memfree
 .text.mem_cpy  0x0000000008004ab0       0x60 build/obj/ff.o
 .text.mem_set  0x0000000008004b10       0x30 build/obj/ff.o
 .text.mem_cmp  0x0000000008004b40       0x50 build/obj/ff.o
 .text.chk_chr  0x0000000008004b90       0x30 build/obj/ff.o
 .text.move_window
                0x0000000008004bc0       0xc0 build/obj/ff.o
 .text.sync     0x0000000008004c80       0xd0 build/obj/ff.o
 .text.clust2sect
                0x0000000008004d50       0x40 build/obj/ff.o
                0x0000000008004d50                clust2sect
 .text.get_fat  0x0000000008004d90      0x130 build/obj/ff.o
                0x0000000008004d90                get_fat
 .text.put_fat  0x0000000008004ec0      0x1b0 build/obj/ff.o
                0x0000000008004ec0                put_fat
 .text.remove_chain
                0x0000000008005070      0x100 build/obj/ff.o
 .text.create_chain
                0x0000000008005170      0x120 build/obj/ff.o
 .text.dir_sdi  0x0000000008005290      0x120 build/obj/ff.o
 .text.dir_next
                0x00000000080053b0      0x1c0 build/obj/ff.o
 .text.cmp_lfn  0x0000000008005570       0xd0 build/obj/ff.o
 .text.fit_lfn  0x0000000008005640       0xd0 build/obj/ff.o
 .text.gen_numname
                0x0000000008005710       0xf0 build/obj/ff.o
                0x0000000008005710                gen_numname
 .text.sum_sfn  0x0000000008005800       0x40 build/obj/ff.o
 .text.dir_find
                0x0000000008005840      0x190 build/obj/ff.o
 .text.dir_register
                0x00000000080059d0      0x2c0 build/obj/ff.o
 .text.create_name
                0x0000000008005c90      0x3b0 build/obj/ff.o
 .text.get_fileinfo
                0x0000000008006040      0x1c0 build/obj/ff.o
 .text.follow_path
                0x0000000008006200       0xf0 build/obj/ff.o
 .text.check_fs
                0x00000000080062f0       0x80 build/obj/ff.o
 .text.chk_mounted
                0x0000000008006370      0x420 build/obj/ff.o
 .text.validate
                0x0000000008006790       0x50 build/obj/ff.o
 .text.f_mount  0x00000000080067e0       0x60 build/obj/ff.o
                0x00000000080067e0                f_mount
 .text.f_open   0x0000000008006840      0x250 build/obj/ff.o
                0x0000000008006840                f_open
 .text.f_read   0x0000000008006a90      0x2d0 build/obj/ff.o
                0x0000000008006a90                f_read
 .text.f_write  0x0000000008006d60      0x330 build/obj/ff.o
                0x0000000008006d60                f_write
 .text.f_sync   0x0000000008007090      0x110 build/obj/ff.o
                0x0000000008007090                f_sync
 .text.f_close  0x00000000080071a0       0x30 build/obj/ff.o
                0x00000000080071a0                f_close
 .text.f_stat   0x00000000080071d0       0x90 build/obj/ff.o
                0x00000000080071d0                f_stat
 .text.f_getfree
                0x0000000008007260      0x180 build/obj/ff.o
                0x0000000008007260                f_getfree
 .text.ff_convert
                0x00000000080073e0       0xa0 build/obj/ccsbcs.o
                0x00000000080073e0                ff_convert
 .text.ff_wtoupper
                0x0000000008007480       0x70 build/obj/ccsbcs.o
                0x0000000008007480                ff_wtoupper
 .text.chprintf
                0x00000000080074f0       0x20 build/obj/shell.o
 .text._strtok  0x0000000008007510       0x70 build/obj/shell.o
 .text.usage    0x0000000008007580       0x20 build/obj/shell.o
 .text.list_commands
                0x00000000080075a0       0x40 build/obj/shell.o
 .text.cmd_info
                0x00000000080075e0       0xf0 build/obj/shell.o
 .text.cmd_systime
                0x00000000080076d0       0x40 build/obj/shell.o
 .text.cmdexec  0x0000000008007710       0x50 build/obj/shell.o
 .text.shell_thread
                0x0000000008007760      0x1e0 build/obj/shell.o
 .text.shellInit
                0x0000000008007940       0x20 build/obj/shell.o
                0x0000000008007940                shellInit
 .text.shellExit
                0x0000000008007960       0x30 build/obj/shell.o
                0x0000000008007960                shellExit
 .text.shellCreateStatic
                0x0000000008007990       0x30 build/obj/shell.o
                0x0000000008007990                shellCreateStatic
 .text.shellGetLine
                0x00000000080079c0       0xf0 build/obj/shell.o
                0x00000000080079c0                shellGetLine
 .text.long_to_string_with_divisor
                0x0000000008007ab0       0xa0 build/obj/chprintf.o
 .text.ltoa     0x0000000008007b50       0x20 build/obj/chprintf.o
 .text.chvprintf
                0x0000000008007b70      0x430 build/obj/chprintf.o
                0x0000000008007b70                chvprintf
 .text.chprintf
                0x0000000008007fa0       0x20 build/obj/main.o
 .text.fillbuffer
                0x0000000008007fc0       0x40 build/obj/main.o
                0x0000000008007fc0                fillbuffer
 .text.fillbuffers
                0x0000000008008000       0x40 build/obj/main.o
                0x0000000008008000                fillbuffers
 .text.cmd_sdiotest
                0x0000000008008040      0x600 build/obj/main.o
                0x0000000008008040                cmd_sdiotest
 .text.main     0x0000000008008640       0xb0 build/obj/main.o
                0x0000000008008640                main
 *(.rodata)
 .rodata        0x00000000080086f0        0x8 build/obj/chsys.o
 *fill*         0x00000000080086f8        0x8 
 .rodata        0x0000000008008700       0x58 build/obj/chdebug.o
 *fill*         0x0000000008008758        0x8 
 .rodata        0x0000000008008760       0x34 build/obj/chvt.o
 *fill*         0x0000000008008794        0xc 
 .rodata        0x00000000080087a0       0x24 build/obj/chschd.o
 *fill*         0x00000000080087c4        0xc 
 .rodata        0x00000000080087d0       0x94 build/obj/chthreads.o
 *fill*         0x0000000008008864        0xc 
 .rodata        0x0000000008008870       0xac build/obj/chmtx.o
 *fill*         0x000000000800891c        0x4 
 .rodata        0x0000000008008920       0x90 build/obj/chevents.o
 .rodata        0x00000000080089b0       0x2c build/obj/chqueues.o
 *fill*         0x00000000080089dc        0x4 
 .rodata        0x00000000080089e0       0x34 build/obj/chheap.o
 *fill*         0x0000000008008a14        0xc 
 .rodata        0x0000000008008a20       0x14 build/obj/mmcsd.o
 *fill*         0x0000000008008a34        0xc 
 .rodata        0x0000000008008a40      0x138 build/obj/sdc.o
 *fill*         0x0000000008008b78        0x8 
 .rodata        0x0000000008008b80       0x60 build/obj/serial.o
 .rodata        0x0000000008008be0       0x48 build/obj/stm32_dma.o
 *fill*         0x0000000008008c28        0x8 
 .rodata        0x0000000008008c30       0x80 build/obj/sdc_lld.o
 .rodata        0x0000000008008cb0       0x48 build/obj/ff.o
 *fill*         0x0000000008008cf8        0x8 
 .rodata        0x0000000008008d00      0x214 build/obj/shell.o
 *fill*         0x0000000008008f14        0xc 
 .rodata        0x0000000008008f20        0x8 build/obj/chprintf.o
 *fill*         0x0000000008008f28        0x8 
 .rodata        0x0000000008008f30      0x2cc build/obj/main.o
 *fill*         0x00000000080091fc        0x4 
 .rodata        0x0000000008009200      0x104 /usr/lib/gcc/arm-none-eabi/4.8.2/../../../../arm-none-eabi/lib/thumb/cortex-m4/libc.a(lib_a-ctype_.o)
                0x0000000008009200                _ctype_
 *(.rodata.*)
 *fill*         0x0000000008009304        0xc 
 .rodata.ch_debug
                0x0000000008009310       0x18 build/obj/chregistry.o
                0x0000000008009310                ch_debug
 *fill*         0x0000000008009328        0x8 
 .rodata.sdc_vmt
                0x0000000008009330       0x20 build/obj/sdc.o
 .rodata.vmt    0x0000000008009350       0x20 build/obj/serial.o
 .rodata._stm32_dma_streams
                0x0000000008009370       0xc0 build/obj/stm32_dma.o
                0x0000000008009370                _stm32_dma_streams
 .rodata.default_config
                0x0000000008009430        0xc build/obj/serial_lld.o
 *fill*         0x000000000800943c        0x4 
 .rodata.pal_default_config
                0x0000000008009440       0xfc build/obj/board.o
                0x0000000008009440                pal_default_config
 *fill*         0x000000000800953c        0x4 
 .rodata.LfnOfs
                0x0000000008009540       0x10 build/obj/ff.o
 .rodata.excvt.5289
                0x0000000008009550       0x80 build/obj/ff.o
 .rodata.Tbl    0x00000000080095d0      0x100 build/obj/ccsbcs.o
 .rodata.tbl_lower.5033
                0x00000000080096d0      0x1e0 build/obj/ccsbcs.o
 .rodata.tbl_upper.5034
                0x00000000080098b0      0x1e0 build/obj/ccsbcs.o
 .rodata.sdccfg
                0x0000000008009a90        0x4 build/obj/main.o
 *fill*         0x0000000008009a94        0xc 
 .rodata.commands
                0x0000000008009aa0       0x10 build/obj/main.o
 .rodata.shell_cfg1
                0x0000000008009ab0        0x8 build/obj/main.o
 *(.glue_7t)
 .glue_7t       0x0000000000000000        0x0 linker stubs
 *(.glue_7)
 .glue_7        0x0000000000000000        0x0 linker stubs
 *(.gcc*)

.vfp11_veneer   0x0000000008009ab8        0x0
 .vfp11_veneer  0x0000000000000000        0x0 linker stubs

.v4_bx          0x0000000008009ab8        0x0
 .v4_bx         0x0000000000000000        0x0 linker stubs

.iplt           0x0000000008009ab8        0x0
 .iplt          0x0000000000000000        0x0 build/obj/crt0.o

.rel.dyn        0x0000000008009ab8        0x0
 .rel.iplt      0x0000000000000000        0x0 build/obj/crt0.o

.ARM.extab
 *(.ARM.extab* .gnu.linkonce.armextab.*)

.ARM.exidx      0x0000000008009ab8        0x0
                0x0000000008009ab8                PROVIDE (__exidx_start, .)
 *(.ARM.exidx* .gnu.linkonce.armexidx.*)
                0x0000000008009ab8                PROVIDE (__exidx_end, .)

.eh_frame_hdr
 *(.eh_frame_hdr)

.eh_frame
 *(.eh_frame)

.textalign      0x0000000008009ab8        0x0
                0x0000000008009ab8                . = ALIGN (0x8)
                0x0000000008009ab8                . = ALIGN (0x4)
                0x0000000008009ab8                _etext = .
                0x0000000008009ab8                _textdata = _etext

.stacks         0x0000000020000000      0x800
                0x0000000020000000                . = ALIGN (0x8)
                0x0000000020000000                __main_stack_base__ = .
                0x0000000020000400                . = (. + __main_stack_size__)
 *fill*         0x0000000020000000      0x400 
                0x0000000020000400                . = ALIGN (0x8)
                0x0000000020000400                __main_stack_end__ = .
                0x0000000020000400                __process_stack_base__ = .
                0x0000000020000400                __main_thread_stack_base__ = .
                0x0000000020000800                . = (. + __process_stack_size__)
 *fill*         0x0000000020000400      0x400 
                0x0000000020000800                . = ALIGN (0x8)
                0x0000000020000800                __process_stack_end__ = .
                0x0000000020000800                __main_thread_stack_end__ = .

.data           0x0000000020000800       0x28 load address 0x0000000008009ab8
                0x0000000020000800                . = ALIGN (0x4)
                0x0000000020000800                PROVIDE (_data, .)
 *(.data)
 .data          0x0000000020000800        0x4 /usr/lib/gcc/arm-none-eabi/4.8.2/../../../../arm-none-eabi/lib/thumb/cortex-m4/libc.a(lib_a-ctype_.o)
                0x0000000020000800                __ctype_ptr__
                0x0000000020000804                . = ALIGN (0x4)
 *(.data.*)
 .data.local_commands
                0x0000000020000804       0x18 build/obj/shell.o
 .data.ser_cfg  0x000000002000081c        0xc build/obj/main.o
                0x0000000020000828                . = ALIGN (0x4)
 *(.ramtext)
                0x0000000020000828                . = ALIGN (0x4)
                0x0000000020000828                PROVIDE (_edata, .)

.igot.plt       0x0000000020000828        0x0 load address 0x0000000008009ae0
 .igot.plt      0x0000000000000000        0x0 build/obj/crt0.o

.bss            0x0000000020000828     0x33c8 load address 0x0000000008009ae0
                0x0000000020000828                . = ALIGN (0x4)
                0x0000000020000828                PROVIDE (_bss_start, .)
 *(.bss)
                0x0000000020000828                . = ALIGN (0x4)
 *(.bss.*)
 .bss._idle_thread_wa
                0x0000000020000828       0xd0 build/obj/chsys.o
                0x0000000020000828                _idle_thread_wa
 .bss.mainthread.4840
                0x00000000200008f8       0x4c build/obj/chsys.o
 .bss.dbg_isr_cnt
                0x0000000020000944        0x4 build/obj/chdebug.o
                0x0000000020000944                dbg_isr_cnt
 .bss.dbg_lock_cnt
                0x0000000020000948        0x4 build/obj/chdebug.o
                0x0000000020000948                dbg_lock_cnt
 .bss.dbg_trace_buffer
                0x000000002000094c      0x408 build/obj/chdebug.o
                0x000000002000094c                dbg_trace_buffer
 .bss.dbg_panic_msg
                0x0000000020000d54        0x4 build/obj/chdebug.o
                0x0000000020000d54                dbg_panic_msg
 .bss.vtlist    0x0000000020000d58       0x10 build/obj/chvt.o
                0x0000000020000d58                vtlist
 .bss.rlist     0x0000000020000d68       0x1c build/obj/chschd.o
                0x0000000020000d68                rlist
 .bss.nextmem   0x0000000020000d84        0x4 build/obj/chmemcore.o
 .bss.endmem    0x0000000020000d88        0x4 build/obj/chmemcore.o
 *fill*         0x0000000020000d8c        0x4 
 .bss.default_heap
                0x0000000020000d90       0x20 build/obj/chheap.o
 .bss.dma_streams_mask
                0x0000000020000db0        0x4 build/obj/stm32_dma.o
 .bss.dma_isr_redir
                0x0000000020000db4       0x80 build/obj/stm32_dma.o
 .bss.SDCD1     0x0000000020000e34       0x4c build/obj/sdc_lld.o
                0x0000000020000e34                SDCD1
 .bss.u         0x0000000020000e80      0x200 build/obj/sdc_lld.o
 .bss.SD2       0x0000000020001080       0x78 build/obj/serial_lld.o
                0x0000000020001080                SD2
 .bss.FatFs     0x00000000200010f8        0x4 build/obj/ff.o
 .bss.Fsid      0x00000000200010fc        0x2 build/obj/ff.o
 *fill*         0x00000000200010fe        0x2 
 .bss.shell_terminated
                0x0000000020001100        0x4 build/obj/shell.o
                0x0000000020001100                shell_terminated
 .bss.outbuf    0x0000000020001104     0x1004 build/obj/main.o
 .bss.inbuf     0x0000000020002108     0x1004 build/obj/main.o
 .bss.SDC_FS    0x000000002000310c      0x230 build/obj/main.o
 .bss.fs_ready  0x000000002000333c        0x1 build/obj/main.o
 *fill*         0x000000002000333d        0x3 
 .bss.waShell.7318
                0x0000000020003340      0x8b0 build/obj/main.o
                0x0000000020003bf0                . = ALIGN (0x4)
 *(COMMON)
                0x0000000020003bf0                . = ALIGN (0x4)
                0x0000000020003bf0                PROVIDE (_bss_end, .)
                0x0000000020003bf0                PROVIDE (end, .)
                0x0000000020003bf0                _end = .
                0x0000000020003bf0                __heap_base__ = _end
                0x000000002001c000                __heap_end__ = __ram_end__
OUTPUT(build/ch.elf elf32-littlearm)

.debug_info     0x0000000000000000    0x11233
 .debug_info    0x0000000000000000      0x28b build/obj/crt0.o
 .debug_info    0x000000000000028b      0x1cd build/obj/vectors.o
 .debug_info    0x0000000000000458       0x92 build/obj/chcore.o
 .debug_info    0x00000000000004ea      0x795 build/obj/chcore_v7m.o
 .debug_info    0x0000000000000c7f      0x3fe build/obj/nvic.o
 .debug_info    0x000000000000107d      0x75b build/obj/chsys.o
 .debug_info    0x00000000000017d8      0x772 build/obj/chdebug.o
 .debug_info    0x0000000000001f4a      0x203 build/obj/chvt.o
 .debug_info    0x000000000000214d      0x7c4 build/obj/chschd.o
 .debug_info    0x0000000000002911      0xa1d build/obj/chthreads.o
 .debug_info    0x000000000000332e      0x639 build/obj/chregistry.o
 .debug_info    0x0000000000003967      0x7e0 build/obj/chmtx.o
 .debug_info    0x0000000000004147      0xc56 build/obj/chevents.o
 .debug_info    0x0000000000004d9d      0xa3e build/obj/chqueues.o
 .debug_info    0x00000000000057db      0x1de build/obj/chmemcore.o
 .debug_info    0x00000000000059b9      0x629 build/obj/chheap.o
 .debug_info    0x0000000000005fe2      0x2f1 build/obj/hal.o
 .debug_info    0x00000000000062d3      0x196 build/obj/mmcsd.o
 .debug_info    0x0000000000006469      0xce4 build/obj/sdc.o
 .debug_info    0x000000000000714d      0xc02 build/obj/serial.o
 .debug_info    0x0000000000007d4f      0x990 build/obj/stm32_dma.o
 .debug_info    0x00000000000086df      0x475 build/obj/hal_lld.o
 .debug_info    0x0000000000008b54     0x143d build/obj/sdc_lld.o
 .debug_info    0x0000000000009f91      0x5b9 build/obj/pal_lld.o
 .debug_info    0x000000000000a54a      0xf28 build/obj/serial_lld.o
 .debug_info    0x000000000000b472      0xa09 build/obj/board.o
 .debug_info    0x000000000000be7b      0xa76 build/obj/fatfs_diskio.o
 .debug_info    0x000000000000c8f1       0xd6 build/obj/fatfs_syscall.o
 .debug_info    0x000000000000c9c7     0x1c72 build/obj/ff.o
 .debug_info    0x000000000000e639      0x179 build/obj/ccsbcs.o
 .debug_info    0x000000000000e7b2      0xb77 build/obj/shell.o
 .debug_info    0x000000000000f329      0x4b0 build/obj/chprintf.o
 .debug_info    0x000000000000f7d9     0x1510 build/obj/main.o
 .debug_info    0x0000000000010ce9      0x113 /usr/lib/gcc/arm-none-eabi/4.8.2/../../../../arm-none-eabi/lib/thumb/cortex-m4/libc.a(lib_a-memcmp.o)
 .debug_info    0x0000000000010dfc       0xc9 /usr/lib/gcc/arm-none-eabi/4.8.2/../../../../arm-none-eabi/lib/thumb/cortex-m4/libc.a(lib_a-memcpy.o)
 .debug_info    0x0000000000010ec5      0x15d /usr/lib/gcc/arm-none-eabi/4.8.2/../../../../arm-none-eabi/lib/thumb/cortex-m4/libc.a(lib_a-strcasecmp.o)
 .debug_info    0x0000000000011022       0xc8 /usr/lib/gcc/arm-none-eabi/4.8.2/../../../../arm-none-eabi/lib/thumb/cortex-m4/libc.a(lib_a-strpbrk.o)
 .debug_info    0x00000000000110ea       0xda /usr/lib/gcc/arm-none-eabi/4.8.2/../../../../arm-none-eabi/lib/thumb/cortex-m4/libc.a(lib_a-strspn.o)
 .debug_info    0x00000000000111c4       0x6f /usr/lib/gcc/arm-none-eabi/4.8.2/../../../../arm-none-eabi/lib/thumb/cortex-m4/libc.a(lib_a-ctype_.o)

.debug_abbrev   0x0000000000000000     0x3597
 .debug_abbrev  0x0000000000000000       0xc5 build/obj/crt0.o
 .debug_abbrev  0x00000000000000c5       0xaf build/obj/vectors.o
 .debug_abbrev  0x0000000000000174       0x42 build/obj/chcore.o
 .debug_abbrev  0x00000000000001b6      0x1a0 build/obj/chcore_v7m.o
 .debug_abbrev  0x0000000000000356      0x10e build/obj/nvic.o
 .debug_abbrev  0x0000000000000464      0x18b build/obj/chsys.o
 .debug_abbrev  0x00000000000005ef      0x1e8 build/obj/chdebug.o
 .debug_abbrev  0x00000000000007d7       0xf9 build/obj/chvt.o
 .debug_abbrev  0x00000000000008d0      0x202 build/obj/chschd.o
 .debug_abbrev  0x0000000000000ad2      0x22a build/obj/chthreads.o
 .debug_abbrev  0x0000000000000cfc      0x149 build/obj/chregistry.o
 .debug_abbrev  0x0000000000000e45      0x1c6 build/obj/chmtx.o
 .debug_abbrev  0x000000000000100b      0x1fc build/obj/chevents.o
 .debug_abbrev  0x0000000000001207      0x242 build/obj/chqueues.o
 .debug_abbrev  0x0000000000001449       0xf7 build/obj/chmemcore.o
 .debug_abbrev  0x0000000000001540      0x17f build/obj/chheap.o
 .debug_abbrev  0x00000000000016bf      0x134 build/obj/hal.o
 .debug_abbrev  0x00000000000017f3       0xd3 build/obj/mmcsd.o
 .debug_abbrev  0x00000000000018c6      0x249 build/obj/sdc.o
 .debug_abbrev  0x0000000000001b0f      0x207 build/obj/serial.o
 .debug_abbrev  0x0000000000001d16      0x1ab build/obj/stm32_dma.o
 .debug_abbrev  0x0000000000001ec1      0x102 build/obj/hal_lld.o
 .debug_abbrev  0x0000000000001fc3      0x2f6 build/obj/sdc_lld.o
 .debug_abbrev  0x00000000000022b9      0x170 build/obj/pal_lld.o
 .debug_abbrev  0x0000000000002429      0x234 build/obj/serial_lld.o
 .debug_abbrev  0x000000000000265d      0x1a7 build/obj/board.o
 .debug_abbrev  0x0000000000002804      0x1af build/obj/fatfs_diskio.o
 .debug_abbrev  0x00000000000029b3       0x81 build/obj/fatfs_syscall.o
 .debug_abbrev  0x0000000000002a34      0x1c4 build/obj/ff.o
 .debug_abbrev  0x0000000000002bf8       0x99 build/obj/ccsbcs.o
 .debug_abbrev  0x0000000000002c91      0x247 build/obj/shell.o
 .debug_abbrev  0x0000000000002ed8      0x19c build/obj/chprintf.o
 .debug_abbrev  0x0000000000003074      0x28b build/obj/main.o
 .debug_abbrev  0x00000000000032ff       0x7f /usr/lib/gcc/arm-none-eabi/4.8.2/../../../../arm-none-eabi/lib/thumb/cortex-m4/libc.a(lib_a-memcmp.o)
 .debug_abbrev  0x000000000000337e       0x14 /usr/lib/gcc/arm-none-eabi/4.8.2/../../../../arm-none-eabi/lib/thumb/cortex-m4/libc.a(lib_a-memcpy.o)
 .debug_abbrev  0x0000000000003392       0xa8 /usr/lib/gcc/arm-none-eabi/4.8.2/../../../../arm-none-eabi/lib/thumb/cortex-m4/libc.a(lib_a-strcasecmp.o)
 .debug_abbrev  0x000000000000343a       0x81 /usr/lib/gcc/arm-none-eabi/4.8.2/../../../../arm-none-eabi/lib/thumb/cortex-m4/libc.a(lib_a-strpbrk.o)
 .debug_abbrev  0x00000000000034bb       0x8e /usr/lib/gcc/arm-none-eabi/4.8.2/../../../../arm-none-eabi/lib/thumb/cortex-m4/libc.a(lib_a-strspn.o)
 .debug_abbrev  0x0000000000003549       0x4e /usr/lib/gcc/arm-none-eabi/4.8.2/../../../../arm-none-eabi/lib/thumb/cortex-m4/libc.a(lib_a-ctype_.o)

.debug_aranges  0x0000000000000000      0xcc0
 .debug_aranges
                0x0000000000000000       0x38 build/obj/crt0.o
 .debug_aranges
                0x0000000000000038       0x20 build/obj/vectors.o
 .debug_aranges
                0x0000000000000058       0x20 build/obj/chcore.o
 .debug_aranges
                0x0000000000000078       0x50 build/obj/chcore_v7m.o
 .debug_aranges
                0x00000000000000c8       0x30 build/obj/nvic.o
 .debug_aranges
                0x00000000000000f8       0x30 build/obj/chsys.o
 .debug_aranges
                0x0000000000000128       0x88 build/obj/chdebug.o
 .debug_aranges
                0x00000000000001b0       0x30 build/obj/chvt.o
 .debug_aranges
                0x00000000000001e0       0x78 build/obj/chschd.o
 .debug_aranges
                0x0000000000000258       0x90 build/obj/chthreads.o
 .debug_aranges
                0x00000000000002e8       0x28 build/obj/chregistry.o
 .debug_aranges
                0x0000000000000310       0x70 build/obj/chmtx.o
 .debug_aranges
                0x0000000000000380       0xa0 build/obj/chevents.o
 .debug_aranges
                0x0000000000000420       0x80 build/obj/chqueues.o
 .debug_aranges
                0x00000000000004a0       0x38 build/obj/chmemcore.o
 .debug_aranges
                0x00000000000004d8       0x40 build/obj/chheap.o
 .debug_aranges
                0x0000000000000518       0x30 build/obj/hal.o
 .debug_aranges
                0x0000000000000548       0x28 build/obj/mmcsd.o
 .debug_aranges
                0x0000000000000570       0x80 build/obj/sdc.o
 .debug_aranges
                0x00000000000005f0       0x88 build/obj/serial.o
 .debug_aranges
                0x0000000000000678       0xb0 build/obj/stm32_dma.o
 .debug_aranges
                0x0000000000000728       0x30 build/obj/hal_lld.o
 .debug_aranges
                0x0000000000000758       0xc8 build/obj/sdc_lld.o
 .debug_aranges
                0x0000000000000820       0x30 build/obj/pal_lld.o
 .debug_aranges
                0x0000000000000850       0x60 build/obj/serial_lld.o
 .debug_aranges
                0x00000000000008b0       0x38 build/obj/board.o
 .debug_aranges
                0x00000000000008e8       0x48 build/obj/fatfs_diskio.o
 .debug_aranges
                0x0000000000000930       0x28 build/obj/fatfs_syscall.o
 .debug_aranges
                0x0000000000000958      0x188 build/obj/ff.o
 .debug_aranges
                0x0000000000000ae0       0x28 build/obj/ccsbcs.o
 .debug_aranges
                0x0000000000000b08       0x80 build/obj/shell.o
 .debug_aranges
                0x0000000000000b88       0x38 build/obj/chprintf.o
 .debug_aranges
                0x0000000000000bc0       0x48 build/obj/main.o
 .debug_aranges
                0x0000000000000c08       0x20 /usr/lib/gcc/arm-none-eabi/4.8.2/../../../../arm-none-eabi/lib/thumb/cortex-m4/libc.a(lib_a-memcmp.o)
 .debug_aranges
                0x0000000000000c28       0x20 /usr/lib/gcc/arm-none-eabi/4.8.2/../../../../arm-none-eabi/lib/thumb/cortex-m4/libc.a(lib_a-memcpy.o)
 .debug_aranges
                0x0000000000000c48       0x20 /usr/lib/gcc/arm-none-eabi/4.8.2/../../../../arm-none-eabi/lib/thumb/cortex-m4/libc.a(lib_a-strcasecmp.o)
 .debug_aranges
                0x0000000000000c68       0x20 /usr/lib/gcc/arm-none-eabi/4.8.2/../../../../arm-none-eabi/lib/thumb/cortex-m4/libc.a(lib_a-strpbrk.o)
 .debug_aranges
                0x0000000000000c88       0x20 /usr/lib/gcc/arm-none-eabi/4.8.2/../../../../arm-none-eabi/lib/thumb/cortex-m4/libc.a(lib_a-strspn.o)
 .debug_aranges
                0x0000000000000ca8       0x18 /usr/lib/gcc/arm-none-eabi/4.8.2/../../../../arm-none-eabi/lib/thumb/cortex-m4/libc.a(lib_a-ctype_.o)

.debug_ranges   0x0000000000000000      0x9f8
 .debug_ranges  0x0000000000000000       0x28 build/obj/crt0.o
 .debug_ranges  0x0000000000000028       0x10 build/obj/vectors.o
 .debug_ranges  0x0000000000000038       0x10 build/obj/chcore.o
 .debug_ranges  0x0000000000000048       0x40 build/obj/chcore_v7m.o
 .debug_ranges  0x0000000000000088       0x20 build/obj/nvic.o
 .debug_ranges  0x00000000000000a8       0x20 build/obj/chsys.o
 .debug_ranges  0x00000000000000c8       0x78 build/obj/chdebug.o
 .debug_ranges  0x0000000000000140       0x20 build/obj/chvt.o
 .debug_ranges  0x0000000000000160       0x68 build/obj/chschd.o
 .debug_ranges  0x00000000000001c8       0x80 build/obj/chthreads.o
 .debug_ranges  0x0000000000000248       0x18 build/obj/chregistry.o
 .debug_ranges  0x0000000000000260       0x60 build/obj/chmtx.o
 .debug_ranges  0x00000000000002c0       0x90 build/obj/chevents.o
 .debug_ranges  0x0000000000000350       0x70 build/obj/chqueues.o
 .debug_ranges  0x00000000000003c0       0x28 build/obj/chmemcore.o
 .debug_ranges  0x00000000000003e8       0x30 build/obj/chheap.o
 .debug_ranges  0x0000000000000418       0x20 build/obj/hal.o
 .debug_ranges  0x0000000000000438       0x18 build/obj/mmcsd.o
 .debug_ranges  0x0000000000000450       0x70 build/obj/sdc.o
 .debug_ranges  0x00000000000004c0       0x78 build/obj/serial.o
 .debug_ranges  0x0000000000000538       0xa0 build/obj/stm32_dma.o
 .debug_ranges  0x00000000000005d8       0x20 build/obj/hal_lld.o
 .debug_ranges  0x00000000000005f8       0xb8 build/obj/sdc_lld.o
 .debug_ranges  0x00000000000006b0       0x20 build/obj/pal_lld.o
 .debug_ranges  0x00000000000006d0       0x50 build/obj/serial_lld.o
 .debug_ranges  0x0000000000000720       0x28 build/obj/board.o
 .debug_ranges  0x0000000000000748       0x38 build/obj/fatfs_diskio.o
 .debug_ranges  0x0000000000000780       0x18 build/obj/fatfs_syscall.o
 .debug_ranges  0x0000000000000798      0x178 build/obj/ff.o
 .debug_ranges  0x0000000000000910       0x18 build/obj/ccsbcs.o
 .debug_ranges  0x0000000000000928       0x70 build/obj/shell.o
 .debug_ranges  0x0000000000000998       0x28 build/obj/chprintf.o
 .debug_ranges  0x00000000000009c0       0x38 build/obj/main.o

.debug_line     0x0000000000000000     0x5f06
 .debug_line    0x0000000000000000      0x137 build/obj/crt0.o
 .debug_line    0x0000000000000137       0xc4 build/obj/vectors.o
 .debug_line    0x00000000000001fb       0x5b build/obj/chcore.o
 .debug_line    0x0000000000000256      0x1f2 build/obj/chcore_v7m.o
 .debug_line    0x0000000000000448       0xef build/obj/nvic.o
 .debug_line    0x0000000000000537      0x19b build/obj/chsys.o
 .debug_line    0x00000000000006d2      0x2a4 build/obj/chdebug.o
 .debug_line    0x0000000000000976      0x155 build/obj/chvt.o
 .debug_line    0x0000000000000acb      0x2cf build/obj/chschd.o
 .debug_line    0x0000000000000d9a      0x331 build/obj/chthreads.o
 .debug_line    0x00000000000010cb      0x1a6 build/obj/chregistry.o
 .debug_line    0x0000000000001271      0x2e3 build/obj/chmtx.o
 .debug_line    0x0000000000001554      0x337 build/obj/chevents.o
 .debug_line    0x000000000000188b      0x340 build/obj/chqueues.o
 .debug_line    0x0000000000001bcb      0x128 build/obj/chmemcore.o
 .debug_line    0x0000000000001cf3      0x249 build/obj/chheap.o
 .debug_line    0x0000000000001f3c      0x202 build/obj/hal.o
 .debug_line    0x000000000000213e      0x115 build/obj/mmcsd.o
 .debug_line    0x0000000000002253      0x416 build/obj/sdc.o
 .debug_line    0x0000000000002669      0x373 build/obj/serial.o
 .debug_line    0x00000000000029dc      0x338 build/obj/stm32_dma.o
 .debug_line    0x0000000000002d14      0x1b8 build/obj/hal_lld.o
 .debug_line    0x0000000000002ecc      0x498 build/obj/sdc_lld.o
 .debug_line    0x0000000000003364      0x18d build/obj/pal_lld.o
 .debug_line    0x00000000000034f1      0x320 build/obj/serial_lld.o
 .debug_line    0x0000000000003811      0x271 build/obj/board.o
 .debug_line    0x0000000000003a82      0x2c9 build/obj/fatfs_diskio.o
 .debug_line    0x0000000000003d4b       0x9b build/obj/fatfs_syscall.o
 .debug_line    0x0000000000003de6     0x112f build/obj/ff.o
 .debug_line    0x0000000000004f15       0xdd build/obj/ccsbcs.o
 .debug_line    0x0000000000004ff2      0x36e build/obj/shell.o
 .debug_line    0x0000000000005360      0x26b build/obj/chprintf.o
 .debug_line    0x00000000000055cb      0x475 build/obj/main.o
 .debug_line    0x0000000000005a40      0x115 /usr/lib/gcc/arm-none-eabi/4.8.2/../../../../arm-none-eabi/lib/thumb/cortex-m4/libc.a(lib_a-memcmp.o)
 .debug_line    0x0000000000005b55       0xbb /usr/lib/gcc/arm-none-eabi/4.8.2/../../../../arm-none-eabi/lib/thumb/cortex-m4/libc.a(lib_a-memcpy.o)
 .debug_line    0x0000000000005c10       0xd3 /usr/lib/gcc/arm-none-eabi/4.8.2/../../../../arm-none-eabi/lib/thumb/cortex-m4/libc.a(lib_a-strcasecmp.o)
 .debug_line    0x0000000000005ce3       0xc4 /usr/lib/gcc/arm-none-eabi/4.8.2/../../../../arm-none-eabi/lib/thumb/cortex-m4/libc.a(lib_a-strpbrk.o)
 .debug_line    0x0000000000005da7       0xfc /usr/lib/gcc/arm-none-eabi/4.8.2/../../../../arm-none-eabi/lib/thumb/cortex-m4/libc.a(lib_a-strspn.o)
 .debug_line    0x0000000000005ea3       0x63 /usr/lib/gcc/arm-none-eabi/4.8.2/../../../../arm-none-eabi/lib/thumb/cortex-m4/libc.a(lib_a-ctype_.o)

.debug_str      0x0000000000000000     0x2f7f
 .debug_str     0x0000000000000000      0x27b build/obj/crt0.o
                                        0x2c6 (size before relaxing)
 .debug_str     0x000000000000027b      0x148 build/obj/vectors.o
                                        0x2ec (size before relaxing)
 .debug_str     0x00000000000003c3       0x30 build/obj/chcore.o
                                        0x1b4 (size before relaxing)
 .debug_str     0x00000000000003f3      0x2c7 build/obj/chcore_v7m.o
                                        0x490 (size before relaxing)
 .debug_str     0x00000000000006ba       0xbe build/obj/nvic.o
                                        0x2be (size before relaxing)
 .debug_str     0x0000000000000778      0x1cf build/obj/chsys.o
                                        0x55c (size before relaxing)
 .debug_str     0x0000000000000947      0x1a6 build/obj/chdebug.o
                                        0x57e (size before relaxing)
 .debug_str     0x0000000000000aed       0x42 build/obj/chvt.o
                                        0x23f (size before relaxing)
 .debug_str     0x0000000000000b2f       0xfa build/obj/chschd.o
                                        0x4be (size before relaxing)
 .debug_str     0x0000000000000c29      0x10b build/obj/chthreads.o
                                        0x4f4 (size before relaxing)
 .debug_str     0x0000000000000d34       0x45 build/obj/chregistry.o
                                        0x4cb (size before relaxing)
 .debug_str     0x0000000000000d79       0x94 build/obj/chmtx.o
                                        0x42c (size before relaxing)
 .debug_str     0x0000000000000e0d      0x1bc build/obj/chevents.o
                                        0x548 (size before relaxing)
 .debug_str     0x0000000000000fc9      0x129 build/obj/chqueues.o
                                        0x4ce (size before relaxing)
 .debug_str     0x00000000000010f2       0x7e build/obj/chmemcore.o
                                        0x234 (size before relaxing)
 .debug_str     0x0000000000001170       0xbb build/obj/chheap.o
                                        0x414 (size before relaxing)
 .debug_str     0x000000000000122b      0x138 build/obj/hal.o
                                        0x2fc (size before relaxing)
 .debug_str     0x0000000000001363       0x5e build/obj/mmcsd.o
                                        0x220 (size before relaxing)
 .debug_str     0x00000000000013c1      0x304 build/obj/sdc.o
                                        0x69c (size before relaxing)
 .debug_str     0x00000000000016c5      0x13a build/obj/serial.o
                                        0x5a3 (size before relaxing)
 .debug_str     0x00000000000017ff      0x74a build/obj/stm32_dma.o
                                        0x9d4 (size before relaxing)
 .debug_str     0x0000000000001f49       0xce build/obj/hal_lld.o
                                        0x3e0 (size before relaxing)
 .debug_str     0x0000000000002017      0x1f0 build/obj/sdc_lld.o
                                        0xe12 (size before relaxing)
 .debug_str     0x0000000000002207       0xda build/obj/pal_lld.o
                                        0x446 (size before relaxing)
 .debug_str     0x00000000000022e1       0x9d build/obj/serial_lld.o
                                        0xb97 (size before relaxing)
 .debug_str     0x000000000000237e       0x6b build/obj/board.o
                                        0x688 (size before relaxing)
 .debug_str     0x00000000000023e9       0xd1 build/obj/fatfs_diskio.o
                                        0x664 (size before relaxing)
 .debug_str     0x00000000000024ba       0x56 build/obj/fatfs_syscall.o
                                        0x1df (size before relaxing)
 .debug_str     0x0000000000002510      0x4b9 build/obj/ff.o
                                        0x6e2 (size before relaxing)
 .debug_str     0x00000000000029c9       0x52 build/obj/ccsbcs.o
                                        0x1e1 (size before relaxing)
 .debug_str     0x0000000000002a1b      0x191 build/obj/shell.o
                                        0x5f3 (size before relaxing)
 .debug_str     0x0000000000002bac       0xbd build/obj/chprintf.o
                                        0x2eb (size before relaxing)
 .debug_str     0x0000000000002c69       0xd1 build/obj/main.o
                                        0xb3e (size before relaxing)
 .debug_str     0x0000000000002d3a       0xe6 /usr/lib/gcc/arm-none-eabi/4.8.2/../../../../arm-none-eabi/lib/thumb/cortex-m4/libc.a(lib_a-memcmp.o)
                                        0x17f (size before relaxing)
 .debug_str     0x0000000000002e20       0x58 /usr/lib/gcc/arm-none-eabi/4.8.2/../../../../arm-none-eabi/lib/thumb/cortex-m4/libc.a(lib_a-strcasecmp.o)
                                        0x198 (size before relaxing)
 .debug_str     0x0000000000002e78       0x3a /usr/lib/gcc/arm-none-eabi/4.8.2/../../../../arm-none-eabi/lib/thumb/cortex-m4/libc.a(lib_a-strpbrk.o)
                                        0x17a (size before relaxing)
 .debug_str     0x0000000000002eb2       0x38 /usr/lib/gcc/arm-none-eabi/4.8.2/../../../../arm-none-eabi/lib/thumb/cortex-m4/libc.a(lib_a-strspn.o)
                                        0x17f (size before relaxing)
 .debug_str     0x0000000000002eea       0x95 /usr/lib/gcc/arm-none-eabi/4.8.2/../../../../arm-none-eabi/lib/thumb/cortex-m4/libc.a(lib_a-ctype_.o)
                                        0x101 (size before relaxing)

.comment        0x0000000000000000       0x1d
 .comment       0x0000000000000000       0x1d build/obj/crt0.o
                                         0x1e (size before relaxing)
 .comment       0x0000000000000000       0x1e build/obj/vectors.o
 .comment       0x0000000000000000       0x1e build/obj/chcore.o
 .comment       0x0000000000000000       0x1e build/obj/chcore_v7m.o
 .comment       0x0000000000000000       0x1e build/obj/nvic.o
 .comment       0x0000000000000000       0x1e build/obj/chsys.o
 .comment       0x0000000000000000       0x1e build/obj/chdebug.o
 .comment       0x0000000000000000       0x1e build/obj/chvt.o
 .comment       0x0000000000000000       0x1e build/obj/chschd.o
 .comment       0x0000000000000000       0x1e build/obj/chthreads.o
 .comment       0x0000000000000000       0x1e build/obj/chregistry.o
 .comment       0x0000000000000000       0x1e build/obj/chmtx.o
 .comment       0x0000000000000000       0x1e build/obj/chevents.o
 .comment       0x0000000000000000       0x1e build/obj/chqueues.o
 .comment       0x0000000000000000       0x1e build/obj/chmemcore.o
 .comment       0x0000000000000000       0x1e build/obj/chheap.o
 .comment       0x0000000000000000       0x1e build/obj/hal.o
 .comment       0x0000000000000000       0x1e build/obj/mmcsd.o
 .comment       0x0000000000000000       0x1e build/obj/sdc.o
 .comment       0x0000000000000000       0x1e build/obj/serial.o
 .comment       0x0000000000000000       0x1e build/obj/stm32_dma.o
 .comment       0x0000000000000000       0x1e build/obj/hal_lld.o
 .comment       0x0000000000000000       0x1e build/obj/sdc_lld.o
 .comment       0x0000000000000000       0x1e build/obj/pal_lld.o
 .comment       0x0000000000000000       0x1e build/obj/serial_lld.o
 .comment       0x0000000000000000       0x1e build/obj/board.o
 .comment       0x0000000000000000       0x1e build/obj/fatfs_diskio.o
 .comment       0x0000000000000000       0x1e build/obj/fatfs_syscall.o
 .comment       0x0000000000000000       0x1e build/obj/ff.o
 .comment       0x0000000000000000       0x1e build/obj/ccsbcs.o
 .comment       0x0000000000000000       0x1e build/obj/shell.o
 .comment       0x0000000000000000       0x1e build/obj/chprintf.o
 .comment       0x0000000000000000       0x1e build/obj/main.o
 .comment       0x0000000000000000       0x1e /usr/lib/gcc/arm-none-eabi/4.8.2/../../../../arm-none-eabi/lib/thumb/cortex-m4/libc.a(lib_a-memcmp.o)
 .comment       0x0000000000000000       0x1e /usr/lib/gcc/arm-none-eabi/4.8.2/../../../../arm-none-eabi/lib/thumb/cortex-m4/libc.a(lib_a-strcasecmp.o)
 .comment       0x0000000000000000       0x1e /usr/lib/gcc/arm-none-eabi/4.8.2/../../../../arm-none-eabi/lib/thumb/cortex-m4/libc.a(lib_a-strpbrk.o)
 .comment       0x0000000000000000       0x1e /usr/lib/gcc/arm-none-eabi/4.8.2/../../../../arm-none-eabi/lib/thumb/cortex-m4/libc.a(lib_a-strspn.o)
 .comment       0x0000000000000000       0x1e /usr/lib/gcc/arm-none-eabi/4.8.2/../../../../arm-none-eabi/lib/thumb/cortex-m4/libc.a(lib_a-ctype_.o)

.ARM.attributes
                0x0000000000000000       0x31
 .ARM.attributes
                0x0000000000000000       0x33 build/obj/crt0.o
 .ARM.attributes
                0x0000000000000033       0x33 build/obj/vectors.o
 .ARM.attributes
                0x0000000000000066       0x33 build/obj/chcore.o
 .ARM.attributes
                0x0000000000000099       0x33 build/obj/chcore_v7m.o
 .ARM.attributes
                0x00000000000000cc       0x33 build/obj/nvic.o
 .ARM.attributes
                0x00000000000000ff       0x33 build/obj/chsys.o
 .ARM.attributes
                0x0000000000000132       0x33 build/obj/chdebug.o
 .ARM.attributes
                0x0000000000000165       0x33 build/obj/chvt.o
 .ARM.attributes
                0x0000000000000198       0x33 build/obj/chschd.o
 .ARM.attributes
                0x00000000000001cb       0x33 build/obj/chthreads.o
 .ARM.attributes
                0x00000000000001fe       0x33 build/obj/chregistry.o
 .ARM.attributes
                0x0000000000000231       0x33 build/obj/chmtx.o
 .ARM.attributes
                0x0000000000000264       0x33 build/obj/chevents.o
 .ARM.attributes
                0x0000000000000297       0x33 build/obj/chqueues.o
 .ARM.attributes
                0x00000000000002ca       0x33 build/obj/chmemcore.o
 .ARM.attributes
                0x00000000000002fd       0x33 build/obj/chheap.o
 .ARM.attributes
                0x0000000000000330       0x33 build/obj/hal.o
 .ARM.attributes
                0x0000000000000363       0x33 build/obj/mmcsd.o
 .ARM.attributes
                0x0000000000000396       0x33 build/obj/sdc.o
 .ARM.attributes
                0x00000000000003c9       0x33 build/obj/serial.o
 .ARM.attributes
                0x00000000000003fc       0x33 build/obj/stm32_dma.o
 .ARM.attributes
                0x000000000000042f       0x33 build/obj/hal_lld.o
 .ARM.attributes
                0x0000000000000462       0x33 build/obj/sdc_lld.o
 .ARM.attributes
                0x0000000000000495       0x33 build/obj/pal_lld.o
 .ARM.attributes
                0x00000000000004c8       0x33 build/obj/serial_lld.o
 .ARM.attributes
                0x00000000000004fb       0x33 build/obj/board.o
 .ARM.attributes
                0x000000000000052e       0x33 build/obj/fatfs_diskio.o
 .ARM.attributes
                0x0000000000000561       0x33 build/obj/fatfs_syscall.o
 .ARM.attributes
                0x0000000000000594       0x33 build/obj/ff.o
 .ARM.attributes
                0x00000000000005c7       0x33 build/obj/ccsbcs.o
 .ARM.attributes
                0x00000000000005fa       0x33 build/obj/shell.o
 .ARM.attributes
                0x000000000000062d       0x33 build/obj/chprintf.o
 .ARM.attributes
                0x0000000000000660       0x33 build/obj/main.o
 .ARM.attributes
                0x0000000000000693       0x33 /usr/lib/gcc/arm-none-eabi/4.8.2/../../../../arm-none-eabi/lib/thumb/cortex-m4/libc.a(lib_a-memcmp.o)
 .ARM.attributes
                0x00000000000006c6       0x21 /usr/lib/gcc/arm-none-eabi/4.8.2/../../../../arm-none-eabi/lib/thumb/cortex-m4/libc.a(lib_a-memcpy.o)
 .ARM.attributes
                0x00000000000006e7       0x33 /usr/lib/gcc/arm-none-eabi/4.8.2/../../../../arm-none-eabi/lib/thumb/cortex-m4/libc.a(lib_a-strcasecmp.o)
 .ARM.attributes
                0x000000000000071a       0x33 /usr/lib/gcc/arm-none-eabi/4.8.2/../../../../arm-none-eabi/lib/thumb/cortex-m4/libc.a(lib_a-strpbrk.o)
 .ARM.attributes
                0x000000000000074d       0x33 /usr/lib/gcc/arm-none-eabi/4.8.2/../../../../arm-none-eabi/lib/thumb/cortex-m4/libc.a(lib_a-strspn.o)
 .ARM.attributes
                0x0000000000000780       0x33 /usr/lib/gcc/arm-none-eabi/4.8.2/../../../../arm-none-eabi/lib/thumb/cortex-m4/libc.a(lib_a-ctype_.o)

.debug_frame    0x0000000000000000     0x1fd8
 .debug_frame   0x0000000000000000       0x50 build/obj/crt0.o
 .debug_frame   0x0000000000000050       0x20 build/obj/vectors.o
 .debug_frame   0x0000000000000070       0x20 build/obj/chcore.o
 .debug_frame   0x0000000000000090       0xac build/obj/chcore_v7m.o
 .debug_frame   0x000000000000013c       0x64 build/obj/nvic.o
 .debug_frame   0x00000000000001a0       0x5c build/obj/chsys.o
 .debug_frame   0x00000000000001fc      0x184 build/obj/chdebug.o
 .debug_frame   0x0000000000000380       0x58 build/obj/chvt.o
 .debug_frame   0x00000000000003d8      0x144 build/obj/chschd.o
 .debug_frame   0x000000000000051c      0x194 build/obj/chthreads.o
 .debug_frame   0x00000000000006b0       0x48 build/obj/chregistry.o
 .debug_frame   0x00000000000006f8      0x12c build/obj/chmtx.o
 .debug_frame   0x0000000000000824      0x1e4 build/obj/chevents.o
 .debug_frame   0x0000000000000a08      0x15c build/obj/chqueues.o
 .debug_frame   0x0000000000000b64       0x68 build/obj/chmemcore.o
 .debug_frame   0x0000000000000bcc       0x9c build/obj/chheap.o
 .debug_frame   0x0000000000000c68       0x5c build/obj/hal.o
 .debug_frame   0x0000000000000cc4       0x48 build/obj/mmcsd.o
 .debug_frame   0x0000000000000d0c      0x174 build/obj/sdc.o
 .debug_frame   0x0000000000000e80      0x198 build/obj/serial.o
 .debug_frame   0x0000000000001018      0x21c build/obj/stm32_dma.o
 .debug_frame   0x0000000000001234       0x4c build/obj/hal_lld.o
 .debug_frame   0x0000000000001280      0x248 build/obj/sdc_lld.o
 .debug_frame   0x00000000000014c8       0x54 build/obj/pal_lld.o
 .debug_frame   0x000000000000151c       0xf4 build/obj/serial_lld.o
 .debug_frame   0x0000000000001610       0x64 build/obj/board.o
 .debug_frame   0x0000000000001674       0xac build/obj/fatfs_diskio.o
 .debug_frame   0x0000000000001720       0x48 build/obj/fatfs_syscall.o
 .debug_frame   0x0000000000001768      0x4d0 build/obj/ff.o
 .debug_frame   0x0000000000001c38       0x38 build/obj/ccsbcs.o
 .debug_frame   0x0000000000001c70      0x17c build/obj/shell.o
 .debug_frame   0x0000000000001dec       0x80 build/obj/chprintf.o
 .debug_frame   0x0000000000001e6c       0xc0 build/obj/main.o
 .debug_frame   0x0000000000001f2c       0x2c /usr/lib/gcc/arm-none-eabi/4.8.2/../../../../arm-none-eabi/lib/thumb/cortex-m4/libc.a(lib_a-memcmp.o)
 .debug_frame   0x0000000000001f58       0x28 /usr/lib/gcc/arm-none-eabi/4.8.2/../../../../arm-none-eabi/lib/thumb/cortex-m4/libc.a(lib_a-strcasecmp.o)
 .debug_frame   0x0000000000001f80       0x2c /usr/lib/gcc/arm-none-eabi/4.8.2/../../../../arm-none-eabi/lib/thumb/cortex-m4/libc.a(lib_a-strpbrk.o)
 .debug_frame   0x0000000000001fac       0x2c /usr/lib/gcc/arm-none-eabi/4.8.2/../../../../arm-none-eabi/lib/thumb/cortex-m4/libc.a(lib_a-strspn.o)

.debug_loc      0x0000000000000000      0x41d
 .debug_loc     0x0000000000000000       0xe3 /usr/lib/gcc/arm-none-eabi/4.8.2/../../../../arm-none-eabi/lib/thumb/cortex-m4/libc.a(lib_a-memcmp.o)
 .debug_loc     0x00000000000000e3      0x191 /usr/lib/gcc/arm-none-eabi/4.8.2/../../../../arm-none-eabi/lib/thumb/cortex-m4/libc.a(lib_a-strcasecmp.o)
 .debug_loc     0x0000000000000274       0xa4 /usr/lib/gcc/arm-none-eabi/4.8.2/../../../../arm-none-eabi/lib/thumb/cortex-m4/libc.a(lib_a-strpbrk.o)
 .debug_loc     0x0000000000000318      0x105 /usr/lib/gcc/arm-none-eabi/4.8.2/../../../../arm-none-eabi/lib/thumb/cortex-m4/libc.a(lib_a-strspn.o)

Cross Reference Table

Symbol                                            File
BusFaultVector                                    build/obj/vectors.o
DebugMonitorVector                                build/obj/vectors.o
HardFaultVector                                   build/obj/vectors.o
MemManageVector                                   build/obj/vectors.o
NMIVector                                         build/obj/vectors.o
PendSVVector                                      build/obj/vectors.o
ResetHandler                                      build/obj/crt0.o
                                                  build/obj/vectors.o
SD2                                               build/obj/serial_lld.o
                                                  build/obj/main.o
SDCD1                                             build/obj/sdc_lld.o
                                                  build/obj/main.o
                                                  build/obj/fatfs_diskio.o
SVCallVector                                      build/obj/chcore_v7m.o
                                                  build/obj/vectors.o
SysTickVector                                     build/obj/chcore_v7m.o
                                                  build/obj/vectors.o
UsageFaultVector                                  build/obj/vectors.o
Vector100                                         build/obj/vectors.o
Vector104                                         build/obj/sdc_lld.o
                                                  build/obj/vectors.o
Vector108                                         build/obj/vectors.o
Vector10C                                         build/obj/vectors.o
Vector110                                         build/obj/vectors.o
Vector114                                         build/obj/vectors.o
Vector118                                         build/obj/vectors.o
Vector11C                                         build/obj/vectors.o
Vector120                                         build/obj/stm32_dma.o
                                                  build/obj/vectors.o
Vector124                                         build/obj/stm32_dma.o
                                                  build/obj/vectors.o
Vector128                                         build/obj/stm32_dma.o
                                                  build/obj/vectors.o
Vector12C                                         build/obj/stm32_dma.o
                                                  build/obj/vectors.o
Vector130                                         build/obj/stm32_dma.o
                                                  build/obj/vectors.o
Vector134                                         build/obj/vectors.o
Vector138                                         build/obj/vectors.o
Vector13C                                         build/obj/vectors.o
Vector140                                         build/obj/vectors.o
Vector144                                         build/obj/vectors.o
Vector148                                         build/obj/vectors.o
Vector14C                                         build/obj/vectors.o
Vector150                                         build/obj/stm32_dma.o
                                                  build/obj/vectors.o
Vector154                                         build/obj/stm32_dma.o
                                                  build/obj/vectors.o
Vector158                                         build/obj/stm32_dma.o
                                                  build/obj/vectors.o
Vector15C                                         build/obj/vectors.o
Vector160                                         build/obj/vectors.o
Vector164                                         build/obj/vectors.o
Vector168                                         build/obj/vectors.o
Vector16C                                         build/obj/vectors.o
Vector170                                         build/obj/vectors.o
Vector174                                         build/obj/vectors.o
Vector178                                         build/obj/vectors.o
Vector17C                                         build/obj/vectors.o
Vector180                                         build/obj/vectors.o
Vector184                                         build/obj/vectors.o
Vector1C                                          build/obj/vectors.o
Vector20                                          build/obj/vectors.o
Vector24                                          build/obj/vectors.o
Vector28                                          build/obj/vectors.o
Vector34                                          build/obj/vectors.o
Vector40                                          build/obj/vectors.o
Vector44                                          build/obj/vectors.o
Vector48                                          build/obj/vectors.o
Vector4C                                          build/obj/vectors.o
Vector50                                          build/obj/vectors.o
Vector54                                          build/obj/vectors.o
Vector58                                          build/obj/vectors.o
Vector5C                                          build/obj/vectors.o
Vector60                                          build/obj/vectors.o
Vector64                                          build/obj/vectors.o
Vector68                                          build/obj/vectors.o
Vector6C                                          build/obj/stm32_dma.o
                                                  build/obj/vectors.o
Vector70                                          build/obj/stm32_dma.o
                                                  build/obj/vectors.o
Vector74                                          build/obj/stm32_dma.o
                                                  build/obj/vectors.o
Vector78                                          build/obj/stm32_dma.o
                                                  build/obj/vectors.o
Vector7C                                          build/obj/stm32_dma.o
                                                  build/obj/vectors.o
Vector80                                          build/obj/stm32_dma.o
                                                  build/obj/vectors.o
Vector84                                          build/obj/stm32_dma.o
                                                  build/obj/vectors.o
Vector88                                          build/obj/vectors.o
Vector8C                                          build/obj/vectors.o
Vector90                                          build/obj/vectors.o
Vector94                                          build/obj/vectors.o
Vector98                                          build/obj/vectors.o
Vector9C                                          build/obj/vectors.o
VectorA0                                          build/obj/vectors.o
VectorA4                                          build/obj/vectors.o
VectorA8                                          build/obj/vectors.o
VectorAC                                          build/obj/vectors.o
VectorB0                                          build/obj/vectors.o
VectorB4                                          build/obj/vectors.o
VectorB8                                          build/obj/vectors.o
VectorBC                                          build/obj/vectors.o
VectorC0                                          build/obj/vectors.o
VectorC4                                          build/obj/vectors.o
VectorC8                                          build/obj/vectors.o
VectorCC                                          build/obj/vectors.o
VectorD0                                          build/obj/vectors.o
VectorD4                                          build/obj/vectors.o
VectorD8                                          build/obj/serial_lld.o
                                                  build/obj/vectors.o
VectorDC                                          build/obj/vectors.o
VectorE0                                          build/obj/vectors.o
VectorE4                                          build/obj/vectors.o
VectorE8                                          build/obj/vectors.o
VectorEC                                          build/obj/vectors.o
VectorF0                                          build/obj/vectors.o
VectorF4                                          build/obj/vectors.o
VectorF8                                          build/obj/vectors.o
VectorFC                                          build/obj/stm32_dma.o
                                                  build/obj/vectors.o
__ctype_ptr__                                     /usr/lib/gcc/arm-none-eabi/4.8.2/../../../../arm-none-eabi/lib/thumb/cortex-m4/libc.a(lib_a-ctype_.o)
                                                  /usr/lib/gcc/arm-none-eabi/4.8.2/../../../../arm-none-eabi/lib/thumb/cortex-m4/libc.a(lib_a-strcasecmp.o)
__early_init                                      build/obj/board.o
                                                  build/obj/crt0.o
__fini_array_end                                  build/obj/crt0.o
__fini_array_start                                build/obj/crt0.o
__heap_base__                                     build/obj/chmemcore.o
__heap_end__                                      build/obj/chmemcore.o
__init_array_end                                  build/obj/crt0.o
__init_array_start                                build/obj/crt0.o
__late_init                                       build/obj/crt0.o
__main_stack_base__                               build/obj/crt0.o
__main_stack_end__                                build/obj/vectors.o
                                                  build/obj/crt0.o
__main_thread_stack_base__                        build/obj/chsys.o
__process_stack_base__                            build/obj/crt0.o
__process_stack_end__                             build/obj/crt0.o
_bss_end                                          build/obj/crt0.o
_bss_start                                        build/obj/crt0.o
_close_r                                          build/obj/syscalls.o
_core_init                                        build/obj/chmemcore.o
                                                  build/obj/chsys.o
_ctype_                                           /usr/lib/gcc/arm-none-eabi/4.8.2/../../../../arm-none-eabi/lib/thumb/cortex-m4/libc.a(lib_a-ctype_.o)
_data                                             build/obj/crt0.o
_default_exit                                     build/obj/crt0.o
_edata                                            build/obj/crt0.o
_fstat_r                                          build/obj/syscalls.o
_heap_init                                        build/obj/chheap.o
                                                  build/obj/chsys.o
_idle_thread                                      build/obj/chsys.o
_idle_thread_wa                                   build/obj/chsys.o
_isatty_r                                         build/obj/syscalls.o
_lseek_r                                          build/obj/syscalls.o
_pal_lld_init                                     build/obj/pal_lld.o
                                                  build/obj/hal.o
_pal_lld_setgroupmode                             build/obj/pal_lld.o
                                                  build/obj/main.o
                                                  build/obj/pal.o
_port_init                                        build/obj/chcore_v7m.o
                                                  build/obj/chsys.o
_port_irq_epilogue                                build/obj/chcore_v7m.o
                                                  build/obj/serial_lld.o
                                                  build/obj/sdc_lld.o
                                                  build/obj/stm32_dma.o
_port_switch                                      build/obj/chcore_v7m.o
                                                  build/obj/chschd.o
_port_switch_from_isr                             build/obj/chcore_v7m.o
_port_thread_start                                build/obj/chcore_v7m.o
                                                  build/obj/chthreads.o
_read_r                                           build/obj/syscalls.o
_sbrk_r                                           build/obj/syscalls.o
_scheduler_init                                   build/obj/chschd.o
                                                  build/obj/chsys.o
_sdc_wait_for_transfer_state                      build/obj/sdc.o
                                                  build/obj/sdc_lld.o
_stm32_dma_streams                                build/obj/stm32_dma.o
                                                  build/obj/sdc_lld.o
_textdata                                         build/obj/crt0.o
_thread_init                                      build/obj/chthreads.o
                                                  build/obj/chsys.o
_thread_memfill                                   build/obj/chthreads.o
                                                  build/obj/chdynamic.o
_trace_init                                       build/obj/chdebug.o
                                                  build/obj/chsys.o
_unhandled_exception                              build/obj/vectors.o
_vectors                                          build/obj/vectors.o
_vt_init                                          build/obj/chvt.o
                                                  build/obj/chsys.o
_write_r                                          build/obj/syscalls.o
badblocks                                         build/obj/main.o
boardInit                                         build/obj/board.o
                                                  build/obj/hal.o
chCondBroadcast                                   build/obj/chcond.o
chCondBroadcastI                                  build/obj/chcond.o
chCondInit                                        build/obj/chcond.o
chCondSignal                                      build/obj/chcond.o
chCondSignalI                                     build/obj/chcond.o
chCondWait                                        build/obj/chcond.o
chCondWaitS                                       build/obj/chcond.o
chCondWaitTimeout                                 build/obj/chcond.o
chCondWaitTimeoutS                                build/obj/chcond.o
chCoreAlloc                                       build/obj/chmemcore.o
                                                  build/obj/syscalls.o
                                                  build/obj/chheap.o
chCoreAllocI                                      build/obj/chmemcore.o
chCoreStatus                                      build/obj/chmemcore.o
chDbgCheckClassI                                  build/obj/chdebug.o
                                                  build/obj/serial.o
                                                  build/obj/chmempools.o
                                                  build/obj/chmemcore.o
                                                  build/obj/chqueues.o
                                                  build/obj/chmboxes.o
                                                  build/obj/chevents.o
                                                  build/obj/chcond.o
                                                  build/obj/chsem.o
                                                  build/obj/chthreads.o
                                                  build/obj/chschd.o
                                                  build/obj/chvt.o
                                                  build/obj/chsys.o